../app_core/chaos_sdk/buffers/ringbuf.c:34:6:ringbuf_init	24	static
../app_core/chaos_sdk/buffers/ringbuf.c:16:18:ringbuf_new	16	static
../app_core/chaos_sdk/buffers/ringbuf.c:56:6:ringbuf_install_buf	0	static
../app_core/chaos_sdk/buffers/ringbuf.c:68:5:ringbuf_get	40	static
../app_core/chaos_sdk/buffers/ringbuf.c:106:4:ringbuf_getc	8	static
../app_core/chaos_sdk/buffers/ringbuf.c:138:1:ringbuf_get_u16	16	static
../app_core/chaos_sdk/buffers/ringbuf.c:139:1:ringbuf_get_u32	16	static
../app_core/chaos_sdk/buffers/ringbuf.c:140:1:ringbuf_get_u64	16	static
../app_core/chaos_sdk/buffers/ringbuf.c:141:1:ringbuf_get_i16	16	static
../app_core/chaos_sdk/buffers/ringbuf.c:142:1:ringbuf_get_i32	16	static
../app_core/chaos_sdk/buffers/ringbuf.c:143:1:ringbuf_get_i64	16	static
../app_core/chaos_sdk/buffers/ringbuf.c:144:1:ringbuf_get_f32	16	static
../app_core/chaos_sdk/buffers/ringbuf.c:145:1:ringbuf_get_f64	16	static
../app_core/chaos_sdk/buffers/ringbuf.c:151:5:ringbuf_peek	32	static
../app_core/chaos_sdk/buffers/ringbuf.c:186:4:ringbuf_peekc	8	static
../app_core/chaos_sdk/buffers/ringbuf.c:215:1:ringbuf_peek_u16	16	static
../app_core/chaos_sdk/buffers/ringbuf.c:216:1:ringbuf_peek_u32	16	static
../app_core/chaos_sdk/buffers/ringbuf.c:217:1:ringbuf_peek_u64	16	static
../app_core/chaos_sdk/buffers/ringbuf.c:218:1:ringbuf_peek_i16	16	static
../app_core/chaos_sdk/buffers/ringbuf.c:219:1:ringbuf_peek_i32	16	static
../app_core/chaos_sdk/buffers/ringbuf.c:220:1:ringbuf_peek_i64	16	static
../app_core/chaos_sdk/buffers/ringbuf.c:221:1:ringbuf_peek_f32	16	static
../app_core/chaos_sdk/buffers/ringbuf.c:222:1:ringbuf_peek_f64	16	static
../app_core/chaos_sdk/buffers/ringbuf.c:226:5:ringbuf_put	40	static
../app_core/chaos_sdk/buffers/ringbuf.c:266:6:ringbuf_putc	16	static
../app_core/chaos_sdk/buffers/ringbuf.c:300:1:ringbuf_put_u16	16	static
../app_core/chaos_sdk/buffers/ringbuf.c:301:1:ringbuf_put_u32	16	static
../app_core/chaos_sdk/buffers/ringbuf.c:302:1:ringbuf_put_u64	16	static
../app_core/chaos_sdk/buffers/ringbuf.c:303:1:ringbuf_put_i16	16	static
../app_core/chaos_sdk/buffers/ringbuf.c:304:1:ringbuf_put_i32	16	static
../app_core/chaos_sdk/buffers/ringbuf.c:305:1:ringbuf_put_i64	16	static
../app_core/chaos_sdk/buffers/ringbuf.c:306:1:ringbuf_put_f32	16	static
../app_core/chaos_sdk/buffers/ringbuf.c:307:1:ringbuf_put_f64	16	static
