../app_core/bc_power.cpp:86:6:static void BC_Power::uart_tx_callback(status_t, PoolContainer*)	0	static
C:\ST\STM32CubeIDE_1.15.0\STM32CubeIDE\plugins\com.st.stm32cube.ide.mcu.externaltools.gnu-tools-for-stm32.12.3.rel1.win32_1.0.100.202403111256\tools\arm-none-eabi\include\c++\12.3.1\bits\std_function.h:267:7:), _Functor>::_M_manager(std::_Any_data&, const std::_Any_data&, std::_Manager_operation) [with _Res = void; _Functor = BC_Power::BC_Power()::<lambda(RingBuff&, u8)>; _ArgTypes = {RingBuff&, unsigned char}]	0	static
C:/Users/admin/Documents/Work/STM32/Target/BC_Power_PWM/app_core/chaos_pp/buffers/PoolContainer.h:21:2:virtual PoolContainer::~PoolContainer()	16	static
C:\ST\STM32CubeIDE_1.15.0\STM32CubeIDE\plugins\com.st.stm32cube.ide.mcu.externaltools.gnu-tools-for-stm32.12.3.rel1.win32_1.0.100.202403111256\tools\arm-none-eabi\include\c++\12.3.1\bits\std_function.h:288:7:) [with _Res = void; _Functor = BC_Power::BC_Power()::<lambda(RingBuff&, u8)>; _ArgTypes = {RingBuff&, unsigned char}]	16	static
../app_core/bc_power.cpp:93:6:static void BC_Power::uart_rx_callback(u8*, u32, RawParserDynamic*)	8	static
C:/Users/admin/Documents/Work/STM32/Target/BC_Power_PWM/app_core/chaos_pp/buffers/PoolContainer.h:21:2:PoolContainer::~PoolContainer()	16	static
../app_core/bc_power.cpp:66:18:void __tcf_0()	16	static
../app_core/bc_power.cpp:70:6:void BC_Power::loop()	24	static
../app_core/bc_power.cpp:100:6:void BC_Power::init_hw()	16	static
../app_core/bc_power.cpp:13:1:BC_Power::BC_Power()	80	static
../app_core/bc_power.cpp:64:11:static BC_Power& BC_Power::instance()	8	static
