C:\ST\STM32CubeIDE_1.15.0\STM32CubeIDE\plugins\com.st.stm32cube.ide.mcu.externaltools.gnu-tools-for-stm32.12.3.rel1.win32_1.0.100.202403111256\tools\arm-none-eabi\include\c++\12.3.1\bits\std_function.h:267:7:), _Functor>::_M_manager(std::_Any_data&, const std::_Any_data&, std::_Manager_operation) [with _Res = bool; _Functor = ProtocolSender::proceed(uint32_t)::<lambda(Key_tps1htc30Group::KeyGroup*, uint8_t, uint8_t)>; _ArgTypes = {Key_tps1htc30Group::KeyGroup*, unsigned char, unsigned char}]	0	static
../app_core/ProtocolSender.cpp:27:13:void pingWorker(ringbuf_t*, u8, ProtocolSender*)	24	static
../app_core/ProtocolSender.cpp:48:13:void setKey(ringbuf_t*, u8, ProtocolSender*)	32	static
../app_core/ProtocolSender.cpp:16:13:void uart_tx_callback(status_t, pool_container_t*)	8	static
../app_core/ProtocolSender.cpp:11:13:void uart_rx_callback(const uint8_t*, uint32_t, RawParser_dynamic_t*)	8	static
../app_core/ProtocolSender.cpp:73:13:void rx_callback(ringbuf_t*, ProtocolSender*)	32	static
C:\ST\STM32CubeIDE_1.15.0\STM32CubeIDE\plugins\com.st.stm32cube.ide.mcu.externaltools.gnu-tools-for-stm32.12.3.rel1.win32_1.0.100.202403111256\tools\arm-none-eabi\include\c++\12.3.1\bits\std_function.h:288:7:) [with _Res = bool; _Functor = ProtocolSender::proceed(uint32_t)::<lambda(Key_tps1htc30Group::KeyGroup*, uint8_t, uint8_t)>; _ArgTypes = {Key_tps1htc30Group::KeyGroup*, unsigned char, unsigned char}]	24	static
../app_core/ProtocolSender.cpp:99:10:status_t ProtocolSender::init(UART_HandleTypeDef*)	48	static
../app_core/ProtocolSender.cpp:139:6:void ProtocolSender::proceed(uint32_t)	40	static
