Archive member included to satisfy reference by file (symbol)

C:/ST/STM32CubeIDE_1.15.0/STM32CubeIDE/plugins/com.st.stm32cube.ide.mcu.externaltools.gnu-tools-for-stm32.12.3.rel1.win32_1.0.100.202403111256/tools/bin/../lib/gcc/arm-none-eabi/12.3.1/../../../../arm-none-eabi/lib/thumb/v7-m/nofp\libstdc++_nano.a(del_ops.o)
                              ./app_core/tools/math/PID.o (operator delete(void*, unsigned int))
C:/ST/STM32CubeIDE_1.15.0/STM32CubeIDE/plugins/com.st.stm32cube.ide.mcu.externaltools.gnu-tools-for-stm32.12.3.rel1.win32_1.0.100.202403111256/tools/bin/../lib/gcc/arm-none-eabi/12.3.1/../../../../arm-none-eabi/lib/thumb/v7-m/nofp\libstdc++_nano.a(guard.o)
                              ./app_core/app_core.o (__cxa_guard_acquire)
C:/ST/STM32CubeIDE_1.15.0/STM32CubeIDE/plugins/com.st.stm32cube.ide.mcu.externaltools.gnu-tools-for-stm32.12.3.rel1.win32_1.0.100.202403111256/tools/bin/../lib/gcc/arm-none-eabi/12.3.1/../../../../arm-none-eabi/lib/thumb/v7-m/nofp\libstdc++_nano.a(new_op.o)
                              ./app_core/tools/timer/TimingManager.o (operator new(unsigned int))
C:/ST/STM32CubeIDE_1.15.0/STM32CubeIDE/plugins/com.st.stm32cube.ide.mcu.externaltools.gnu-tools-for-stm32.12.3.rel1.win32_1.0.100.202403111256/tools/bin/../lib/gcc/arm-none-eabi/12.3.1/../../../../arm-none-eabi/lib/thumb/v7-m/nofp\libstdc++_nano.a(functexcept.o)
                              ./app_core/tools/timer/TimingManager.o (std::__throw_bad_alloc())
C:/ST/STM32CubeIDE_1.15.0/STM32CubeIDE/plugins/com.st.stm32cube.ide.mcu.externaltools.gnu-tools-for-stm32.12.3.rel1.win32_1.0.100.202403111256/tools/bin/../lib/gcc/arm-none-eabi/12.3.1/../../../../arm-none-eabi/lib/thumb/v7-m/nofp\libstdc++_nano.a(functional.o)
                              ./app_core/tools/timer/ProgramTimer.o (std::__throw_bad_function_call())
C:/ST/STM32CubeIDE_1.15.0/STM32CubeIDE/plugins/com.st.stm32cube.ide.mcu.externaltools.gnu-tools-for-stm32.12.3.rel1.win32_1.0.100.202403111256/tools/bin/../lib/gcc/arm-none-eabi/12.3.1/../../../../arm-none-eabi/lib/thumb/v7-m/nofp\libstdc++_nano.a(del_op.o)
                              C:/ST/STM32CubeIDE_1.15.0/STM32CubeIDE/plugins/com.st.stm32cube.ide.mcu.externaltools.gnu-tools-for-stm32.12.3.rel1.win32_1.0.100.202403111256/tools/bin/../lib/gcc/arm-none-eabi/12.3.1/../../../../arm-none-eabi/lib/thumb/v7-m/nofp\libstdc++_nano.a(del_ops.o) (operator delete(void*))
C:/ST/STM32CubeIDE_1.15.0/STM32CubeIDE/plugins/com.st.stm32cube.ide.mcu.externaltools.gnu-tools-for-stm32.12.3.rel1.win32_1.0.100.202403111256/tools/bin/../lib/gcc/arm-none-eabi/12.3.1/../../../../arm-none-eabi/lib/thumb/v7-m/nofp\libstdc++_nano.a(eh_exception.o)
                              C:/ST/STM32CubeIDE_1.15.0/STM32CubeIDE/plugins/com.st.stm32cube.ide.mcu.externaltools.gnu-tools-for-stm32.12.3.rel1.win32_1.0.100.202403111256/tools/bin/../lib/gcc/arm-none-eabi/12.3.1/../../../../arm-none-eabi/lib/thumb/v7-m/nofp\libstdc++_nano.a(functional.o) (std::exception::~exception())
C:/ST/STM32CubeIDE_1.15.0/STM32CubeIDE/plugins/com.st.stm32cube.ide.mcu.externaltools.gnu-tools-for-stm32.12.3.rel1.win32_1.0.100.202403111256/tools/bin/../lib/gcc/arm-none-eabi/12.3.1/../../../../arm-none-eabi/lib/thumb/v7-m/nofp\libstdc++_nano.a(new_handler.o)
                              C:/ST/STM32CubeIDE_1.15.0/STM32CubeIDE/plugins/com.st.stm32cube.ide.mcu.externaltools.gnu-tools-for-stm32.12.3.rel1.win32_1.0.100.202403111256/tools/bin/../lib/gcc/arm-none-eabi/12.3.1/../../../../arm-none-eabi/lib/thumb/v7-m/nofp\libstdc++_nano.a(new_op.o) (std::get_new_handler())
C:/ST/STM32CubeIDE_1.15.0/STM32CubeIDE/plugins/com.st.stm32cube.ide.mcu.externaltools.gnu-tools-for-stm32.12.3.rel1.win32_1.0.100.202403111256/tools/bin/../lib/gcc/arm-none-eabi/12.3.1/../../../../arm-none-eabi/lib/thumb/v7-m/nofp\libstdc++_nano.a(si_class_type_info.o)
                              C:/ST/STM32CubeIDE_1.15.0/STM32CubeIDE/plugins/com.st.stm32cube.ide.mcu.externaltools.gnu-tools-for-stm32.12.3.rel1.win32_1.0.100.202403111256/tools/bin/../lib/gcc/arm-none-eabi/12.3.1/../../../../arm-none-eabi/lib/thumb/v7-m/nofp\libstdc++_nano.a(functional.o) (vtable for __cxxabiv1::__si_class_type_info)
C:/ST/STM32CubeIDE_1.15.0/STM32CubeIDE/plugins/com.st.stm32cube.ide.mcu.externaltools.gnu-tools-for-stm32.12.3.rel1.win32_1.0.100.202403111256/tools/bin/../lib/gcc/arm-none-eabi/12.3.1/../../../../arm-none-eabi/lib/thumb/v7-m/nofp\libstdc++_nano.a(tinfo.o)
                              C:/ST/STM32CubeIDE_1.15.0/STM32CubeIDE/plugins/com.st.stm32cube.ide.mcu.externaltools.gnu-tools-for-stm32.12.3.rel1.win32_1.0.100.202403111256/tools/bin/../lib/gcc/arm-none-eabi/12.3.1/../../../../arm-none-eabi/lib/thumb/v7-m/nofp\libstdc++_nano.a(si_class_type_info.o) (std::type_info::__is_pointer_p() const)
[...]
Memory Configuration

Name             Origin             Length             Attributes
RAM              0x20000000         0x00005000         xrw
FLASH            0x08000000         0x00020000         xr
*default*        0x00000000         0xffffffff

Linker script and memory map

LOAD C:/ST/STM32CubeIDE_1.15.0/STM32CubeIDE/plugins/com.st.stm32cube.ide.mcu.externaltools.gnu-tools-for-stm32.12.3.rel1.win32_1.0.100.202403111256/tools/bin/../lib/gcc/arm-none-eabi/12.3.1/thumb/v7-m/nofp/crti.o
LOAD C:/ST/STM32CubeIDE_1.15.0/STM32CubeIDE/plugins/com.st.stm32cube.ide.mcu.externaltools.gnu-tools-for-stm32.12.3.rel1.win32_1.0.100.202403111256/tools/bin/../lib/gcc/arm-none-eabi/12.3.1/thumb/v7-m/nofp/crtbegin.o
LOAD C:/ST/STM32CubeIDE_1.15.0/STM32CubeIDE/plugins/com.st.stm32cube.ide.mcu.externaltools.gnu-tools-for-stm32.12.3.rel1.win32_1.0.100.202403111256/tools/bin/../lib/gcc/arm-none-eabi/12.3.1/../../../../arm-none-eabi/lib/thumb/v7-m/nofp/crt0.o
LOAD ./Core/Src/dma.o
LOAD ./Core/Src/gpio.o
LOAD ./Core/Src/main.o
LOAD ./Core/Src/stm32f1xx_hal_msp.o
LOAD ./Core/Src/stm32f1xx_it.o
LOAD ./Core/Src/syscalls.o
LOAD ./Core/Src/sysmem.o
LOAD ./Core/Src/system_stm32f1xx.o
LOAD ./Core/Src/usart.o
LOAD ./Core/Startup/startup_stm32f103cbtx.o
LOAD ./Drivers/STM32F1xx_HAL_Driver/Src/stm32f1xx_hal.o
LOAD ./Drivers/STM32F1xx_HAL_Driver/Src/stm32f1xx_hal_cortex.o
LOAD ./Drivers/STM32F1xx_HAL_Driver/Src/stm32f1xx_hal_dma.o
LOAD ./Drivers/STM32F1xx_HAL_Driver/Src/stm32f1xx_hal_exti.o
LOAD ./Drivers/STM32F1xx_HAL_Driver/Src/stm32f1xx_hal_flash.o
LOAD ./Drivers/STM32F1xx_HAL_Driver/Src/stm32f1xx_hal_flash_ex.o
LOAD ./Drivers/STM32F1xx_HAL_Driver/Src/stm32f1xx_hal_gpio.o
LOAD ./Drivers/STM32F1xx_HAL_Driver/Src/stm32f1xx_hal_gpio_ex.o
LOAD ./Drivers/STM32F1xx_HAL_Driver/Src/stm32f1xx_hal_pwr.o
LOAD ./Drivers/STM32F1xx_HAL_Driver/Src/stm32f1xx_hal_rcc.o
LOAD ./Drivers/STM32F1xx_HAL_Driver/Src/stm32f1xx_hal_rcc_ex.o
LOAD ./Drivers/STM32F1xx_HAL_Driver/Src/stm32f1xx_hal_tim.o
LOAD ./Drivers/STM32F1xx_HAL_Driver/Src/stm32f1xx_hal_tim_ex.o
LOAD ./Drivers/STM32F1xx_HAL_Driver/Src/stm32f1xx_hal_uart.o
LOAD ./app_core/app_core.o
LOAD ./app_core/tools/adc/Stm32ADCregular.o
LOAD ./app_core/tools/debug/debug.o
LOAD ./app_core/tools/debug/printf/printf.o
LOAD ./app_core/tools/irq/stm32_irq_block.o
LOAD ./app_core/tools/math/InRangeDetector.o
LOAD ./app_core/tools/math/PID.o
LOAD ./app_core/tools/timer/ProgramTimer.o
LOAD ./app_core/tools/timer/TimingManager.o
LOAD ./app_core/tools/uart/stm32_uart.o
LOAD ./app_core/tools/uart/stm32_uart_container.o
START GROUP
LOAD C:/ST/STM32CubeIDE_1.15.0/STM32CubeIDE/plugins/com.st.stm32cube.ide.mcu.externaltools.gnu-tools-for-stm32.12.3.rel1.win32_1.0.100.202403111256/tools/bin/../lib/gcc/arm-none-eabi/12.3.1/../../../../arm-none-eabi/lib/thumb/v7-m/nofp\libstdc++_nano.a
LOAD C:/ST/STM32CubeIDE_1.15.0/STM32CubeIDE/plugins/com.st.stm32cube.ide.mcu.externaltools.gnu-tools-for-stm32.12.3.rel1.win32_1.0.100.202403111256/tools/bin/../lib/gcc/arm-none-eabi/12.3.1/../../../../arm-none-eabi/lib/thumb/v7-m/nofp\libsupc++_nano.a
END GROUP
LOAD C:/ST/STM32CubeIDE_1.15.0/STM32CubeIDE/plugins/com.st.stm32cube.ide.mcu.externaltools.gnu-tools-for-stm32.12.3.rel1.win32_1.0.100.202403111256/tools/bin/../lib/gcc/arm-none-eabi/12.3.1/../../../../arm-none-eabi/lib/thumb/v7-m/nofp\libstdc++_nano.a
LOAD C:/ST/STM32CubeIDE_1.15.0/STM32CubeIDE/plugins/com.st.stm32cube.ide.mcu.externaltools.gnu-tools-for-stm32.12.3.rel1.win32_1.0.100.202403111256/tools/bin/../lib/gcc/arm-none-eabi/12.3.1/../../../../arm-none-eabi/lib/thumb/v7-m/nofp\libm.a
LOAD C:/ST/STM32CubeIDE_1.15.0/STM32CubeIDE/plugins/com.st.stm32cube.ide.mcu.externaltools.gnu-tools-for-stm32.12.3.rel1.win32_1.0.100.202403111256/tools/bin/../lib/gcc/arm-none-eabi/12.3.1/../../../../arm-none-eabi/lib/thumb/v7-m/nofp\libc_nano.a
START GROUP
LOAD C:/ST/STM32CubeIDE_1.15.0/STM32CubeIDE/plugins/com.st.stm32cube.ide.mcu.externaltools.gnu-tools-for-stm32.12.3.rel1.win32_1.0.100.202403111256/tools/bin/../lib/gcc/arm-none-eabi/12.3.1/thumb/v7-m/nofp\libgcc.a
LOAD C:/ST/STM32CubeIDE_1.15.0/STM32CubeIDE/plugins/com.st.stm32cube.ide.mcu.externaltools.gnu-tools-for-stm32.12.3.rel1.win32_1.0.100.202403111256/tools/bin/../lib/gcc/arm-none-eabi/12.3.1/../../../../arm-none-eabi/lib/thumb/v7-m/nofp\libc_nano.a
END GROUP
START GROUP
LOAD C:/ST/STM32CubeIDE_1.15.0/STM32CubeIDE/plugins/com.st.stm32cube.ide.mcu.externaltools.gnu-tools-for-stm32.12.3.rel1.win32_1.0.100.202403111256/tools/bin/../lib/gcc/arm-none-eabi/12.3.1/thumb/v7-m/nofp\libgcc.a
LOAD C:/ST/STM32CubeIDE_1.15.0/STM32CubeIDE/plugins/com.st.stm32cube.ide.mcu.externaltools.gnu-tools-for-stm32.12.3.rel1.win32_1.0.100.202403111256/tools/bin/../lib/gcc/arm-none-eabi/12.3.1/../../../../arm-none-eabi/lib/thumb/v7-m/nofp\libc_nano.a
LOAD C:/ST/STM32CubeIDE_1.15.0/STM32CubeIDE/plugins/com.st.stm32cube.ide.mcu.externaltools.gnu-tools-for-stm32.12.3.rel1.win32_1.0.100.202403111256/tools/bin/../lib/gcc/arm-none-eabi/12.3.1/../../../../arm-none-eabi/lib/thumb/v7-m/nofp\libnosys.a
END GROUP
START GROUP
LOAD C:/ST/STM32CubeIDE_1.15.0/STM32CubeIDE/plugins/com.st.stm32cube.ide.mcu.externaltools.gnu-tools-for-stm32.12.3.rel1.win32_1.0.100.202403111256/tools/bin/../lib/gcc/arm-none-eabi/12.3.1/thumb/v7-m/nofp\libgcc.a
LOAD C:/ST/STM32CubeIDE_1.15.0/STM32CubeIDE/plugins/com.st.stm32cube.ide.mcu.externaltools.gnu-tools-for-stm32.12.3.rel1.win32_1.0.100.202403111256/tools/bin/../lib/gcc/arm-none-eabi/12.3.1/../../../../arm-none-eabi/lib/thumb/v7-m/nofp\libc_nano.a
LOAD C:/ST/STM32CubeIDE_1.15.0/STM32CubeIDE/plugins/com.st.stm32cube.ide.mcu.externaltools.gnu-tools-for-stm32.12.3.rel1.win32_1.0.100.202403111256/tools/bin/../lib/gcc/arm-none-eabi/12.3.1/../../../../arm-none-eabi/lib/thumb/v7-m/nofp\libnosys.a
END GROUP
LOAD C:/ST/STM32CubeIDE_1.15.0/STM32CubeIDE/plugins/com.st.stm32cube.ide.mcu.externaltools.gnu-tools-for-stm32.12.3.rel1.win32_1.0.100.202403111256/tools/bin/../lib/gcc/arm-none-eabi/12.3.1/thumb/v7-m/nofp/crtend.o
LOAD C:/ST/STM32CubeIDE_1.15.0/STM32CubeIDE/plugins/com.st.stm32cube.ide.mcu.externaltools.gnu-tools-for-stm32.12.3.rel1.win32_1.0.100.202403111256/tools/bin/../lib/gcc/arm-none-eabi/12.3.1/thumb/v7-m/nofp/crtn.o
                0x20005000                        _estack = (ORIGIN (RAM) + LENGTH (RAM))
                0x00000200                        _Min_Heap_Size = 0x200
                0x00000400                        _Min_Stack_Size = 0x400

.isr_vector     0x08000000      0x10c
                0x08000000                        . = ALIGN (0x4)
 *(.isr_vector)
 .isr_vector    0x08000000      0x10c ./Core/Startup/startup_stm32f103cbtx.o
                0x08000000                g_pfnVectors
                0x0800010c                        . = ALIGN (0x4)

.text           0x0800010c     0x4f50
                0x0800010c                        . = ALIGN (0x4)
 *(.text)
 .text          0x0800010c       0x40 C:/ST/STM32CubeIDE_1.15.0/STM32CubeIDE/plugins/com.st.stm32cube.ide.mcu.externaltools.gnu-tools-for-stm32.12.3.rel1.win32_1.0.100.202403111256/tools/bin/../lib/gcc/arm-none-eabi/12.3.1/thumb/v7-m/nofp/crtbegin.o
 *(.text*)
 .text.MX_DMA_Init
                0x0800014c       0x4c ./Core/Src/dma.o
                0x0800014c                MX_DMA_Init
 .text.MX_GPIO_Init
                0x08000198       0x98 ./Core/Src/gpio.o
                0x08000198                MX_GPIO_Init
 .text.main     0x08000230       0x20 ./Core/Src/main.o
                0x08000230                main
 .text.SystemClock_Config
                0x08000250       0x8e ./Core/Src/main.o
                0x08000250                SystemClock_Config
 .text.Error_Handler
                0x080002de        0xc ./Core/Src/main.o
                0x080002de                Error_Handler
 *fill*         0x080002ea        0x2 
 .text.HAL_MspInit
                0x080002ec       0x64 ./Core/Src/stm32f1xx_hal_msp.o
                0x080002ec                HAL_MspInit
 .text.NMI_Handler
                0x08000350        0xc ./Core/Src/stm32f1xx_it.o
                0x08000350                NMI_Handler
 .text.HardFault_Handler
                0x0800035c        0x8 ./Core/Src/stm32f1xx_it.o
                0x0800035c                HardFault_Handler
 .text.MemManage_Handler
                0x08000364        0x8 ./Core/Src/stm32f1xx_it.o
                0x08000364                MemManage_Handler
 .text.BusFault_Handler
                0x0800036c        0x8 ./Core/Src/stm32f1xx_it.o
                0x0800036c                BusFault_Handler
 .text.UsageFault_Handler
                0x08000374        0x8 ./Core/Src/stm32f1xx_it.o
                0x08000374                UsageFault_Handler
 .text.SVC_Handler
                0x0800037c        0xc ./Core/Src/stm32f1xx_it.o
                0x0800037c                SVC_Handler
 .text.DebugMon_Handler
                0x08000388        0xc ./Core/Src/stm32f1xx_it.o
                0x08000388                DebugMon_Handler
 .text.PendSV_Handler
                0x08000394        0xc ./Core/Src/stm32f1xx_it.o
                0x08000394                PendSV_Handler
 .text.SysTick_Handler
                0x080003a0       0x10 ./Core/Src/stm32f1xx_it.o
                0x080003a0                SysTick_Handler
 .text.DMA1_Channel4_IRQHandler
                0x080003b0       0x14 ./Core/Src/stm32f1xx_it.o
                0x080003b0                DMA1_Channel4_IRQHandler
 .text.DMA1_Channel5_IRQHandler
                0x080003c4       0x14 ./Core/Src/stm32f1xx_it.o
                0x080003c4                DMA1_Channel5_IRQHandler
 .text.USART1_IRQHandler
                0x080003d8       0x24 ./Core/Src/stm32f1xx_it.o
                0x080003d8                USART1_IRQHandler
 .text._getpid  0x080003fc        0xe ./Core/Src/syscalls.o
                0x080003fc                _getpid
 .text._kill    0x0800040a       0x20 ./Core/Src/syscalls.o
                0x0800040a                _kill
 .text._exit    0x0800042a       0x16 ./Core/Src/syscalls.o
                0x0800042a                _exit
 .text._read    0x08000440       0x3a ./Core/Src/syscalls.o
                0x08000440                _read
 .text._write   0x0800047a       0x38 ./Core/Src/syscalls.o
                0x0800047a                _write
 .text._close   0x080004b2       0x16 ./Core/Src/syscalls.o
                0x080004b2                _close
 .text._fstat   0x080004c8       0x1e ./Core/Src/syscalls.o
                0x080004c8                _fstat
 .text._isatty  0x080004e6       0x14 ./Core/Src/syscalls.o
                0x080004e6                _isatty
 .text._lseek   0x080004fa       0x18 ./Core/Src/syscalls.o
                0x080004fa                _lseek
 *fill*         0x08000512        0x2 
 .text._sbrk    0x08000514       0x6c ./Core/Src/sysmem.o
                0x08000514                _sbrk
 .text.SystemInit
                0x08000580        0xc ./Core/Src/system_stm32f1xx.o
                0x08000580                SystemInit
 .text.MX_USART1_UART_Init
                0x0800058c       0x54 ./Core/Src/usart.o
                0x0800058c                MX_USART1_UART_Init
 .text.HAL_UART_MspInit
                0x080005e0      0x154 ./Core/Src/usart.o
                0x080005e0                HAL_UART_MspInit
 .text.Reset_Handler
                0x08000734       0x48 ./Core/Startup/startup_stm32f103cbtx.o
                0x08000734                Reset_Handler
 .text.Default_Handler
                0x0800077c        0x2 ./Core/Startup/startup_stm32f103cbtx.o
                0x0800077c                RTC_Alarm_IRQHandler
                0x0800077c                EXTI2_IRQHandler
                0x0800077c                TIM1_CC_IRQHandler
                0x0800077c                PVD_IRQHandler
                0x0800077c                EXTI3_IRQHandler
                0x0800077c                EXTI0_IRQHandler
                0x0800077c                I2C2_EV_IRQHandler
                0x0800077c                ADC1_2_IRQHandler
                0x0800077c                SPI1_IRQHandler
                0x0800077c                TAMPER_IRQHandler
                0x0800077c                USART3_IRQHandler
                0x0800077c                RTC_IRQHandler
                0x0800077c                DMA1_Channel7_IRQHandler
                0x0800077c                CAN1_RX1_IRQHandler
                0x0800077c                TIM4_IRQHandler
                0x0800077c                I2C1_EV_IRQHandler
                0x0800077c                DMA1_Channel6_IRQHandler
                0x0800077c                TIM3_IRQHandler
                0x0800077c                RCC_IRQHandler
                0x0800077c                TIM1_TRG_COM_IRQHandler
                0x0800077c                DMA1_Channel1_IRQHandler
                0x0800077c                Default_Handler
                0x0800077c                EXTI15_10_IRQHandler
                0x0800077c                EXTI9_5_IRQHandler
                0x0800077c                SPI2_IRQHandler
                0x0800077c                EXTI4_IRQHandler
                0x0800077c                USB_LP_CAN1_RX0_IRQHandler
                0x0800077c                USB_HP_CAN1_TX_IRQHandler
                0x0800077c                DMA1_Channel3_IRQHandler
                0x0800077c                TIM1_UP_IRQHandler
                0x0800077c                WWDG_IRQHandler
                0x0800077c                TIM2_IRQHandler
                0x0800077c                TIM1_BRK_IRQHandler
                0x0800077c                EXTI1_IRQHandler
                0x0800077c                USART2_IRQHandler
                0x0800077c                I2C2_ER_IRQHandler
                0x0800077c                DMA1_Channel2_IRQHandler
                0x0800077c                CAN1_SCE_IRQHandler
                0x0800077c                FLASH_IRQHandler
                0x0800077c                I2C1_ER_IRQHandler
                0x0800077c                USBWakeUp_IRQHandler
 *fill*         0x0800077e        0x2 
 .text.HAL_Init
                0x08000780       0x2c ./Drivers/STM32F1xx_HAL_Driver/Src/stm32f1xx_hal.o
                0x08000780                HAL_Init
 .text.HAL_InitTick
                0x080007ac       0x60 ./Drivers/STM32F1xx_HAL_Driver/Src/stm32f1xx_hal.o
                0x080007ac                HAL_InitTick
 .text.HAL_IncTick
                0x0800080c       0x24 ./Drivers/STM32F1xx_HAL_Driver/Src/stm32f1xx_hal.o
                0x0800080c                HAL_IncTick
 .text.HAL_GetTick
                0x08000830       0x14 ./Drivers/STM32F1xx_HAL_Driver/Src/stm32f1xx_hal.o
                0x08000830                HAL_GetTick
 .text.__NVIC_SetPriorityGrouping
                0x08000844       0x48 ./Drivers/STM32F1xx_HAL_Driver/Src/stm32f1xx_hal_cortex.o
 .text.__NVIC_GetPriorityGrouping
                0x0800088c       0x1c ./Drivers/STM32F1xx_HAL_Driver/Src/stm32f1xx_hal_cortex.o
 .text.__NVIC_EnableIRQ
                0x080008a8       0x38 ./Drivers/STM32F1xx_HAL_Driver/Src/stm32f1xx_hal_cortex.o
 .text.__NVIC_SetPriority
                0x080008e0       0x54 ./Drivers/STM32F1xx_HAL_Driver/Src/stm32f1xx_hal_cortex.o
 .text.NVIC_EncodePriority
                0x08000934       0x64 ./Drivers/STM32F1xx_HAL_Driver/Src/stm32f1xx_hal_cortex.o
 .text.SysTick_Config
                0x08000998       0x44 ./Drivers/STM32F1xx_HAL_Driver/Src/stm32f1xx_hal_cortex.o
 .text.HAL_NVIC_SetPriorityGrouping
                0x080009dc       0x16 ./Drivers/STM32F1xx_HAL_Driver/Src/stm32f1xx_hal_cortex.o
                0x080009dc                HAL_NVIC_SetPriorityGrouping
 .text.HAL_NVIC_SetPriority
                0x080009f2       0x38 ./Drivers/STM32F1xx_HAL_Driver/Src/stm32f1xx_hal_cortex.o
                0x080009f2                HAL_NVIC_SetPriority
 .text.HAL_NVIC_EnableIRQ
                0x08000a2a       0x1c ./Drivers/STM32F1xx_HAL_Driver/Src/stm32f1xx_hal_cortex.o
                0x08000a2a                HAL_NVIC_EnableIRQ
 .text.HAL_SYSTICK_Config
                0x08000a46       0x18 ./Drivers/STM32F1xx_HAL_Driver/Src/stm32f1xx_hal_cortex.o
                0x08000a46                HAL_SYSTICK_Config
 *fill*         0x08000a5e        0x2 
 .text.HAL_DMA_Init
                0x08000a60       0xb4 ./Drivers/STM32F1xx_HAL_Driver/Src/stm32f1xx_hal_dma.o
                0x08000a60                HAL_DMA_Init
 .text.HAL_DMA_Start_IT
                0x08000b14       0xc0 ./Drivers/STM32F1xx_HAL_Driver/Src/stm32f1xx_hal_dma.o
                0x08000b14                HAL_DMA_Start_IT
 .text.HAL_DMA_Abort
                0x08000bd4       0x76 ./Drivers/STM32F1xx_HAL_Driver/Src/stm32f1xx_hal_dma.o
                0x08000bd4                HAL_DMA_Abort
 *fill*         0x08000c4a        0x2 
 .text.HAL_DMA_Abort_IT
                0x08000c4c       0xf0 ./Drivers/STM32F1xx_HAL_Driver/Src/stm32f1xx_hal_dma.o
                0x08000c4c                HAL_DMA_Abort_IT
 .text.HAL_DMA_IRQHandler
                0x08000d3c      0x20c ./Drivers/STM32F1xx_HAL_Driver/Src/stm32f1xx_hal_dma.o
                0x08000d3c                HAL_DMA_IRQHandler
 .text.HAL_DMA_GetError
                0x08000f48       0x16 ./Drivers/STM32F1xx_HAL_Driver/Src/stm32f1xx_hal_dma.o
                0x08000f48                HAL_DMA_GetError
 .text.DMA_SetConfig
                0x08000f5e       0x5a ./Drivers/STM32F1xx_HAL_Driver/Src/stm32f1xx_hal_dma.o
 .text.HAL_GPIO_Init
                0x08000fb8      0x308 ./Drivers/STM32F1xx_HAL_Driver/Src/stm32f1xx_hal_gpio.o
                0x08000fb8                HAL_GPIO_Init
 .text.HAL_GPIO_WritePin
                0x080012c0       0x30 ./Drivers/STM32F1xx_HAL_Driver/Src/stm32f1xx_hal_gpio.o
                0x080012c0                HAL_GPIO_WritePin
 .text.HAL_GPIO_TogglePin
                0x080012f0       0x32 ./Drivers/STM32F1xx_HAL_Driver/Src/stm32f1xx_hal_gpio.o
                0x080012f0                HAL_GPIO_TogglePin
 *fill*         0x08001322        0x2 
 .text.HAL_RCC_OscConfig
                0x08001324      0x504 ./Drivers/STM32F1xx_HAL_Driver/Src/stm32f1xx_hal_rcc.o
                0x08001324                HAL_RCC_OscConfig
 .text.HAL_RCC_ClockConfig
                0x08001828      0x1d4 ./Drivers/STM32F1xx_HAL_Driver/Src/stm32f1xx_hal_rcc.o
                0x08001828                HAL_RCC_ClockConfig
 .text.HAL_RCC_EnableCSS
                0x080019fc       0x18 ./Drivers/STM32F1xx_HAL_Driver/Src/stm32f1xx_hal_rcc.o
                0x080019fc                HAL_RCC_EnableCSS
 .text.HAL_RCC_GetSysClockFreq
                0x08001a14       0xa8 ./Drivers/STM32F1xx_HAL_Driver/Src/stm32f1xx_hal_rcc.o
                0x08001a14                HAL_RCC_GetSysClockFreq
 .text.HAL_RCC_GetHCLKFreq
                0x08001abc       0x14 ./Drivers/STM32F1xx_HAL_Driver/Src/stm32f1xx_hal_rcc.o
                0x08001abc                HAL_RCC_GetHCLKFreq
 .text.HAL_RCC_GetPCLK1Freq
                0x08001ad0       0x28 ./Drivers/STM32F1xx_HAL_Driver/Src/stm32f1xx_hal_rcc.o
                0x08001ad0                HAL_RCC_GetPCLK1Freq
 .text.HAL_RCC_GetPCLK2Freq
                0x08001af8       0x28 ./Drivers/STM32F1xx_HAL_Driver/Src/stm32f1xx_hal_rcc.o
                0x08001af8                HAL_RCC_GetPCLK2Freq
 .text.HAL_RCC_NMI_IRQHandler
                0x08001b20       0x28 ./Drivers/STM32F1xx_HAL_Driver/Src/stm32f1xx_hal_rcc.o
                0x08001b20                HAL_RCC_NMI_IRQHandler
 .text.RCC_Delay
                0x08001b48       0x3c ./Drivers/STM32F1xx_HAL_Driver/Src/stm32f1xx_hal_rcc.o
 .text.HAL_RCC_CSSCallback
                0x08001b84        0xc ./Drivers/STM32F1xx_HAL_Driver/Src/stm32f1xx_hal_rcc.o
                0x08001b84                HAL_RCC_CSSCallback
 .text.HAL_UART_Init
                0x08001b90       0xa0 ./Drivers/STM32F1xx_HAL_Driver/Src/stm32f1xx_hal_uart.o
                0x08001b90                HAL_UART_Init
 .text.HAL_UART_Transmit_DMA
                0x08001c30       0xe0 ./Drivers/STM32F1xx_HAL_Driver/Src/stm32f1xx_hal_uart.o
                0x08001c30                HAL_UART_Transmit_DMA
 .text.HAL_UART_Receive_DMA
                0x08001d10       0x4a ./Drivers/STM32F1xx_HAL_Driver/Src/stm32f1xx_hal_uart.o
                0x08001d10                HAL_UART_Receive_DMA
 .text.HAL_UART_AbortReceive
                0x08001d5a      0x146 ./Drivers/STM32F1xx_HAL_Driver/Src/stm32f1xx_hal_uart.o
                0x08001d5a                HAL_UART_AbortReceive
 .text.HAL_UART_IRQHandler
                0x08001ea0      0x524 ./Drivers/STM32F1xx_HAL_Driver/Src/stm32f1xx_hal_uart.o
                0x08001ea0                HAL_UART_IRQHandler
 .text.HAL_UART_TxHalfCpltCallback
                0x080023c4       0x12 ./Drivers/STM32F1xx_HAL_Driver/Src/stm32f1xx_hal_uart.o
                0x080023c4                HAL_UART_TxHalfCpltCallback
 .text.HAL_UART_RxHalfCpltCallback
                0x080023d6       0x12 ./Drivers/STM32F1xx_HAL_Driver/Src/stm32f1xx_hal_uart.o
                0x080023d6                HAL_UART_RxHalfCpltCallback
 .text.HAL_UARTEx_RxEventCallback
                0x080023e8       0x16 ./Drivers/STM32F1xx_HAL_Driver/Src/stm32f1xx_hal_uart.o
                0x080023e8                HAL_UARTEx_RxEventCallback
 .text.UART_DMATransmitCplt
                0x080023fe       0x9a ./Drivers/STM32F1xx_HAL_Driver/Src/stm32f1xx_hal_uart.o
 .text.UART_DMATxHalfCplt
                0x08002498       0x1c ./Drivers/STM32F1xx_HAL_Driver/Src/stm32f1xx_hal_uart.o
 .text.UART_DMAReceiveCplt
                0x080024b4      0x12c ./Drivers/STM32F1xx_HAL_Driver/Src/stm32f1xx_hal_uart.o
 .text.UART_DMARxHalfCplt
                0x080025e0       0x3c ./Drivers/STM32F1xx_HAL_Driver/Src/stm32f1xx_hal_uart.o
 .text.UART_DMAError
                0x0800261c       0x94 ./Drivers/STM32F1xx_HAL_Driver/Src/stm32f1xx_hal_uart.o
 .text.UART_Start_Receive_DMA
                0x080026b0      0x134 ./Drivers/STM32F1xx_HAL_Driver/Src/stm32f1xx_hal_uart.o
                0x080026b0                UART_Start_Receive_DMA
 .text.UART_EndTxTransfer
                0x080027e4       0x4e ./Drivers/STM32F1xx_HAL_Driver/Src/stm32f1xx_hal_uart.o
 .text.UART_EndRxTransfer
                0x08002832       0xc4 ./Drivers/STM32F1xx_HAL_Driver/Src/stm32f1xx_hal_uart.o
 .text.UART_DMAAbortOnError
                0x080028f6       0x28 ./Drivers/STM32F1xx_HAL_Driver/Src/stm32f1xx_hal_uart.o
 .text.UART_Transmit_IT
                0x0800291e       0x9e ./Drivers/STM32F1xx_HAL_Driver/Src/stm32f1xx_hal_uart.o
 .text.UART_EndTransmit_IT
                0x080029bc       0x30 ./Drivers/STM32F1xx_HAL_Driver/Src/stm32f1xx_hal_uart.o
 .text.UART_Receive_IT
                0x080029ec      0x17c ./Drivers/STM32F1xx_HAL_Driver/Src/stm32f1xx_hal_uart.o
 .text.UART_SetConfig
                0x08002b68      0x11c ./Drivers/STM32F1xx_HAL_Driver/Src/stm32f1xx_hal_uart.o
 .text._ZNK13TimingManager9isExpiredEv
                0x08002c84       0x20 ./app_core/app_core.o
                0x08002c84                TimingManager::isExpired() const
 .text._ZN13TimingManager5startEm
                0x08002ca4       0x1a ./app_core/app_core.o
                0x08002ca4                TimingManager::start(unsigned long)
 *fill*         0x08002cbe        0x2 
 .text.getUartInstance
                0x08002cc0       0x5c ./app_core/app_core.o
                0x08002cc0                getUartInstance
 .text._Z16uart_rx_callbackPKhmPv
                0x08002d1c       0x16 ./app_core/app_core.o
                0x08002d1c                uart_rx_callback(unsigned char const*, unsigned long, void*)
 .text._Z16uart_tx_callbacklPv
                0x08002d32       0x14 ./app_core/app_core.o
                0x08002d32                uart_tx_callback(long, void*)
 .text._Z19uart_error_callbacklPv
                0x08002d46       0x14 ./app_core/app_core.o
                0x08002d46                uart_error_callback(long, void*)
 .text.HAL_UART_TxCpltCallback
                0x08002d5a       0x24 ./app_core/app_core.o
                0x08002d5a                HAL_UART_TxCpltCallback
 .text.HAL_UART_RxCpltCallback
                0x08002d7e       0x24 ./app_core/app_core.o
                0x08002d7e                HAL_UART_RxCpltCallback
 .text.HAL_UART_ErrorCallback
                0x08002da2       0x24 ./app_core/app_core.o
                0x08002da2                HAL_UART_ErrorCallback
 *fill*         0x08002dc6        0x2 
 .text._Z8initUartv
                0x08002dc8       0x44 ./app_core/app_core.o
                0x08002dc8                initUart()
 .text.app_main
                0x08002e0c       0x60 ./app_core/app_core.o
                0x08002e0c                app_main
 .text.IRQ_UNLOCK
                0x08002e6c       0x44 ./app_core/tools/irq/stm32_irq_block.o
                0x08002e6c                IRQ_UNLOCK
 .text.IRQ_LOCK
                0x08002eb0       0x20 ./app_core/tools/irq/stm32_irq_block.o
                0x08002eb0                IRQ_LOCK
 .text._ZnwjPv  0x08002ed0       0x16 ./app_core/tools/timer/TimingManager.o
                0x08002ed0                operator new(unsigned int, void*)
 *fill*         0x08002ee6        0x2 
 .text._ZN13TimingManager7proceedEv
                0x08002ee8       0x74 ./app_core/tools/timer/TimingManager.o
                0x08002ee8                TimingManager::proceed()
 .text._ZNSt12_Vector_baseIP13TimingManagerSaIS1_EE12_Vector_implD2Ev
                0x08002f5c       0x18 ./app_core/tools/timer/TimingManager.o
                0x08002f5c                std::_Vector_base<TimingManager*, std::allocator<TimingManager*> >::_Vector_impl::~_Vector_impl()
                0x08002f5c                std::_Vector_base<TimingManager*, std::allocator<TimingManager*> >::_Vector_impl::~_Vector_impl()
 .text._ZNSt12_Vector_baseIP13TimingManagerSaIS1_EEC2Ev
                0x08002f74       0x1a ./app_core/tools/timer/TimingManager.o
                0x08002f74                std::_Vector_base<TimingManager*, std::allocator<TimingManager*> >::_Vector_base()
                0x08002f74                std::_Vector_base<TimingManager*, std::allocator<TimingManager*> >::_Vector_base()
 .text._ZNSt6vectorIP13TimingManagerSaIS1_EEC2Ev
                0x08002f8e       0x1a ./app_core/tools/timer/TimingManager.o
                0x08002f8e                std::vector<TimingManager*, std::allocator<TimingManager*> >::vector()
                0x08002f8e                std::vector<TimingManager*, std::allocator<TimingManager*> >::vector()
 .text._ZN13TimingManagerC2Ev
                0x08002fa8       0x34 ./app_core/tools/timer/TimingManager.o
                0x08002fa8                TimingManager::TimingManager()
                0x08002fa8                TimingManager::TimingManager()
 .text.HAL_SYSTICK_Callback
                0x08002fdc        0xc ./app_core/tools/timer/TimingManager.o
                0x08002fdc                HAL_SYSTICK_Callback
 .text._ZNSt6vectorIP13TimingManagerSaIS1_EE5beginEv
                0x08002fe8       0x20 ./app_core/tools/timer/TimingManager.o
                0x08002fe8                std::vector<TimingManager*, std::allocator<TimingManager*> >::begin()
 .text._ZNSt6vectorIP13TimingManagerSaIS1_EE3endEv
                0x08003008       0x22 ./app_core/tools/timer/TimingManager.o
                0x08003008                std::vector<TimingManager*, std::allocator<TimingManager*> >::end()
 .text._ZN9__gnu_cxxneIPP13TimingManagerSt6vectorIS2_SaIS2_EEEEbRKNS_17__normal_iteratorIT_T0_EESC_
                0x0800302a       0x30 ./app_core/tools/timer/TimingManager.o
                0x0800302a                bool __gnu_cxx::operator!=<TimingManager**, std::vector<TimingManager*, std::allocator<TimingManager*> > >(__gnu_cxx::__normal_iterator<TimingManager**, std::vector<TimingManager*, std::allocator<TimingManager*> > > const&, __gnu_cxx::__normal_iterator<TimingManager**, std::vector<TimingManager*, std::allocator<TimingManager*> > > const&)
 .text._ZN9__gnu_cxx17__normal_iteratorIPP13TimingManagerSt6vectorIS2_SaIS2_EEEppEv
                0x0800305a       0x1e ./app_core/tools/timer/TimingManager.o
                0x0800305a                __gnu_cxx::__normal_iterator<TimingManager**, std::vector<TimingManager*, std::allocator<TimingManager*> > >::operator++()
 .text._ZNK9__gnu_cxx17__normal_iteratorIPP13TimingManagerSt6vectorIS2_SaIS2_EEEdeEv
                0x08003078       0x16 ./app_core/tools/timer/TimingManager.o
                0x08003078                __gnu_cxx::__normal_iterator<TimingManager**, std::vector<TimingManager*, std::allocator<TimingManager*> > >::operator*() const
 .text._ZNSt12_Vector_baseIP13TimingManagerSaIS1_EE12_Vector_implC2Ev
                0x0800308e       0x20 ./app_core/tools/timer/TimingManager.o
                0x0800308e                std::_Vector_base<TimingManager*, std::allocator<TimingManager*> >::_Vector_impl::_Vector_impl()
                0x0800308e                std::_Vector_base<TimingManager*, std::allocator<TimingManager*> >::_Vector_impl::_Vector_impl()
 .text._ZNSaIP13TimingManagerED2Ev
                0x080030ae       0x18 ./app_core/tools/timer/TimingManager.o
                0x080030ae                std::allocator<TimingManager*>::~allocator()
                0x080030ae                std::allocator<TimingManager*>::~allocator()
 .text._ZNSt12_Vector_baseIP13TimingManagerSaIS1_EED2Ev
                0x080030c6       0x32 ./app_core/tools/timer/TimingManager.o
                0x080030c6                std::_Vector_base<TimingManager*, std::allocator<TimingManager*> >::~_Vector_base()
                0x080030c6                std::_Vector_base<TimingManager*, std::allocator<TimingManager*> >::~_Vector_base()
 .text._ZNSt6vectorIP13TimingManagerSaIS1_EE9push_backEOS1_
                0x080030f8       0x22 ./app_core/tools/timer/TimingManager.o
                0x080030f8                std::vector<TimingManager*, std::allocator<TimingManager*> >::push_back(TimingManager*&&)
 .text._ZN9__gnu_cxx17__normal_iteratorIPP13TimingManagerSt6vectorIS2_SaIS2_EEEC2ERKS3_
                0x0800311a       0x1e ./app_core/tools/timer/TimingManager.o
                0x0800311a                __gnu_cxx::__normal_iterator<TimingManager**, std::vector<TimingManager*, std::allocator<TimingManager*> > >::__normal_iterator(TimingManager** const&)
                0x0800311a                __gnu_cxx::__normal_iterator<TimingManager**, std::vector<TimingManager*, std::allocator<TimingManager*> > >::__normal_iterator(TimingManager** const&)
 .text._ZNK9__gnu_cxx17__normal_iteratorIPP13TimingManagerSt6vectorIS2_SaIS2_EEE4baseEv
                0x08003138       0x14 ./app_core/tools/timer/TimingManager.o
                0x08003138                __gnu_cxx::__normal_iterator<TimingManager**, std::vector<TimingManager*, std::allocator<TimingManager*> > >::base() const
 .text._ZNSaIP13TimingManagerEC2Ev
                0x0800314c       0x18 ./app_core/tools/timer/TimingManager.o
                0x0800314c                std::allocator<TimingManager*>::allocator()
                0x0800314c                std::allocator<TimingManager*>::allocator()
 .text._ZNSt12_Vector_baseIP13TimingManagerSaIS1_EE17_Vector_impl_dataC2Ev
                0x08003164       0x26 ./app_core/tools/timer/TimingManager.o
                0x08003164                std::_Vector_base<TimingManager*, std::allocator<TimingManager*> >::_Vector_impl_data::_Vector_impl_data()
                0x08003164                std::_Vector_base<TimingManager*, std::allocator<TimingManager*> >::_Vector_impl_data::_Vector_impl_data()
 .text._ZNSt15__new_allocatorIP13TimingManagerED2Ev
                0x0800318a       0x14 ./app_core/tools/timer/TimingManager.o
                0x0800318a                std::__new_allocator<TimingManager*>::~__new_allocator()
                0x0800318a                std::__new_allocator<TimingManager*>::~__new_allocator()
 .text._ZNSt12_Vector_baseIP13TimingManagerSaIS1_EE13_M_deallocateEPS1_j
                0x0800319e       0x26 ./app_core/tools/timer/TimingManager.o
                0x0800319e                std::_Vector_base<TimingManager*, std::allocator<TimingManager*> >::_M_deallocate(TimingManager**, unsigned int)
 .text._ZSt4moveIRP13TimingManagerEONSt16remove_referenceIT_E4typeEOS4_
                0x080031c4       0x14 ./app_core/tools/timer/TimingManager.o
                0x080031c4                std::remove_reference<TimingManager*&>::type&& std::move<TimingManager*&>(TimingManager*&)
 .text._ZNSt6vectorIP13TimingManagerSaIS1_EE12emplace_backIJS1_EEEvDpOT_
                0x080031d8       0x5c ./app_core/tools/timer/TimingManager.o
                0x080031d8                void std::vector<TimingManager*, std::allocator<TimingManager*> >::emplace_back<TimingManager*>(TimingManager*&&)
 .text._ZNSt15__new_allocatorIP13TimingManagerEC2Ev
                0x08003234       0x14 ./app_core/tools/timer/TimingManager.o
                0x08003234                std::__new_allocator<TimingManager*>::__new_allocator()
                0x08003234                std::__new_allocator<TimingManager*>::__new_allocator()
 .text._ZNSt16allocator_traitsISaIP13TimingManagerEE10deallocateERS2_PS1_j
                0x08003248       0x1e ./app_core/tools/timer/TimingManager.o
                0x08003248                std::allocator_traits<std::allocator<TimingManager*> >::deallocate(std::allocator<TimingManager*>&, TimingManager**, unsigned int)
 .text._ZSt7forwardIP13TimingManagerEOT_RNSt16remove_referenceIS2_E4typeE
                0x08003266       0x14 ./app_core/tools/timer/TimingManager.o
                0x08003266                TimingManager*&& std::forward<TimingManager*>(std::remove_reference<TimingManager*>::type&)
 .text._ZNSt16allocator_traitsISaIP13TimingManagerEE9constructIS1_JS1_EEEvRS2_PT_DpOT0_
                0x0800327a       0x26 ./app_core/tools/timer/TimingManager.o
                0x0800327a                void std::allocator_traits<std::allocator<TimingManager*> >::construct<TimingManager*, TimingManager*>(std::allocator<TimingManager*>&, TimingManager**, TimingManager*&&)
 .text._ZNSt6vectorIP13TimingManagerSaIS1_EE15_S_use_relocateEv
                0x080032a0       0x16 ./app_core/tools/timer/TimingManager.o
                0x080032a0                std::vector<TimingManager*, std::allocator<TimingManager*> >::_S_use_relocate()
 .text._ZNSt6vectorIP13TimingManagerSaIS1_EE19_S_nothrow_relocateESt17integral_constantIbLb1EE
                0x080032b6       0x14 ./app_core/tools/timer/TimingManager.o
                0x080032b6                std::vector<TimingManager*, std::allocator<TimingManager*> >::_S_nothrow_relocate(std::integral_constant<bool, true>)
 *fill*         0x080032ca        0x2 
 .text._ZNSt6vectorIP13TimingManagerSaIS1_EE17_M_realloc_insertIJS1_EEEvN9__gnu_cxx17__normal_iteratorIPS1_S3_EEDpOT_
                0x080032cc      0x178 ./app_core/tools/timer/TimingManager.o
                0x080032cc                void std::vector<TimingManager*, std::allocator<TimingManager*> >::_M_realloc_insert<TimingManager*>(__gnu_cxx::__normal_iterator<TimingManager**, std::vector<TimingManager*, std::allocator<TimingManager*> > >, TimingManager*&&)
 .text._ZNSt15__new_allocatorIP13TimingManagerE10deallocateEPS1_j
                0x08003444       0x20 ./app_core/tools/timer/TimingManager.o
                0x08003444                std::__new_allocator<TimingManager*>::deallocate(TimingManager**, unsigned int)
 .text._ZN9__gnu_cxxmiIPP13TimingManagerSt6vectorIS2_SaIS2_EEEENS_17__normal_iteratorIT_T0_E15difference_typeERKSA_SD_
                0x08003464       0x2a ./app_core/tools/timer/TimingManager.o
                0x08003464                __gnu_cxx::__normal_iterator<TimingManager**, std::vector<TimingManager*, std::allocator<TimingManager*> > >::difference_type __gnu_cxx::operator-<TimingManager**, std::vector<TimingManager*, std::allocator<TimingManager*> > >(__gnu_cxx::__normal_iterator<TimingManager**, std::vector<TimingManager*, std::allocator<TimingManager*> > > const&, __gnu_cxx::__normal_iterator<TimingManager**, std::vector<TimingManager*, std::allocator<TimingManager*> > > const&)
 .text._ZNSt15__new_allocatorIP13TimingManagerE9constructIS1_JS1_EEEvPT_DpOT0_
                0x0800348e       0x2c ./app_core/tools/timer/TimingManager.o
                0x0800348e                void std::__new_allocator<TimingManager*>::construct<TimingManager*, TimingManager*>(TimingManager**, TimingManager*&&)
 .text._ZNKSt6vectorIP13TimingManagerSaIS1_EE12_M_check_lenEjPKc
                0x080034ba       0x8e ./app_core/tools/timer/TimingManager.o
                0x080034ba                std::vector<TimingManager*, std::allocator<TimingManager*> >::_M_check_len(unsigned int, char const*) const
 .text._ZNSt12_Vector_baseIP13TimingManagerSaIS1_EE11_M_allocateEj
                0x08003548       0x28 ./app_core/tools/timer/TimingManager.o
                0x08003548                std::_Vector_base<TimingManager*, std::allocator<TimingManager*> >::_M_allocate(unsigned int)
 .text._ZNSt6vectorIP13TimingManagerSaIS1_EE11_S_relocateEPS1_S4_S4_RS2_
                0x08003570       0x28 ./app_core/tools/timer/TimingManager.o
                0x08003570                std::vector<TimingManager*, std::allocator<TimingManager*> >::_S_relocate(TimingManager**, TimingManager**, TimingManager**, std::allocator<TimingManager*>&)
 .text._ZNSt12_Vector_baseIP13TimingManagerSaIS1_EE19_M_get_Tp_allocatorEv
                0x08003598       0x14 ./app_core/tools/timer/TimingManager.o
                0x08003598                std::_Vector_base<TimingManager*, std::allocator<TimingManager*> >::_M_get_Tp_allocator()
 .text._ZSt34__uninitialized_move_if_noexcept_aIPP13TimingManagerS2_SaIS1_EET0_T_S5_S4_RT1_
                0x080035ac       0x32 ./app_core/tools/timer/TimingManager.o
                0x080035ac                TimingManager** std::__uninitialized_move_if_noexcept_a<TimingManager**, TimingManager**, std::allocator<TimingManager*> >(TimingManager**, TimingManager**, TimingManager**, std::allocator<TimingManager*>&)
 .text._ZSt8_DestroyIPP13TimingManagerS1_EvT_S3_RSaIT0_E
                0x080035de       0x1c ./app_core/tools/timer/TimingManager.o
                0x080035de                void std::_Destroy<TimingManager**, TimingManager*>(TimingManager**, TimingManager**, std::allocator<TimingManager*>&)
 .text._ZSt14__copy_move_a1ILb1EPP13TimingManagerS2_ET1_T0_S4_S3_
                0x080035fa       0x20 ./app_core/tools/timer/TimingManager.o
                0x080035fa                TimingManager** std::__copy_move_a1<true, TimingManager**, TimingManager**>(TimingManager**, TimingManager**, TimingManager**)
 .text._ZNKSt6vectorIP13TimingManagerSaIS1_EE8max_sizeEv
                0x0800361a       0x22 ./app_core/tools/timer/TimingManager.o
                0x0800361a                std::vector<TimingManager*, std::allocator<TimingManager*> >::max_size() const
 .text._ZNKSt6vectorIP13TimingManagerSaIS1_EE4sizeEv
                0x0800363c       0x1e ./app_core/tools/timer/TimingManager.o
                0x0800363c                std::vector<TimingManager*, std::allocator<TimingManager*> >::size() const
 .text._ZSt3maxIjERKT_S2_S2_
                0x0800365a       0x26 ./app_core/tools/timer/TimingManager.o
                0x0800365a                unsigned int const& std::max<unsigned int>(unsigned int const&, unsigned int const&)
 .text._ZNSt16allocator_traitsISaIP13TimingManagerEE8allocateERS2_j
                0x08003680       0x1e ./app_core/tools/timer/TimingManager.o
                0x08003680                std::allocator_traits<std::allocator<TimingManager*> >::allocate(std::allocator<TimingManager*>&, unsigned int)
 .text._ZNSt6vectorIP13TimingManagerSaIS1_EE14_S_do_relocateEPS1_S4_S4_RS2_St17integral_constantIbLb1EE
                0x0800369e       0x24 ./app_core/tools/timer/TimingManager.o
                0x0800369e                std::vector<TimingManager*, std::allocator<TimingManager*> >::_S_do_relocate(TimingManager**, TimingManager**, TimingManager**, std::allocator<TimingManager*>&, std::integral_constant<bool, true>)
 .text._ZSt32__make_move_if_noexcept_iteratorIP13TimingManagerSt13move_iteratorIPS1_EET0_PT_
                0x080036c2       0x1e ./app_core/tools/timer/TimingManager.o
                0x080036c2                std::move_iterator<TimingManager**> std::__make_move_if_noexcept_iterator<TimingManager*, std::move_iterator<TimingManager**> >(TimingManager**)
 .text._ZSt22__uninitialized_copy_aISt13move_iteratorIPP13TimingManagerES3_S2_ET0_T_S6_S5_RSaIT1_E
                0x080036e0       0x22 ./app_core/tools/timer/TimingManager.o
                0x080036e0                TimingManager** std::__uninitialized_copy_a<std::move_iterator<TimingManager**>, TimingManager**, TimingManager*>(std::move_iterator<TimingManager**>, std::move_iterator<TimingManager**>, TimingManager**, std::allocator<TimingManager*>&)
 .text._ZSt8_DestroyIPP13TimingManagerEvT_S3_
                0x08003702       0x1a ./app_core/tools/timer/TimingManager.o
                0x08003702                void std::_Destroy<TimingManager**>(TimingManager**, TimingManager**)
 .text._ZSt14__copy_move_a2ILb1EPP13TimingManagerS2_ET1_T0_S4_S3_
                0x0800371c       0x20 ./app_core/tools/timer/TimingManager.o
                0x0800371c                TimingManager** std::__copy_move_a2<true, TimingManager**, TimingManager**>(TimingManager**, TimingManager**, TimingManager**)
 .text._ZNSt6vectorIP13TimingManagerSaIS1_EE11_S_max_sizeERKS2_
                0x0800373c       0x34 ./app_core/tools/timer/TimingManager.o
                0x0800373c                std::vector<TimingManager*, std::allocator<TimingManager*> >::_S_max_size(std::allocator<TimingManager*> const&)
 .text._ZNKSt12_Vector_baseIP13TimingManagerSaIS1_EE19_M_get_Tp_allocatorEv
                0x08003770       0x14 ./app_core/tools/timer/TimingManager.o
                0x08003770                std::_Vector_base<TimingManager*, std::allocator<TimingManager*> >::_M_get_Tp_allocator() const
 .text._ZNSt15__new_allocatorIP13TimingManagerE8allocateEjPKv
                0x08003784       0x52 ./app_core/tools/timer/TimingManager.o
                0x08003784                std::__new_allocator<TimingManager*>::allocate(unsigned int, void const*)
 .text._ZSt12__relocate_aIPP13TimingManagerS2_SaIS1_EET0_T_S5_S4_RT1_
                0x080037d6       0x3a ./app_core/tools/timer/TimingManager.o
                0x080037d6                TimingManager** std::__relocate_a<TimingManager**, TimingManager**, std::allocator<TimingManager*> >(TimingManager**, TimingManager**, TimingManager**, std::allocator<TimingManager*>&)
 .text._ZNSt13move_iteratorIPP13TimingManagerEC2ES2_
                0x08003810       0x24 ./app_core/tools/timer/TimingManager.o
                0x08003810                std::move_iterator<TimingManager**>::move_iterator(TimingManager**)
                0x08003810                std::move_iterator<TimingManager**>::move_iterator(TimingManager**)
 .text._ZSt18uninitialized_copyISt13move_iteratorIPP13TimingManagerES3_ET0_T_S6_S5_
                0x08003834       0x28 ./app_core/tools/timer/TimingManager.o
                0x08003834                TimingManager** std::uninitialized_copy<std::move_iterator<TimingManager**>, TimingManager**>(std::move_iterator<TimingManager**>, std::move_iterator<TimingManager**>, TimingManager**)
 .text._ZNSt12_Destroy_auxILb1EE9__destroyIPP13TimingManagerEEvT_S5_
                0x0800385c       0x14 ./app_core/tools/timer/TimingManager.o
                0x0800385c                void std::_Destroy_aux<true>::__destroy<TimingManager**>(TimingManager**, TimingManager**)
 .text._ZNSt11__copy_moveILb1ELb1ESt26random_access_iterator_tagE8__copy_mIP13TimingManagerEEPT_PKS5_S8_S6_
                0x08003870       0x3a ./app_core/tools/timer/TimingManager.o
                0x08003870                TimingManager** std::__copy_move<true, true, std::random_access_iterator_tag>::__copy_m<TimingManager*>(TimingManager* const*, TimingManager* const*, TimingManager**)
 .text._ZNSt16allocator_traitsISaIP13TimingManagerEE8max_sizeERKS2_
                0x080038aa       0x18 ./app_core/tools/timer/TimingManager.o
                0x080038aa                std::allocator_traits<std::allocator<TimingManager*> >::max_size(std::allocator<TimingManager*> const&)
 .text._ZSt3minIjERKT_S2_S2_
                0x080038c2       0x26 ./app_core/tools/timer/TimingManager.o
                0x080038c2                unsigned int const& std::min<unsigned int>(unsigned int const&, unsigned int const&)
 .text._ZNKSt15__new_allocatorIP13TimingManagerE11_M_max_sizeEv
                0x080038e8       0x16 ./app_core/tools/timer/TimingManager.o
                0x080038e8                std::__new_allocator<TimingManager*>::_M_max_size() const
 .text._ZSt12__niter_baseIPP13TimingManagerET_S3_
                0x080038fe       0x14 ./app_core/tools/timer/TimingManager.o
                0x080038fe                TimingManager** std::__niter_base<TimingManager**>(TimingManager**)
 .text._ZSt14__relocate_a_1IP13TimingManagerS1_ENSt9enable_ifIXsrSt24__is_bitwise_relocatableIT_vE5valueEPS4_E4typeES6_S6_S6_RSaIT0_E
                0x08003912       0x3c ./app_core/tools/timer/TimingManager.o
                0x08003912                std::enable_if<std::__is_bitwise_relocatable<TimingManager*, void>::value, TimingManager**>::type std::__relocate_a_1<TimingManager*, TimingManager*>(TimingManager**, TimingManager**, TimingManager**, std::allocator<TimingManager*>&)
 .text._ZSt4moveIRPP13TimingManagerEONSt16remove_referenceIT_E4typeEOS5_
                0x0800394e       0x14 ./app_core/tools/timer/TimingManager.o
                0x0800394e                std::remove_reference<TimingManager**&>::type&& std::move<TimingManager**&>(TimingManager**&)
 .text._ZNSt20__uninitialized_copyILb1EE13__uninit_copyISt13move_iteratorIPP13TimingManagerES5_EET0_T_S8_S7_
                0x08003962       0x20 ./app_core/tools/timer/TimingManager.o
                0x08003962                TimingManager** std::__uninitialized_copy<true>::__uninit_copy<std::move_iterator<TimingManager**>, TimingManager**>(std::move_iterator<TimingManager**>, std::move_iterator<TimingManager**>, TimingManager**)
 .text._ZNKSt15__new_allocatorIP13TimingManagerE8max_sizeEv
                0x08003982       0x18 ./app_core/tools/timer/TimingManager.o
                0x08003982                std::__new_allocator<TimingManager*>::max_size() const
 .text._ZSt4copyISt13move_iteratorIPP13TimingManagerES3_ET0_T_S6_S5_
                0x0800399a       0x30 ./app_core/tools/timer/TimingManager.o
                0x0800399a                TimingManager** std::copy<std::move_iterator<TimingManager**>, TimingManager**>(std::move_iterator<TimingManager**>, std::move_iterator<TimingManager**>, TimingManager**)
 .text._ZSt12__miter_baseIPP13TimingManagerEDTcl12__miter_basecldtfp_4baseEEESt13move_iteratorIT_E
                0x080039ca       0x22 ./app_core/tools/timer/TimingManager.o
                0x080039ca                decltype (__miter_base(({parm#1}.base)())) std::__miter_base<TimingManager**>(std::move_iterator<TimingManager**>)
 .text._ZSt13__copy_move_aILb1EPP13TimingManagerS2_ET1_T0_S4_S3_
                0x080039ec       0x46 ./app_core/tools/timer/TimingManager.o
                0x080039ec                TimingManager** std::__copy_move_a<true, TimingManager**, TimingManager**>(TimingManager**, TimingManager**, TimingManager**)
 .text._ZNKSt13move_iteratorIPP13TimingManagerE4baseEv
                0x08003a32       0x16 ./app_core/tools/timer/TimingManager.o
                0x08003a32                std::move_iterator<TimingManager**>::base() const
 .text._ZSt12__miter_baseIPP13TimingManagerET_S3_
                0x08003a48       0x14 ./app_core/tools/timer/TimingManager.o
                0x08003a48                TimingManager** std::__miter_base<TimingManager**>(TimingManager**)
 .text._ZSt12__niter_wrapIPP13TimingManagerET_RKS3_S3_
                0x08003a5c       0x16 ./app_core/tools/timer/TimingManager.o
                0x08003a5c                TimingManager** std::__niter_wrap<TimingManager**>(TimingManager** const&, TimingManager**)
 *fill*         0x08003a72        0x2 
 .text._Z41__static_initialization_and_destruction_0ii
                0x08003a74       0x44 ./app_core/tools/timer/TimingManager.o
 .text._ZNSt6vectorIP13TimingManagerSaIS1_EED2Ev
                0x08003ab8       0x36 ./app_core/tools/timer/TimingManager.o
                0x08003ab8                std::vector<TimingManager*, std::allocator<TimingManager*> >::~vector()
                0x08003ab8                std::vector<TimingManager*, std::allocator<TimingManager*> >::~vector()
 .text._GLOBAL__sub_I__ZN13TimingManager8m_timersE
                0x08003aee       0x10 ./app_core/tools/timer/TimingManager.o
 .text._GLOBAL__sub_D__ZN13TimingManager8m_timersE
                0x08003afe       0x10 ./app_core/tools/timer/TimingManager.o
 .text.UART_Init
                0x08003b0e       0xba ./app_core/tools/uart/stm32_uart.o
                0x08003b0e                UART_Init
 .text.UART_new
                0x08003bc8       0x42 ./app_core/tools/uart/stm32_uart.o
                0x08003bc8                UART_new
 .text.UART_SendBuffer
                0x08003c0a       0x68 ./app_core/tools/uart/stm32_uart.o
                0x08003c0a                UART_SendBuffer
 .text.UART_SetTxcallback
                0x08003c72       0x32 ./app_core/tools/uart/stm32_uart.o
                0x08003c72                UART_SetTxcallback
 .text.UART_SetRxCallback
                0x08003ca4       0x74 ./app_core/tools/uart/stm32_uart.o
                0x08003ca4                UART_SetRxCallback
 .text.UART_SetErrorCallback
                0x08003d18       0x22 ./app_core/tools/uart/stm32_uart.o
                0x08003d18                UART_SetErrorCallback
 .text.USER_UART_IRQHandler
                0x08003d3a       0x46 ./app_core/tools/uart/stm32_uart.o
                0x08003d3a                USER_UART_IRQHandler
 .text.UART_RXCallback
                0x08003d80       0xc4 ./app_core/tools/uart/stm32_uart.o
                0x08003d80                UART_RXCallback
 .text.UART_TXCallback
                0x08003e44       0x48 ./app_core/tools/uart/stm32_uart.o
                0x08003e44                UART_TXCallback
 .text.UART_ErrorCallback
                0x08003e8c       0xf4 ./app_core/tools/uart/stm32_uart.o
                0x08003e8c                UART_ErrorCallback
 .text.initUartsContainer
                0x08003f80       0x20 ./app_core/tools/uart/stm32_uart_container.o
                0x08003f80                initUartsContainer
 .text.getContainerUartInstance
                0x08003fa0       0x50 ./app_core/tools/uart/stm32_uart_container.o
                0x08003fa0                getContainerUartInstance
 .text.pushContainerUartInstance
                0x08003ff0       0x4c ./app_core/tools/uart/stm32_uart_container.o
                0x08003ff0                pushContainerUartInstance
 .text._ZdlPvj  0x0800403c        0x4 C:/ST/STM32CubeIDE_1.15.0/STM32CubeIDE/plugins/com.st.stm32cube.ide.mcu.externaltools.gnu-tools-for-stm32.12.3.rel1.win32_1.0.100.202403111256/tools/bin/../lib/gcc/arm-none-eabi/12.3.1/../../../../arm-none-eabi/lib/thumb/v7-m/nofp\libstdc++_nano.a(del_ops.o)
                0x0800403c                operator delete(void*, unsigned int)
 .text.__cxa_guard_acquire
                0x08004040       0x18 C:/ST/STM32CubeIDE_1.15.0/STM32CubeIDE/plugins/com.st.stm32cube.ide.mcu.externaltools.gnu-tools-for-stm32.12.3.rel1.win32_1.0.100.202403111256/tools/bin/../lib/gcc/arm-none-eabi/12.3.1/../../../../arm-none-eabi/lib/thumb/v7-m/nofp\libstdc++_nano.a(guard.o)
                0x08004040                __cxa_guard_acquire
 .text.__cxa_guard_release
                0x08004058        0x6 C:/ST/STM32CubeIDE_1.15.0/STM32CubeIDE/plugins/com.st.stm32cube.ide.mcu.externaltools.gnu-tools-for-stm32.12.3.rel1.win32_1.0.100.202403111256/tools/bin/../lib/gcc/arm-none-eabi/12.3.1/../../../../arm-none-eabi/lib/thumb/v7-m/nofp\libstdc++_nano.a(guard.o)
                0x08004058                __cxa_guard_release
 .text._Znwj    0x0800405e       0x22 C:/ST/STM32CubeIDE_1.15.0/STM32CubeIDE/plugins/com.st.stm32cube.ide.mcu.externaltools.gnu-tools-for-stm32.12.3.rel1.win32_1.0.100.202403111256/tools/bin/../lib/gcc/arm-none-eabi/12.3.1/../../../../arm-none-eabi/lib/thumb/v7-m/nofp\libstdc++_nano.a(new_op.o)
                0x0800405e                operator new(unsigned int)
 .text.unlikely._ZSt17__throw_bad_allocv
                0x08004080        0x6 C:/ST/STM32CubeIDE_1.15.0/STM32CubeIDE/plugins/com.st.stm32cube.ide.mcu.externaltools.gnu-tools-for-stm32.12.3.rel1.win32_1.0.100.202403111256/tools/bin/../lib/gcc/arm-none-eabi/12.3.1/../../../../arm-none-eabi/lib/thumb/v7-m/nofp\libstdc++_nano.a(functexcept.o)
                0x08004080                std::__throw_bad_alloc()
 .text.unlikely._ZSt28__throw_bad_array_new_lengthv
                0x08004086        0x6 C:/ST/STM32CubeIDE_1.15.0/STM32CubeIDE/plugins/com.st.stm32cube.ide.mcu.externaltools.gnu-tools-for-stm32.12.3.rel1.win32_1.0.100.202403111256/tools/bin/../lib/gcc/arm-none-eabi/12.3.1/../../../../arm-none-eabi/lib/thumb/v7-m/nofp\libstdc++_nano.a(functexcept.o)
                0x08004086                std::__throw_bad_array_new_length()
 .text.unlikely._ZSt20__throw_length_errorPKc
                0x0800408c        0x6 C:/ST/STM32CubeIDE_1.15.0/STM32CubeIDE/plugins/com.st.stm32cube.ide.mcu.externaltools.gnu-tools-for-stm32.12.3.rel1.win32_1.0.100.202403111256/tools/bin/../lib/gcc/arm-none-eabi/12.3.1/../../../../arm-none-eabi/lib/thumb/v7-m/nofp\libstdc++_nano.a(functexcept.o)
                0x0800408c                std::__throw_length_error(char const*)
 .text._ZdlPv   0x08004092        0x4 C:/ST/STM32CubeIDE_1.15.0/STM32CubeIDE/plugins/com.st.stm32cube.ide.mcu.externaltools.gnu-tools-for-stm32.12.3.rel1.win32_1.0.100.202403111256/tools/bin/../lib/gcc/arm-none-eabi/12.3.1/../../../../arm-none-eabi/lib/thumb/v7-m/nofp\libstdc++_nano.a(del_op.o)
                0x08004092                operator delete(void*)
 *fill*         0x08004096        0x2 
 .text._ZSt15get_new_handlerv
                0x08004098       0x10 C:/ST/STM32CubeIDE_1.15.0/STM32CubeIDE/plugins/com.st.stm32cube.ide.mcu.externaltools.gnu-tools-for-stm32.12.3.rel1.win32_1.0.100.202403111256/tools/bin/../lib/gcc/arm-none-eabi/12.3.1/../../../../arm-none-eabi/lib/thumb/v7-m/nofp\libstdc++_nano.a(new_handler.o)
                0x08004098                std::get_new_handler()
 .text.abort    0x080040a8        0xe C:/ST/STM32CubeIDE_1.15.0/STM32CubeIDE/plugins/com.st.stm32cube.ide.mcu.externaltools.gnu-tools-for-stm32.12.3.rel1.win32_1.0.100.202403111256/tools/bin/../lib/gcc/arm-none-eabi/12.3.1/../../../../arm-none-eabi/lib/thumb/v7-m/nofp\libc_nano.a(libc_a-abort.o)
                0x080040a8                abort
 *fill*         0x080040b6        0x2 
 .text.__assert_func
                0x080040b8       0x3c C:/ST/STM32CubeIDE_1.15.0/STM32CubeIDE/plugins/com.st.stm32cube.ide.mcu.externaltools.gnu-tools-for-stm32.12.3.rel1.win32_1.0.100.202403111256/tools/bin/../lib/gcc/arm-none-eabi/12.3.1/../../../../arm-none-eabi/lib/thumb/v7-m/nofp\libc_nano.a(libc_a-assert.o)
                0x080040b8                __assert_func
 .text.malloc   0x080040f4       0x10 C:/ST/STM32CubeIDE_1.15.0/STM32CubeIDE/plugins/com.st.stm32cube.ide.mcu.externaltools.gnu-tools-for-stm32.12.3.rel1.win32_1.0.100.202403111256/tools/bin/../lib/gcc/arm-none-eabi/12.3.1/../../../../arm-none-eabi/lib/thumb/v7-m/nofp\libc_nano.a(libc_a-malloc.o)
                0x080040f4                malloc
 .text.free     0x08004104       0x10 C:/ST/STM32CubeIDE_1.15.0/STM32CubeIDE/plugins/com.st.stm32cube.ide.mcu.externaltools.gnu-tools-for-stm32.12.3.rel1.win32_1.0.100.202403111256/tools/bin/../lib/gcc/arm-none-eabi/12.3.1/../../../../arm-none-eabi/lib/thumb/v7-m/nofp\libc_nano.a(libc_a-malloc.o)
                0x08004104                free
 .text.sbrk_aligned
                0x08004114       0x44 C:/ST/STM32CubeIDE_1.15.0/STM32CubeIDE/plugins/com.st.stm32cube.ide.mcu.externaltools.gnu-tools-for-stm32.12.3.rel1.win32_1.0.100.202403111256/tools/bin/../lib/gcc/arm-none-eabi/12.3.1/../../../../arm-none-eabi/lib/thumb/v7-m/nofp\libc_nano.a(libc_a-mallocr.o)
 .text._malloc_r
                0x08004158      0x100 C:/ST/STM32CubeIDE_1.15.0/STM32CubeIDE/plugins/com.st.stm32cube.ide.mcu.externaltools.gnu-tools-for-stm32.12.3.rel1.win32_1.0.100.202403111256/tools/bin/../lib/gcc/arm-none-eabi/12.3.1/../../../../arm-none-eabi/lib/thumb/v7-m/nofp\libc_nano.a(libc_a-mallocr.o)
                0x08004158                _malloc_r
 .text.__malloc_lock
                0x08004258        0xc C:/ST/STM32CubeIDE_1.15.0/STM32CubeIDE/plugins/com.st.stm32cube.ide.mcu.externaltools.gnu-tools-for-stm32.12.3.rel1.win32_1.0.100.202403111256/tools/bin/../lib/gcc/arm-none-eabi/12.3.1/../../../../arm-none-eabi/lib/thumb/v7-m/nofp\libc_nano.a(libc_a-mlock.o)
                0x08004258                __malloc_lock
 .text.__malloc_unlock
                0x08004264        0xc C:/ST/STM32CubeIDE_1.15.0/STM32CubeIDE/plugins/com.st.stm32cube.ide.mcu.externaltools.gnu-tools-for-stm32.12.3.rel1.win32_1.0.100.202403111256/tools/bin/../lib/gcc/arm-none-eabi/12.3.1/../../../../arm-none-eabi/lib/thumb/v7-m/nofp\libc_nano.a(libc_a-mlock.o)
                0x08004264                __malloc_unlock
 .text.std      0x08004270       0x6c C:/ST/STM32CubeIDE_1.15.0/STM32CubeIDE/plugins/com.st.stm32cube.ide.mcu.externaltools.gnu-tools-for-stm32.12.3.rel1.win32_1.0.100.202403111256/tools/bin/../lib/gcc/arm-none-eabi/12.3.1/../../../../arm-none-eabi/lib/thumb/v7-m/nofp\libc_nano.a(libc_a-findfp.o)
 .text.stdio_exit_handler
                0x080042dc       0x18 C:/ST/STM32CubeIDE_1.15.0/STM32CubeIDE/plugins/com.st.stm32cube.ide.mcu.externaltools.gnu-tools-for-stm32.12.3.rel1.win32_1.0.100.202403111256/tools/bin/../lib/gcc/arm-none-eabi/12.3.1/../../../../arm-none-eabi/lib/thumb/v7-m/nofp\libc_nano.a(libc_a-findfp.o)
 .text.cleanup_stdio
                0x080042f4       0x40 C:/ST/STM32CubeIDE_1.15.0/STM32CubeIDE/plugins/com.st.stm32cube.ide.mcu.externaltools.gnu-tools-for-stm32.12.3.rel1.win32_1.0.100.202403111256/tools/bin/../lib/gcc/arm-none-eabi/12.3.1/../../../../arm-none-eabi/lib/thumb/v7-m/nofp\libc_nano.a(libc_a-findfp.o)
 .text.global_stdio_init.part.0
                0x08004334       0x3c C:/ST/STM32CubeIDE_1.15.0/STM32CubeIDE/plugins/com.st.stm32cube.ide.mcu.externaltools.gnu-tools-for-stm32.12.3.rel1.win32_1.0.100.202403111256/tools/bin/../lib/gcc/arm-none-eabi/12.3.1/../../../../arm-none-eabi/lib/thumb/v7-m/nofp\libc_nano.a(libc_a-findfp.o)
 .text.__sfp_lock_acquire
                0x08004370        0xc C:/ST/STM32CubeIDE_1.15.0/STM32CubeIDE/plugins/com.st.stm32cube.ide.mcu.externaltools.gnu-tools-for-stm32.12.3.rel1.win32_1.0.100.202403111256/tools/bin/../lib/gcc/arm-none-eabi/12.3.1/../../../../arm-none-eabi/lib/thumb/v7-m/nofp\libc_nano.a(libc_a-findfp.o)
                0x08004370                __sfp_lock_acquire
 .text.__sfp_lock_release
                0x0800437c        0xc C:/ST/STM32CubeIDE_1.15.0/STM32CubeIDE/plugins/com.st.stm32cube.ide.mcu.externaltools.gnu-tools-for-stm32.12.3.rel1.win32_1.0.100.202403111256/tools/bin/../lib/gcc/arm-none-eabi/12.3.1/../../../../arm-none-eabi/lib/thumb/v7-m/nofp\libc_nano.a(libc_a-findfp.o)
                0x0800437c                __sfp_lock_release
 .text.__sinit  0x08004388       0x30 C:/ST/STM32CubeIDE_1.15.0/STM32CubeIDE/plugins/com.st.stm32cube.ide.mcu.externaltools.gnu-tools-for-stm32.12.3.rel1.win32_1.0.100.202403111256/tools/bin/../lib/gcc/arm-none-eabi/12.3.1/../../../../arm-none-eabi/lib/thumb/v7-m/nofp\libc_nano.a(libc_a-findfp.o)
                0x08004388                __sinit
 .text.fprintf  0x080043b8       0x24 C:/ST/STM32CubeIDE_1.15.0/STM32CubeIDE/plugins/com.st.stm32cube.ide.mcu.externaltools.gnu-tools-for-stm32.12.3.rel1.win32_1.0.100.202403111256/tools/bin/../lib/gcc/arm-none-eabi/12.3.1/../../../../arm-none-eabi/lib/thumb/v7-m/nofp\libc_nano.a(libc_a-fprintf.o)
                0x080043b8                fiprintf
                0x080043b8                fprintf
 .text._fwalk_sglue
                0x080043dc       0x3c C:/ST/STM32CubeIDE_1.15.0/STM32CubeIDE/plugins/com.st.stm32cube.ide.mcu.externaltools.gnu-tools-for-stm32.12.3.rel1.win32_1.0.100.202403111256/tools/bin/../lib/gcc/arm-none-eabi/12.3.1/../../../../arm-none-eabi/lib/thumb/v7-m/nofp\libc_nano.a(libc_a-fwalk.o)
                0x080043dc                _fwalk_sglue
 .text.__sread  0x08004418       0x22 C:/ST/STM32CubeIDE_1.15.0/STM32CubeIDE/plugins/com.st.stm32cube.ide.mcu.externaltools.gnu-tools-for-stm32.12.3.rel1.win32_1.0.100.202403111256/tools/bin/../lib/gcc/arm-none-eabi/12.3.1/../../../../arm-none-eabi/lib/thumb/v7-m/nofp\libc_nano.a(libc_a-stdio.o)
                0x08004418                __sread
 .text.__swrite
                0x0800443a       0x38 C:/ST/STM32CubeIDE_1.15.0/STM32CubeIDE/plugins/com.st.stm32cube.ide.mcu.externaltools.gnu-tools-for-stm32.12.3.rel1.win32_1.0.100.202403111256/tools/bin/../lib/gcc/arm-none-eabi/12.3.1/../../../../arm-none-eabi/lib/thumb/v7-m/nofp\libc_nano.a(libc_a-stdio.o)
                0x0800443a                __swrite
 .text.__sseek  0x08004472       0x24 C:/ST/STM32CubeIDE_1.15.0/STM32CubeIDE/plugins/com.st.stm32cube.ide.mcu.externaltools.gnu-tools-for-stm32.12.3.rel1.win32_1.0.100.202403111256/tools/bin/../lib/gcc/arm-none-eabi/12.3.1/../../../../arm-none-eabi/lib/thumb/v7-m/nofp\libc_nano.a(libc_a-stdio.o)
                0x08004472                __sseek
 .text.__sclose
                0x08004496        0x8 C:/ST/STM32CubeIDE_1.15.0/STM32CubeIDE/plugins/com.st.stm32cube.ide.mcu.externaltools.gnu-tools-for-stm32.12.3.rel1.win32_1.0.100.202403111256/tools/bin/../lib/gcc/arm-none-eabi/12.3.1/../../../../arm-none-eabi/lib/thumb/v7-m/nofp\libc_nano.a(libc_a-stdio.o)
                0x08004496                __sclose
 .text.memmove  0x0800449e       0x34 C:/ST/STM32CubeIDE_1.15.0/STM32CubeIDE/plugins/com.st.stm32cube.ide.mcu.externaltools.gnu-tools-for-stm32.12.3.rel1.win32_1.0.100.202403111256/tools/bin/../lib/gcc/arm-none-eabi/12.3.1/../../../../arm-none-eabi/lib/thumb/v7-m/nofp\libc_nano.a(libc_a-memmove.o)
                0x0800449e                memmove
 .text.memset   0x080044d2       0x10 C:/ST/STM32CubeIDE_1.15.0/STM32CubeIDE/plugins/com.st.stm32cube.ide.mcu.externaltools.gnu-tools-for-stm32.12.3.rel1.win32_1.0.100.202403111256/tools/bin/../lib/gcc/arm-none-eabi/12.3.1/../../../../arm-none-eabi/lib/thumb/v7-m/nofp\libc_nano.a(libc_a-memset.o)
                0x080044d2                memset
 .text._raise_r
                0x080044e2       0x50 C:/ST/STM32CubeIDE_1.15.0/STM32CubeIDE/plugins/com.st.stm32cube.ide.mcu.externaltools.gnu-tools-for-stm32.12.3.rel1.win32_1.0.100.202403111256/tools/bin/../lib/gcc/arm-none-eabi/12.3.1/../../../../arm-none-eabi/lib/thumb/v7-m/nofp\libc_nano.a(libc_a-signal.o)
                0x080044e2                _raise_r
 *fill*         0x08004532        0x2 
 .text.raise    0x08004534       0x10 C:/ST/STM32CubeIDE_1.15.0/STM32CubeIDE/plugins/com.st.stm32cube.ide.mcu.externaltools.gnu-tools-for-stm32.12.3.rel1.win32_1.0.100.202403111256/tools/bin/../lib/gcc/arm-none-eabi/12.3.1/../../../../arm-none-eabi/lib/thumb/v7-m/nofp\libc_nano.a(libc_a-signal.o)
                0x08004534                raise
 .text._close_r
                0x08004544       0x20 C:/ST/STM32CubeIDE_1.15.0/STM32CubeIDE/plugins/com.st.stm32cube.ide.mcu.externaltools.gnu-tools-for-stm32.12.3.rel1.win32_1.0.100.202403111256/tools/bin/../lib/gcc/arm-none-eabi/12.3.1/../../../../arm-none-eabi/lib/thumb/v7-m/nofp\libc_nano.a(libc_a-closer.o)
                0x08004544                _close_r
 .text._lseek_r
                0x08004564       0x24 C:/ST/STM32CubeIDE_1.15.0/STM32CubeIDE/plugins/com.st.stm32cube.ide.mcu.externaltools.gnu-tools-for-stm32.12.3.rel1.win32_1.0.100.202403111256/tools/bin/../lib/gcc/arm-none-eabi/12.3.1/../../../../arm-none-eabi/lib/thumb/v7-m/nofp\libc_nano.a(libc_a-lseekr.o)
                0x08004564                _lseek_r
 .text._read_r  0x08004588       0x24 C:/ST/STM32CubeIDE_1.15.0/STM32CubeIDE/plugins/com.st.stm32cube.ide.mcu.externaltools.gnu-tools-for-stm32.12.3.rel1.win32_1.0.100.202403111256/tools/bin/../lib/gcc/arm-none-eabi/12.3.1/../../../../arm-none-eabi/lib/thumb/v7-m/nofp\libc_nano.a(libc_a-readr.o)
                0x08004588                _read_r
 .text._kill_r  0x080045ac       0x24 C:/ST/STM32CubeIDE_1.15.0/STM32CubeIDE/plugins/com.st.stm32cube.ide.mcu.externaltools.gnu-tools-for-stm32.12.3.rel1.win32_1.0.100.202403111256/tools/bin/../lib/gcc/arm-none-eabi/12.3.1/../../../../arm-none-eabi/lib/thumb/v7-m/nofp\libc_nano.a(libc_a-signalr.o)
                0x080045ac                _kill_r
 .text._getpid_r
                0x080045d0        0x4 C:/ST/STM32CubeIDE_1.15.0/STM32CubeIDE/plugins/com.st.stm32cube.ide.mcu.externaltools.gnu-tools-for-stm32.12.3.rel1.win32_1.0.100.202403111256/tools/bin/../lib/gcc/arm-none-eabi/12.3.1/../../../../arm-none-eabi/lib/thumb/v7-m/nofp\libc_nano.a(libc_a-signalr.o)
                0x080045d0                _getpid_r
 .text._sbrk_r  0x080045d4       0x20 C:/ST/STM32CubeIDE_1.15.0/STM32CubeIDE/plugins/com.st.stm32cube.ide.mcu.externaltools.gnu-tools-for-stm32.12.3.rel1.win32_1.0.100.202403111256/tools/bin/../lib/gcc/arm-none-eabi/12.3.1/../../../../arm-none-eabi/lib/thumb/v7-m/nofp\libc_nano.a(libc_a-sbrkr.o)
                0x080045d4                _sbrk_r
 .text._write_r
                0x080045f4       0x24 C:/ST/STM32CubeIDE_1.15.0/STM32CubeIDE/plugins/com.st.stm32cube.ide.mcu.externaltools.gnu-tools-for-stm32.12.3.rel1.win32_1.0.100.202403111256/tools/bin/../lib/gcc/arm-none-eabi/12.3.1/../../../../arm-none-eabi/lib/thumb/v7-m/nofp\libc_nano.a(libc_a-writer.o)
                0x080045f4                _write_r
 .text.__errno  0x08004618        0xc C:/ST/STM32CubeIDE_1.15.0/STM32CubeIDE/plugins/com.st.stm32cube.ide.mcu.externaltools.gnu-tools-for-stm32.12.3.rel1.win32_1.0.100.202403111256/tools/bin/../lib/gcc/arm-none-eabi/12.3.1/../../../../arm-none-eabi/lib/thumb/v7-m/nofp\libc_nano.a(libc_a-errno.o)
                0x08004618                __errno
 .text.__libc_init_array
                0x08004624       0x48 C:/ST/STM32CubeIDE_1.15.0/STM32CubeIDE/plugins/com.st.stm32cube.ide.mcu.externaltools.gnu-tools-for-stm32.12.3.rel1.win32_1.0.100.202403111256/tools/bin/../lib/gcc/arm-none-eabi/12.3.1/../../../../arm-none-eabi/lib/thumb/v7-m/nofp\libc_nano.a(libc_a-init.o)
                0x08004624                __libc_init_array
 .text.__retarget_lock_init_recursive
                0x0800466c        0x2 C:/ST/STM32CubeIDE_1.15.0/STM32CubeIDE/plugins/com.st.stm32cube.ide.mcu.externaltools.gnu-tools-for-stm32.12.3.rel1.win32_1.0.100.202403111256/tools/bin/../lib/gcc/arm-none-eabi/12.3.1/../../../../arm-none-eabi/lib/thumb/v7-m/nofp\libc_nano.a(libc_a-lock.o)
                0x0800466c                __retarget_lock_init_recursive
 .text.__retarget_lock_acquire_recursive
                0x0800466e        0x2 C:/ST/STM32CubeIDE_1.15.0/STM32CubeIDE/plugins/com.st.stm32cube.ide.mcu.externaltools.gnu-tools-for-stm32.12.3.rel1.win32_1.0.100.202403111256/tools/bin/../lib/gcc/arm-none-eabi/12.3.1/../../../../arm-none-eabi/lib/thumb/v7-m/nofp\libc_nano.a(libc_a-lock.o)
                0x0800466e                __retarget_lock_acquire_recursive
 .text.__retarget_lock_release_recursive
                0x08004670        0x2 C:/ST/STM32CubeIDE_1.15.0/STM32CubeIDE/plugins/com.st.stm32cube.ide.mcu.externaltools.gnu-tools-for-stm32.12.3.rel1.win32_1.0.100.202403111256/tools/bin/../lib/gcc/arm-none-eabi/12.3.1/../../../../arm-none-eabi/lib/thumb/v7-m/nofp\libc_nano.a(libc_a-lock.o)
                0x08004670                __retarget_lock_release_recursive
 *fill*         0x08004672        0x2 
 .text._free_r  0x08004674       0x90 C:/ST/STM32CubeIDE_1.15.0/STM32CubeIDE/plugins/com.st.stm32cube.ide.mcu.externaltools.gnu-tools-for-stm32.12.3.rel1.win32_1.0.100.202403111256/tools/bin/../lib/gcc/arm-none-eabi/12.3.1/../../../../arm-none-eabi/lib/thumb/v7-m/nofp\libc_nano.a(libc_a-freer.o)
                0x08004674                _free_r
 .text.__sfputc_r
                0x08004704       0x2a C:/ST/STM32CubeIDE_1.15.0/STM32CubeIDE/plugins/com.st.stm32cube.ide.mcu.externaltools.gnu-tools-for-stm32.12.3.rel1.win32_1.0.100.202403111256/tools/bin/../lib/gcc/arm-none-eabi/12.3.1/../../../../arm-none-eabi/lib/thumb/v7-m/nofp\libc_nano.a(libc_a-nano-vfprintf.o)
 .text.__sfputs_r
                0x0800472e       0x24 C:/ST/STM32CubeIDE_1.15.0/STM32CubeIDE/plugins/com.st.stm32cube.ide.mcu.externaltools.gnu-tools-for-stm32.12.3.rel1.win32_1.0.100.202403111256/tools/bin/../lib/gcc/arm-none-eabi/12.3.1/../../../../arm-none-eabi/lib/thumb/v7-m/nofp\libc_nano.a(libc_a-nano-vfprintf.o)
                0x0800472e                __sfputs_r
 *fill*         0x08004752        0x2 
 .text._vfprintf_r
                0x08004754      0x230 C:/ST/STM32CubeIDE_1.15.0/STM32CubeIDE/plugins/com.st.stm32cube.ide.mcu.externaltools.gnu-tools-for-stm32.12.3.rel1.win32_1.0.100.202403111256/tools/bin/../lib/gcc/arm-none-eabi/12.3.1/../../../../arm-none-eabi/lib/thumb/v7-m/nofp\libc_nano.a(libc_a-nano-vfprintf.o)
                0x08004754                _vfprintf_r
                0x08004754                _vfiprintf_r
 .text._printf_common
                0x08004984       0xe4 C:/ST/STM32CubeIDE_1.15.0/STM32CubeIDE/plugins/com.st.stm32cube.ide.mcu.externaltools.gnu-tools-for-stm32.12.3.rel1.win32_1.0.100.202403111256/tools/bin/../lib/gcc/arm-none-eabi/12.3.1/../../../../arm-none-eabi/lib/thumb/v7-m/nofp\libc_nano.a(libc_a-nano-vfprintf_i.o)
                0x08004984                _printf_common
 .text._printf_i
                0x08004a68      0x240 C:/ST/STM32CubeIDE_1.15.0/STM32CubeIDE/plugins/com.st.stm32cube.ide.mcu.externaltools.gnu-tools-for-stm32.12.3.rel1.win32_1.0.100.202403111256/tools/bin/../lib/gcc/arm-none-eabi/12.3.1/../../../../arm-none-eabi/lib/thumb/v7-m/nofp\libc_nano.a(libc_a-nano-vfprintf_i.o)
                0x08004a68                _printf_i
 .text.__sflush_r
                0x08004ca8      0x100 C:/ST/STM32CubeIDE_1.15.0/STM32CubeIDE/plugins/com.st.stm32cube.ide.mcu.externaltools.gnu-tools-for-stm32.12.3.rel1.win32_1.0.100.202403111256/tools/bin/../lib/gcc/arm-none-eabi/12.3.1/../../../../arm-none-eabi/lib/thumb/v7-m/nofp\libc_nano.a(libc_a-fflush.o)
                0x08004ca8                __sflush_r
 .text._fflush_r
                0x08004da8       0x50 C:/ST/STM32CubeIDE_1.15.0/STM32CubeIDE/plugins/com.st.stm32cube.ide.mcu.externaltools.gnu-tools-for-stm32.12.3.rel1.win32_1.0.100.202403111256/tools/bin/../lib/gcc/arm-none-eabi/12.3.1/../../../../arm-none-eabi/lib/thumb/v7-m/nofp\libc_nano.a(libc_a-fflush.o)
                0x08004da8                _fflush_r
 .text.__swbuf_r
                0x08004df8       0x7c C:/ST/STM32CubeIDE_1.15.0/STM32CubeIDE/plugins/com.st.stm32cube.ide.mcu.externaltools.gnu-tools-for-stm32.12.3.rel1.win32_1.0.100.202403111256/tools/bin/../lib/gcc/arm-none-eabi/12.3.1/../../../../arm-none-eabi/lib/thumb/v7-m/nofp\libc_nano.a(libc_a-wbuf.o)
                0x08004df8                __swbuf_r
 .text.__swsetup_r
                0x08004e74       0xac C:/ST/STM32CubeIDE_1.15.0/STM32CubeIDE/plugins/com.st.stm32cube.ide.mcu.externaltools.gnu-tools-for-stm32.12.3.rel1.win32_1.0.100.202403111256/tools/bin/../lib/gcc/arm-none-eabi/12.3.1/../../../../arm-none-eabi/lib/thumb/v7-m/nofp\libc_nano.a(libc_a-wsetup.o)
                0x08004e74                __swsetup_r
 .text.memchr   0x08004f20       0x1c C:/ST/STM32CubeIDE_1.15.0/STM32CubeIDE/plugins/com.st.stm32cube.ide.mcu.externaltools.gnu-tools-for-stm32.12.3.rel1.win32_1.0.100.202403111256/tools/bin/../lib/gcc/arm-none-eabi/12.3.1/../../../../arm-none-eabi/lib/thumb/v7-m/nofp\libc_nano.a(libc_a-memchr-stub.o)
                0x08004f20                memchr
 .text.__swhatbuf_r
                0x08004f3c       0x4a C:/ST/STM32CubeIDE_1.15.0/STM32CubeIDE/plugins/com.st.stm32cube.ide.mcu.externaltools.gnu-tools-for-stm32.12.3.rel1.win32_1.0.100.202403111256/tools/bin/../lib/gcc/arm-none-eabi/12.3.1/../../../../arm-none-eabi/lib/thumb/v7-m/nofp\libc_nano.a(libc_a-makebuf.o)
                0x08004f3c                __swhatbuf_r
 .text.__smakebuf_r
                0x08004f86       0x78 C:/ST/STM32CubeIDE_1.15.0/STM32CubeIDE/plugins/com.st.stm32cube.ide.mcu.externaltools.gnu-tools-for-stm32.12.3.rel1.win32_1.0.100.202403111256/tools/bin/../lib/gcc/arm-none-eabi/12.3.1/../../../../arm-none-eabi/lib/thumb/v7-m/nofp\libc_nano.a(libc_a-makebuf.o)
                0x08004f86                __smakebuf_r
 *fill*         0x08004ffe        0x2 
 .text._fstat_r
                0x08005000       0x24 C:/ST/STM32CubeIDE_1.15.0/STM32CubeIDE/plugins/com.st.stm32cube.ide.mcu.externaltools.gnu-tools-for-stm32.12.3.rel1.win32_1.0.100.202403111256/tools/bin/../lib/gcc/arm-none-eabi/12.3.1/../../../../arm-none-eabi/lib/thumb/v7-m/nofp\libc_nano.a(libc_a-fstatr.o)
                0x08005000                _fstat_r
 .text._isatty_r
                0x08005024       0x20 C:/ST/STM32CubeIDE_1.15.0/STM32CubeIDE/plugins/com.st.stm32cube.ide.mcu.externaltools.gnu-tools-for-stm32.12.3.rel1.win32_1.0.100.202403111256/tools/bin/../lib/gcc/arm-none-eabi/12.3.1/../../../../arm-none-eabi/lib/thumb/v7-m/nofp\libc_nano.a(libc_a-isattyr.o)
                0x08005024                _isatty_r
 *(.glue_7)
 .glue_7        0x08005044        0x0 linker stubs
 *(.glue_7t)
 .glue_7t       0x08005044        0x0 linker stubs
 *(.eh_frame)
 .eh_frame      0x08005044        0x0 C:/ST/STM32CubeIDE_1.15.0/STM32CubeIDE/plugins/com.st.stm32cube.ide.mcu.externaltools.gnu-tools-for-stm32.12.3.rel1.win32_1.0.100.202403111256/tools/bin/../lib/gcc/arm-none-eabi/12.3.1/thumb/v7-m/nofp/crtbegin.o
 *(.init)
 .init          0x08005044        0x4 C:/ST/STM32CubeIDE_1.15.0/STM32CubeIDE/plugins/com.st.stm32cube.ide.mcu.externaltools.gnu-tools-for-stm32.12.3.rel1.win32_1.0.100.202403111256/tools/bin/../lib/gcc/arm-none-eabi/12.3.1/thumb/v7-m/nofp/crti.o
                0x08005044                _init
 .init          0x08005048        0x8 C:/ST/STM32CubeIDE_1.15.0/STM32CubeIDE/plugins/com.st.stm32cube.ide.mcu.externaltools.gnu-tools-for-stm32.12.3.rel1.win32_1.0.100.202403111256/tools/bin/../lib/gcc/arm-none-eabi/12.3.1/thumb/v7-m/nofp/crtn.o
 *(.fini)
 .fini          0x08005050        0x4 C:/ST/STM32CubeIDE_1.15.0/STM32CubeIDE/plugins/com.st.stm32cube.ide.mcu.externaltools.gnu-tools-for-stm32.12.3.rel1.win32_1.0.100.202403111256/tools/bin/../lib/gcc/arm-none-eabi/12.3.1/thumb/v7-m/nofp/crti.o
                0x08005050                _fini
 .fini          0x08005054        0x8 C:/ST/STM32CubeIDE_1.15.0/STM32CubeIDE/plugins/com.st.stm32cube.ide.mcu.externaltools.gnu-tools-for-stm32.12.3.rel1.win32_1.0.100.202403111256/tools/bin/../lib/gcc/arm-none-eabi/12.3.1/thumb/v7-m/nofp/crtn.o
                0x0800505c                        . = ALIGN (0x4)
                0x0800505c                        _etext = .

.vfp11_veneer   0x0800505c        0x0
 .vfp11_veneer  0x0800505c        0x0 linker stubs

.v4_bx          0x0800505c        0x0
 .v4_bx         0x0800505c        0x0 linker stubs

.iplt           0x0800505c        0x0
 .iplt          0x0800505c        0x0 C:/ST/STM32CubeIDE_1.15.0/STM32CubeIDE/plugins/com.st.stm32cube.ide.mcu.externaltools.gnu-tools-for-stm32.12.3.rel1.win32_1.0.100.202403111256/tools/bin/../lib/gcc/arm-none-eabi/12.3.1/thumb/v7-m/nofp/crtbegin.o

.rodata         0x0800505c      0x188
                0x0800505c                        . = ALIGN (0x4)
 *(.rodata)
 .rodata        0x0800505c        0xa ./app_core/app_core.o
 *fill*         0x08005066        0x2 
 .rodata        0x08005068       0x3c ./app_core/tools/irq/stm32_irq_block.o
 .rodata        0x080050a4       0x1a ./app_core/tools/timer/TimingManager.o
 *fill*         0x080050be        0x2 
 .rodata        0x080050c0       0x6c ./app_core/tools/uart/stm32_uart.o
 *(.rodata*)
 .rodata.AHBPrescTable
                0x0800512c       0x10 ./Core/Src/system_stm32f1xx.o
                0x0800512c                AHBPrescTable
 .rodata.APBPrescTable
                0x0800513c        0x8 ./Core/Src/system_stm32f1xx.o
                0x0800513c                APBPrescTable
 .rodata.aPLLMULFactorTable.1
                0x08005144       0x10 ./Drivers/STM32F1xx_HAL_Driver/Src/stm32f1xx_hal_rcc.o
 .rodata.aPredivFactorTable.0
                0x08005154        0x2 ./Drivers/STM32F1xx_HAL_Driver/Src/stm32f1xx_hal_rcc.o
 *fill*         0x08005156        0x2 
 .rodata.__func__.0
                0x08005158        0xb ./app_core/tools/irq/stm32_irq_block.o
 *fill*         0x08005163        0x1 
 .rodata.__func__.0
                0x08005164       0x10 ./app_core/tools/uart/stm32_uart.o
 .rodata.__assert_func.str1.1
                0x08005174       0x3c C:/ST/STM32CubeIDE_1.15.0/STM32CubeIDE/plugins/com.st.stm32cube.ide.mcu.externaltools.gnu-tools-for-stm32.12.3.rel1.win32_1.0.100.202403111256/tools/bin/../lib/gcc/arm-none-eabi/12.3.1/../../../../arm-none-eabi/lib/thumb/v7-m/nofp\libc_nano.a(libc_a-assert.o)
                                 0x3d (size before relaxing)
 .rodata._vfprintf_r.str1.1
                0x080051b0       0x11 C:/ST/STM32CubeIDE_1.15.0/STM32CubeIDE/plugins/com.st.stm32cube.ide.mcu.externaltools.gnu-tools-for-stm32.12.3.rel1.win32_1.0.100.202403111256/tools/bin/../lib/gcc/arm-none-eabi/12.3.1/../../../../arm-none-eabi/lib/thumb/v7-m/nofp\libc_nano.a(libc_a-nano-vfprintf.o)
 .rodata._printf_i.str1.1
                0x080051c1       0x22 C:/ST/STM32CubeIDE_1.15.0/STM32CubeIDE/plugins/com.st.stm32cube.ide.mcu.externaltools.gnu-tools-for-stm32.12.3.rel1.win32_1.0.100.202403111256/tools/bin/../lib/gcc/arm-none-eabi/12.3.1/../../../../arm-none-eabi/lib/thumb/v7-m/nofp\libc_nano.a(libc_a-nano-vfprintf_i.o)
                0x080051e4                        . = ALIGN (0x4)
 *fill*         0x080051e3        0x1 

.ARM.extab      0x080051e4        0x0
                0x080051e4                        . = ALIGN (0x4)
 *(.ARM.extab* .gnu.linkonce.armextab.*)
                0x080051e4                        . = ALIGN (0x4)

.ARM            0x080051e4        0x0
                0x080051e4                        . = ALIGN (0x4)
                0x080051e4                        __exidx_start = .
 *(.ARM.exidx*)
                0x080051e4                        __exidx_end = .
                0x080051e4                        . = ALIGN (0x4)

.preinit_array  0x080051e4        0x0
                0x080051e4                        . = ALIGN (0x4)
                0x080051e4                        PROVIDE (__preinit_array_start = .)
 *(.preinit_array*)
                0x080051e4                        PROVIDE (__preinit_array_end = .)
                0x080051e4                        . = ALIGN (0x4)

.init_array     0x080051e4        0x8
                0x080051e4                        . = ALIGN (0x4)
                0x080051e4                        PROVIDE (__init_array_start = .)
 *(SORT_BY_NAME(.init_array.*))
 *(.init_array*)
 .init_array    0x080051e4        0x4 C:/ST/STM32CubeIDE_1.15.0/STM32CubeIDE/plugins/com.st.stm32cube.ide.mcu.externaltools.gnu-tools-for-stm32.12.3.rel1.win32_1.0.100.202403111256/tools/bin/../lib/gcc/arm-none-eabi/12.3.1/thumb/v7-m/nofp/crtbegin.o
 .init_array    0x080051e8        0x4 ./app_core/tools/timer/TimingManager.o
                0x080051ec                        PROVIDE (__init_array_end = .)
                0x080051ec                        . = ALIGN (0x4)

.fini_array     0x080051ec        0x8
                0x080051ec                        . = ALIGN (0x4)
                [!provide]                        PROVIDE (__fini_array_start = .)
 *(SORT_BY_NAME(.fini_array.*))
 *(.fini_array*)
 .fini_array    0x080051ec        0x4 C:/ST/STM32CubeIDE_1.15.0/STM32CubeIDE/plugins/com.st.stm32cube.ide.mcu.externaltools.gnu-tools-for-stm32.12.3.rel1.win32_1.0.100.202403111256/tools/bin/../lib/gcc/arm-none-eabi/12.3.1/thumb/v7-m/nofp/crtbegin.o
 .fini_array    0x080051f0        0x4 ./app_core/tools/timer/TimingManager.o
                [!provide]                        PROVIDE (__fini_array_end = .)
                0x080051f4                        . = ALIGN (0x4)
                0x080051f4                        _sidata = LOADADDR (.data)

.rel.dyn        0x080051f4        0x0
 .rel.iplt      0x080051f4        0x0 C:/ST/STM32CubeIDE_1.15.0/STM32CubeIDE/plugins/com.st.stm32cube.ide.mcu.externaltools.gnu-tools-for-stm32.12.3.rel1.win32_1.0.100.202403111256/tools/bin/../lib/gcc/arm-none-eabi/12.3.1/thumb/v7-m/nofp/crtbegin.o

.data           0x20000000       0x68 load address 0x080051f4
                0x20000000                        . = ALIGN (0x4)
                0x20000000                        _sdata = .
 *(.data)
 *(.data*)
 .data.SystemCoreClock
                0x20000000        0x4 ./Core/Src/system_stm32f1xx.o
                0x20000000                SystemCoreClock
 .data.uwTickPrio
                0x20000004        0x4 ./Drivers/STM32F1xx_HAL_Driver/Src/stm32f1xx_hal.o
                0x20000004                uwTickPrio
 .data.uwTickFreq
                0x20000008        0x1 ./Drivers/STM32F1xx_HAL_Driver/Src/stm32f1xx_hal.o
                0x20000008                uwTickFreq
 *fill*         0x20000009        0x3 
 .data.__sglue  0x2000000c        0xc C:/ST/STM32CubeIDE_1.15.0/STM32CubeIDE/plugins/com.st.stm32cube.ide.mcu.externaltools.gnu-tools-for-stm32.12.3.rel1.win32_1.0.100.202403111256/tools/bin/../lib/gcc/arm-none-eabi/12.3.1/../../../../arm-none-eabi/lib/thumb/v7-m/nofp\libc_nano.a(libc_a-findfp.o)
                0x2000000c                __sglue
 .data._impure_ptr
                0x20000018        0x4 C:/ST/STM32CubeIDE_1.15.0/STM32CubeIDE/plugins/com.st.stm32cube.ide.mcu.externaltools.gnu-tools-for-stm32.12.3.rel1.win32_1.0.100.202403111256/tools/bin/../lib/gcc/arm-none-eabi/12.3.1/../../../../arm-none-eabi/lib/thumb/v7-m/nofp\libc_nano.a(libc_a-impure.o)
                0x20000018                _impure_ptr
 .data._impure_data
                0x2000001c       0x4c C:/ST/STM32CubeIDE_1.15.0/STM32CubeIDE/plugins/com.st.stm32cube.ide.mcu.externaltools.gnu-tools-for-stm32.12.3.rel1.win32_1.0.100.202403111256/tools/bin/../lib/gcc/arm-none-eabi/12.3.1/../../../../arm-none-eabi/lib/thumb/v7-m/nofp\libc_nano.a(libc_a-impure.o)
                0x2000001c                _impure_data
 *(.RamFunc)
 *(.RamFunc*)
                0x20000068                        . = ALIGN (0x4)
                0x20000068                        _edata = .

.igot.plt       0x20000068        0x0 load address 0x0800525c
 .igot.plt      0x20000068        0x0 C:/ST/STM32CubeIDE_1.15.0/STM32CubeIDE/plugins/com.st.stm32cube.ide.mcu.externaltools.gnu-tools-for-stm32.12.3.rel1.win32_1.0.100.202403111256/tools/bin/../lib/gcc/arm-none-eabi/12.3.1/thumb/v7-m/nofp/crtbegin.o
                0x20000068                        . = ALIGN (0x4)

.bss            0x20000068      0x274 load address 0x0800525c
                0x20000068                        _sbss = .
                0x20000068                        __bss_start__ = _sbss
 *(.bss)
 .bss           0x20000068       0x1c C:/ST/STM32CubeIDE_1.15.0/STM32CubeIDE/plugins/com.st.stm32cube.ide.mcu.externaltools.gnu-tools-for-stm32.12.3.rel1.win32_1.0.100.202403111256/tools/bin/../lib/gcc/arm-none-eabi/12.3.1/thumb/v7-m/nofp/crtbegin.o
 *(.bss*)
 .bss.__sbrk_heap_end
                0x20000084        0x4 ./Core/Src/sysmem.o
 .bss.huart1    0x20000088       0x48 ./Core/Src/usart.o
                0x20000088                huart1
 .bss.hdma_usart1_rx
                0x200000d0       0x44 ./Core/Src/usart.o
                0x200000d0                hdma_usart1_rx
 .bss.hdma_usart1_tx
                0x20000114       0x44 ./Core/Src/usart.o
                0x20000114                hdma_usart1_tx
 .bss.uwTick    0x20000158        0x4 ./Drivers/STM32F1xx_HAL_Driver/Src/stm32f1xx_hal.o
                0x20000158                uwTick
 .bss._ZZ15getUartInstanceE13uart_instance
                0x2000015c        0x4 ./app_core/app_core.o
 .bss._ZGVZ15getUartInstanceE13uart_instance
                0x20000160        0x4 ./app_core/app_core.o
 .bss.g_irq_lock_ct
                0x20000164        0x4 ./app_core/tools/irq/stm32_irq_block.o
 .bss._ZN13TimingManager8m_timersE
                0x20000168        0xc ./app_core/tools/timer/TimingManager.o
                0x20000168                TimingManager::m_timers
 .bss.m_instances
                0x20000174       0x14 ./app_core/tools/uart/stm32_uart_container.o
                0x20000174                m_instances
 .bss.m_instance_counter
                0x20000188        0x1 ./app_core/tools/uart/stm32_uart_container.o
                0x20000188                m_instance_counter
 *fill*         0x20000189        0x3 
 .bss._ZN12_GLOBAL__N_113__new_handlerE
                0x2000018c        0x4 C:/ST/STM32CubeIDE_1.15.0/STM32CubeIDE/plugins/com.st.stm32cube.ide.mcu.externaltools.gnu-tools-for-stm32.12.3.rel1.win32_1.0.100.202403111256/tools/bin/../lib/gcc/arm-none-eabi/12.3.1/../../../../arm-none-eabi/lib/thumb/v7-m/nofp\libstdc++_nano.a(new_handler.o)
 .bss.__malloc_sbrk_start
                0x20000190        0x4 C:/ST/STM32CubeIDE_1.15.0/STM32CubeIDE/plugins/com.st.stm32cube.ide.mcu.externaltools.gnu-tools-for-stm32.12.3.rel1.win32_1.0.100.202403111256/tools/bin/../lib/gcc/arm-none-eabi/12.3.1/../../../../arm-none-eabi/lib/thumb/v7-m/nofp\libc_nano.a(libc_a-mallocr.o)
                0x20000190                __malloc_sbrk_start
 .bss.__malloc_free_list
                0x20000194        0x4 C:/ST/STM32CubeIDE_1.15.0/STM32CubeIDE/plugins/com.st.stm32cube.ide.mcu.externaltools.gnu-tools-for-stm32.12.3.rel1.win32_1.0.100.202403111256/tools/bin/../lib/gcc/arm-none-eabi/12.3.1/../../../../arm-none-eabi/lib/thumb/v7-m/nofp\libc_nano.a(libc_a-mallocr.o)
                0x20000194                __malloc_free_list
 .bss.__sf      0x20000198      0x138 C:/ST/STM32CubeIDE_1.15.0/STM32CubeIDE/plugins/com.st.stm32cube.ide.mcu.externaltools.gnu-tools-for-stm32.12.3.rel1.win32_1.0.100.202403111256/tools/bin/../lib/gcc/arm-none-eabi/12.3.1/../../../../arm-none-eabi/lib/thumb/v7-m/nofp\libc_nano.a(libc_a-findfp.o)
                0x20000198                __sf
 .bss.__stdio_exit_handler
                0x200002d0        0x4 C:/ST/STM32CubeIDE_1.15.0/STM32CubeIDE/plugins/com.st.stm32cube.ide.mcu.externaltools.gnu-tools-for-stm32.12.3.rel1.win32_1.0.100.202403111256/tools/bin/../lib/gcc/arm-none-eabi/12.3.1/../../../../arm-none-eabi/lib/thumb/v7-m/nofp\libc_nano.a(libc_a-findfp.o)
                0x200002d0                __stdio_exit_handler
 .bss.errno     0x200002d4        0x4 C:/ST/STM32CubeIDE_1.15.0/STM32CubeIDE/plugins/com.st.stm32cube.ide.mcu.externaltools.gnu-tools-for-stm32.12.3.rel1.win32_1.0.100.202403111256/tools/bin/../lib/gcc/arm-none-eabi/12.3.1/../../../../arm-none-eabi/lib/thumb/v7-m/nofp\libc_nano.a(libc_a-reent.o)
                0x200002d4                errno
 .bss.__lock___malloc_recursive_mutex
                0x200002d8        0x1 C:/ST/STM32CubeIDE_1.15.0/STM32CubeIDE/plugins/com.st.stm32cube.ide.mcu.externaltools.gnu-tools-for-stm32.12.3.rel1.win32_1.0.100.202403111256/tools/bin/../lib/gcc/arm-none-eabi/12.3.1/../../../../arm-none-eabi/lib/thumb/v7-m/nofp\libc_nano.a(libc_a-lock.o)
                0x200002d8                __lock___malloc_recursive_mutex
 .bss.__lock___sfp_recursive_mutex
                0x200002d9        0x1 C:/ST/STM32CubeIDE_1.15.0/STM32CubeIDE/plugins/com.st.stm32cube.ide.mcu.externaltools.gnu-tools-for-stm32.12.3.rel1.win32_1.0.100.202403111256/tools/bin/../lib/gcc/arm-none-eabi/12.3.1/../../../../arm-none-eabi/lib/thumb/v7-m/nofp\libc_nano.a(libc_a-lock.o)
                0x200002d9                __lock___sfp_recursive_mutex
 *(COMMON)
                0x200002dc                        . = ALIGN (0x4)
 *fill*         0x200002da        0x2 
                0x200002dc                        _ebss = .
                0x200002dc                        __bss_end__ = _ebss

._user_heap_stack
                0x200002dc      0x604 load address 0x0800525c
                0x200002e0                        . = ALIGN (0x8)
 *fill*         0x200002dc        0x4 
                [!provide]                        PROVIDE (end = .)
                0x200002e0                        PROVIDE (_end = .)
                0x200004e0                        . = (. + _Min_Heap_Size)
 *fill*         0x200002e0      0x200 
                0x200008e0                        . = (. + _Min_Stack_Size)
 *fill*         0x200004e0      0x400 
                0x200008e0                        . = ALIGN (0x8)

/DISCARD/
 libc.a(*)
 libm.a(*)
 libgcc.a(*)

.ARM.attributes
                0x00000000       0x29
 *(.ARM.attributes)
 .ARM.attributes
                0x00000000       0x1d C:/ST/STM32CubeIDE_1.15.0/STM32CubeIDE/plugins/com.st.stm32cube.ide.mcu.externaltools.gnu-tools-for-stm32.12.3.rel1.win32_1.0.100.202403111256/tools/bin/../lib/gcc/arm-none-eabi/12.3.1/thumb/v7-m/nofp/crti.o
 .ARM.attributes
                0x0000001d       0x2d C:/ST/STM32CubeIDE_1.15.0/STM32CubeIDE/plugins/com.st.stm32cube.ide.mcu.externaltools.gnu-tools-for-stm32.12.3.rel1.win32_1.0.100.202403111256/tools/bin/../lib/gcc/arm-none-eabi/12.3.1/thumb/v7-m/nofp/crtbegin.o
 .ARM.attributes
                0x0000004a       0x2d ./Core/Src/dma.o
 .ARM.attributes
                0x00000077       0x2d ./Core/Src/gpio.o
 .ARM.attributes
                0x000000a4       0x2d ./Core/Src/main.o
 .ARM.attributes
                0x000000d1       0x2d ./Core/Src/stm32f1xx_hal_msp.o
 .ARM.attributes
                0x000000fe       0x2d ./Core/Src/stm32f1xx_it.o
 .ARM.attributes
                0x0000012b       0x2d ./Core/Src/syscalls.o
 .ARM.attributes
                0x00000158       0x2d ./Core/Src/sysmem.o
 .ARM.attributes
                0x00000185       0x2d ./Core/Src/system_stm32f1xx.o
 .ARM.attributes
                0x000001b2       0x2d ./Core/Src/usart.o
 .ARM.attributes
                0x000001df       0x21 ./Core/Startup/startup_stm32f103cbtx.o
 .ARM.attributes
                0x00000200       0x2d ./Drivers/STM32F1xx_HAL_Driver/Src/stm32f1xx_hal.o
 .ARM.attributes
                0x0000022d       0x2d ./Drivers/STM32F1xx_HAL_Driver/Src/stm32f1xx_hal_cortex.o
 .ARM.attributes
                0x0000025a       0x2d ./Drivers/STM32F1xx_HAL_Driver/Src/stm32f1xx_hal_dma.o
 .ARM.attributes
                0x00000287       0x2d ./Drivers/STM32F1xx_HAL_Driver/Src/stm32f1xx_hal_gpio.o
 .ARM.attributes
                0x000002b4       0x2d ./Drivers/STM32F1xx_HAL_Driver/Src/stm32f1xx_hal_rcc.o
 .ARM.attributes
                0x000002e1       0x2d ./Drivers/STM32F1xx_HAL_Driver/Src/stm32f1xx_hal_uart.o
 .ARM.attributes
                0x0000030e       0x2d ./app_core/app_core.o
 .ARM.attributes
                0x0000033b       0x2d ./app_core/tools/irq/stm32_irq_block.o
 .ARM.attributes
                0x00000368       0x2d ./app_core/tools/timer/TimingManager.o
 .ARM.attributes
                0x00000395       0x2d ./app_core/tools/uart/stm32_uart.o
 .ARM.attributes
                0x000003c2       0x2d ./app_core/tools/uart/stm32_uart_container.o
 .ARM.attributes
                0x000003ef       0x2d C:/ST/STM32CubeIDE_1.15.0/STM32CubeIDE/plugins/com.st.stm32cube.ide.mcu.externaltools.gnu-tools-for-stm32.12.3.rel1.win32_1.0.100.202403111256/tools/bin/../lib/gcc/arm-none-eabi/12.3.1/../../../../arm-none-eabi/lib/thumb/v7-m/nofp\libstdc++_nano.a(del_ops.o)
 .ARM.attributes
                0x0000041c       0x2d C:/ST/STM32CubeIDE_1.15.0/STM32CubeIDE/plugins/com.st.stm32cube.ide.mcu.externaltools.gnu-tools-for-stm32.12.3.rel1.win32_1.0.100.202403111256/tools/bin/../lib/gcc/arm-none-eabi/12.3.1/../../../../arm-none-eabi/lib/thumb/v7-m/nofp\libstdc++_nano.a(guard.o)
 .ARM.attributes
                0x00000449       0x2d C:/ST/STM32CubeIDE_1.15.0/STM32CubeIDE/plugins/com.st.stm32cube.ide.mcu.externaltools.gnu-tools-for-stm32.12.3.rel1.win32_1.0.100.202403111256/tools/bin/../lib/gcc/arm-none-eabi/12.3.1/../../../../arm-none-eabi/lib/thumb/v7-m/nofp\libstdc++_nano.a(new_op.o)
 .ARM.attributes
                0x00000476       0x2d C:/ST/STM32CubeIDE_1.15.0/STM32CubeIDE/plugins/com.st.stm32cube.ide.mcu.externaltools.gnu-tools-for-stm32.12.3.rel1.win32_1.0.100.202403111256/tools/bin/../lib/gcc/arm-none-eabi/12.3.1/../../../../arm-none-eabi/lib/thumb/v7-m/nofp\libstdc++_nano.a(functexcept.o)
 .ARM.attributes
                0x000004a3       0x2d C:/ST/STM32CubeIDE_1.15.0/STM32CubeIDE/plugins/com.st.stm32cube.ide.mcu.externaltools.gnu-tools-for-stm32.12.3.rel1.win32_1.0.100.202403111256/tools/bin/../lib/gcc/arm-none-eabi/12.3.1/../../../../arm-none-eabi/lib/thumb/v7-m/nofp\libstdc++_nano.a(del_op.o)
 .ARM.attributes
                0x000004d0       0x2d C:/ST/STM32CubeIDE_1.15.0/STM32CubeIDE/plugins/com.st.stm32cube.ide.mcu.externaltools.gnu-tools-for-stm32.12.3.rel1.win32_1.0.100.202403111256/tools/bin/../lib/gcc/arm-none-eabi/12.3.1/../../../../arm-none-eabi/lib/thumb/v7-m/nofp\libstdc++_nano.a(new_handler.o)
 .ARM.attributes
                0x000004fd       0x2d C:/ST/STM32CubeIDE_1.15.0/STM32CubeIDE/plugins/com.st.stm32cube.ide.mcu.externaltools.gnu-tools-for-stm32.12.3.rel1.win32_1.0.100.202403111256/tools/bin/../lib/gcc/arm-none-eabi/12.3.1/../../../../arm-none-eabi/lib/thumb/v7-m/nofp\libc_nano.a(libc_a-abort.o)
 .ARM.attributes
                0x0000052a       0x2d C:/ST/STM32CubeIDE_1.15.0/STM32CubeIDE/plugins/com.st.stm32cube.ide.mcu.externaltools.gnu-tools-for-stm32.12.3.rel1.win32_1.0.100.202403111256/tools/bin/../lib/gcc/arm-none-eabi/12.3.1/../../../../arm-none-eabi/lib/thumb/v7-m/nofp\libc_nano.a(libc_a-assert.o)
 .ARM.attributes
                0x00000557       0x2d C:/ST/STM32CubeIDE_1.15.0/STM32CubeIDE/plugins/com.st.stm32cube.ide.mcu.externaltools.gnu-tools-for-stm32.12.3.rel1.win32_1.0.100.202403111256/tools/bin/../lib/gcc/arm-none-eabi/12.3.1/../../../../arm-none-eabi/lib/thumb/v7-m/nofp\libc_nano.a(libc_a-malloc.o)
 .ARM.attributes
                0x00000584       0x2d C:/ST/STM32CubeIDE_1.15.0/STM32CubeIDE/plugins/com.st.stm32cube.ide.mcu.externaltools.gnu-tools-for-stm32.12.3.rel1.win32_1.0.100.202403111256/tools/bin/../lib/gcc/arm-none-eabi/12.3.1/../../../../arm-none-eabi/lib/thumb/v7-m/nofp\libc_nano.a(libc_a-mallocr.o)
 .ARM.attributes