../app_core/chaos_sdk/raw_parser/rawp_dynamic.c:84:13:_proceedByte	32	static
../app_core/chaos_sdk/raw_parser/rawp_dynamic.c:55:28:rawP_dynamic_new	8	static
../app_core/chaos_sdk/raw_parser/rawp_dynamic.c:62:6:rawP_dynamic_init	24	static
../app_core/chaos_sdk/raw_parser/rawp_dynamic.c:225:6:rawP_dynamic_subscribe	0	static
../app_core/chaos_sdk/raw_parser/rawp_dynamic.c:232:6:rawP_dynamic_proceed	48	static
../app_core/chaos_sdk/raw_parser/rawp_dynamic.c:271:6:rawP_dynamic_startTransmittPacket	40	static
../app_core/chaos_sdk/raw_parser/rawp_dynamic.c:320:18:rawP_dynamic_finishTransmittPacket	40	static
