../app_core/chaos_sdk/convert/convert_template.c:14:3:convertRead_LSB_int	24	static
../app_core/chaos_sdk/convert/convert_template.c:24:6:convertWrite_LSB_int	24	static
../app_core/chaos_sdk/convert/convert_template.c:33:3:convertReadCheck_LSB_int	24	static
../app_core/chaos_sdk/convert/convert_template.c:49:6:convertWriteCheck_LSB_int	24	static
../app_core/chaos_sdk/convert/convert_template.c:65:3:convertRead_cpos_LSB_int	16	static
../app_core/chaos_sdk/convert/convert_template.c:72:6:convertWrite_cpos_LSB_int	16	static
../app_core/chaos_sdk/convert/convert_template.c:78:3:convertReadCheck_cpos_LSB_int	16	static
../app_core/chaos_sdk/convert/convert_template.c:90:6:convertWriteCheck_cpos_LSB_int	16	static
../app_core/chaos_sdk/convert/convert_template.c:108:3:convertRead_MSB_int	0	static
../app_core/chaos_sdk/convert/convert_template.c:120:6:convertWrite_MSB_int	0	static
../app_core/chaos_sdk/convert/convert_template.c:131:3:convertReadCheck_MSB_int	12	static
../app_core/chaos_sdk/convert/convert_template.c:147:6:convertWriteCheck_MSB_int	12	static
../app_core/chaos_sdk/convert/convert_template.c:176:3:convertReadCheck_cpos_MSB_int	8	static
../app_core/chaos_sdk/convert/convert_template.c:188:6:convertWriteCheck_cpos_MSB_int	8	static
../app_core/chaos_sdk/convert/convert_template.c:163:3:convertRead_cpos_MSB_int	0	static
../app_core/chaos_sdk/convert/convert_template.c:170:6:convertWrite_cpos_MSB_int	0	static
../app_core/chaos_sdk/convert/convert_template.c:211:5:convertTest_WRITE_READ_int	40	static
../app_core/chaos_sdk/convert/convert_template.c:243:5:convertTest_WRITE_READ_CPOS_int	32	static
../app_core/chaos_sdk/convert/convert_template.c:271:5:convertTest_WRITE_READ_BUFFER_CHK_int	64	static
../app_core/chaos_sdk/convert/convert_template.c:331:5:convertTest_WRITE_READ_CPOS_BUFFER_CHK_int	56	static
../app_core/chaos_sdk/convert/convert_template.c:396:5:convertTest_int	40	static
