../app_core/chaos_sdk/convert/convert_template.c:14:3:convertRead_LSB_u8	0	static
../app_core/chaos_sdk/convert/convert_template.c:24:6:convertWrite_LSB_u8	0	static
../app_core/chaos_sdk/convert/convert_template.c:33:3:convertReadCheck_LSB_u8	12	static
../app_core/chaos_sdk/convert/convert_template.c:49:6:convertWriteCheck_LSB_u8	12	static
../app_core/chaos_sdk/convert/convert_template.c:65:3:convertRead_cpos_LSB_u8	0	static
../app_core/chaos_sdk/convert/convert_template.c:72:6:convertWrite_cpos_LSB_u8	0	static
../app_core/chaos_sdk/convert/convert_template.c:78:3:convertReadCheck_cpos_LSB_u8	8	static
../app_core/chaos_sdk/convert/convert_template.c:90:6:convertWriteCheck_cpos_LSB_u8	8	static
../app_core/chaos_sdk/convert/convert_template.c:108:3:convertRead_MSB_u8	0	static
../app_core/chaos_sdk/convert/convert_template.c:120:6:convertWrite_MSB_u8	0	static
../app_core/chaos_sdk/convert/convert_template.c:131:3:convertReadCheck_MSB_u8	12	static
../app_core/chaos_sdk/convert/convert_template.c:147:6:convertWriteCheck_MSB_u8	12	static
../app_core/chaos_sdk/convert/convert_template.c:176:3:convertReadCheck_cpos_MSB_u8	8	static
../app_core/chaos_sdk/convert/convert_template.c:188:6:convertWriteCheck_cpos_MSB_u8	8	static
../app_core/chaos_sdk/convert/convert_template.c:14:3:convertRead_LSB_c8	0	static
../app_core/chaos_sdk/convert/convert_template.c:24:6:convertWrite_LSB_c8	0	static
../app_core/chaos_sdk/convert/convert_template.c:33:3:convertReadCheck_LSB_c8	12	static
../app_core/chaos_sdk/convert/convert_template.c:49:6:convertWriteCheck_LSB_c8	12	static
../app_core/chaos_sdk/convert/convert_template.c:65:3:convertRead_cpos_LSB_c8	0	static
../app_core/chaos_sdk/convert/convert_template.c:72:6:convertWrite_cpos_LSB_c8	0	static
../app_core/chaos_sdk/convert/convert_template.c:78:3:convertReadCheck_cpos_LSB_c8	8	static
../app_core/chaos_sdk/convert/convert_template.c:90:6:convertWriteCheck_cpos_LSB_c8	8	static
../app_core/chaos_sdk/convert/convert_template.c:108:3:convertRead_MSB_c8	0	static
../app_core/chaos_sdk/convert/convert_template.c:120:6:convertWrite_MSB_c8	0	static
../app_core/chaos_sdk/convert/convert_template.c:131:3:convertReadCheck_MSB_c8	12	static
../app_core/chaos_sdk/convert/convert_template.c:147:6:convertWriteCheck_MSB_c8	12	static
../app_core/chaos_sdk/convert/convert_template.c:176:3:convertReadCheck_cpos_MSB_c8	8	static
../app_core/chaos_sdk/convert/convert_template.c:188:6:convertWriteCheck_cpos_MSB_c8	8	static
../app_core/chaos_sdk/convert/convert_template.c:14:3:convertRead_LSB_i8	0	static
../app_core/chaos_sdk/convert/convert_template.c:24:6:convertWrite_LSB_i8	0	static
../app_core/chaos_sdk/convert/convert_template.c:33:3:convertReadCheck_LSB_i8	12	static
../app_core/chaos_sdk/convert/convert_template.c:49:6:convertWriteCheck_LSB_i8	12	static
../app_core/chaos_sdk/convert/convert_template.c:65:3:convertRead_cpos_LSB_i8	0	static
../app_core/chaos_sdk/convert/convert_template.c:72:6:convertWrite_cpos_LSB_i8	0	static
../app_core/chaos_sdk/convert/convert_template.c:78:3:convertReadCheck_cpos_LSB_i8	8	static
../app_core/chaos_sdk/convert/convert_template.c:90:6:convertWriteCheck_cpos_LSB_i8	8	static
../app_core/chaos_sdk/convert/convert_template.c:108:3:convertRead_MSB_i8	0	static
../app_core/chaos_sdk/convert/convert_template.c:120:6:convertWrite_MSB_i8	0	static
../app_core/chaos_sdk/convert/convert_template.c:131:3:convertReadCheck_MSB_i8	12	static
../app_core/chaos_sdk/convert/convert_template.c:147:6:convertWriteCheck_MSB_i8	12	static
../app_core/chaos_sdk/convert/convert_template.c:176:3:convertReadCheck_cpos_MSB_i8	8	static
../app_core/chaos_sdk/convert/convert_template.c:188:6:convertWriteCheck_cpos_MSB_i8	8	static
../app_core/chaos_sdk/convert/convert_template.c:14:3:convertRead_LSB_b	0	static
../app_core/chaos_sdk/convert/convert_template.c:24:6:convertWrite_LSB_b	0	static
../app_core/chaos_sdk/convert/convert_template.c:33:3:convertReadCheck_LSB_b	12	static
../app_core/chaos_sdk/convert/convert_template.c:49:6:convertWriteCheck_LSB_b	12	static
../app_core/chaos_sdk/convert/convert_template.c:65:3:convertRead_cpos_LSB_b	0	static
../app_core/chaos_sdk/convert/convert_template.c:72:6:convertWrite_cpos_LSB_b	0	static
../app_core/chaos_sdk/convert/convert_template.c:78:3:convertReadCheck_cpos_LSB_b	8	static
../app_core/chaos_sdk/convert/convert_template.c:90:6:convertWriteCheck_cpos_LSB_b	8	static
../app_core/chaos_sdk/convert/convert_template.c:108:3:convertRead_MSB_b	0	static
../app_core/chaos_sdk/convert/convert_template.c:120:6:convertWrite_MSB_b	0	static
../app_core/chaos_sdk/convert/convert_template.c:131:3:convertReadCheck_MSB_b	12	static
../app_core/chaos_sdk/convert/convert_template.c:147:6:convertWriteCheck_MSB_b	12	static
../app_core/chaos_sdk/convert/convert_template.c:176:3:convertReadCheck_cpos_MSB_b	8	static
../app_core/chaos_sdk/convert/convert_template.c:188:6:convertWriteCheck_cpos_MSB_b	8	static
../app_core/chaos_sdk/convert/convert_template.c:108:3:convertRead_MSB_u16	0	static
../app_core/chaos_sdk/convert/convert_template.c:120:6:convertWrite_MSB_u16	0	static
../app_core/chaos_sdk/convert/convert_template.c:131:3:convertReadCheck_MSB_u16	12	static
../app_core/chaos_sdk/convert/convert_template.c:147:6:convertWriteCheck_MSB_u16	12	static
../app_core/chaos_sdk/convert/convert_template.c:176:3:convertReadCheck_cpos_MSB_u16	8	static
../app_core/chaos_sdk/convert/convert_template.c:188:6:convertWriteCheck_cpos_MSB_u16	8	static
../app_core/chaos_sdk/convert/convert_template.c:108:3:convertRead_MSB_i16	0	static
../app_core/chaos_sdk/convert/convert_template.c:120:6:convertWrite_MSB_i16	0	static
../app_core/chaos_sdk/convert/convert_template.c:131:3:convertReadCheck_MSB_i16	12	static
../app_core/chaos_sdk/convert/convert_template.c:147:6:convertWriteCheck_MSB_i16	12	static
../app_core/chaos_sdk/convert/convert_template.c:176:3:convertReadCheck_cpos_MSB_i16	8	static
../app_core/chaos_sdk/convert/convert_template.c:188:6:convertWriteCheck_cpos_MSB_i16	8	static
../app_core/chaos_sdk/convert/convert_template.c:108:3:convertRead_MSB_u24	0	static
../app_core/chaos_sdk/convert/convert_template.c:120:6:convertWrite_MSB_u24	0	static
../app_core/chaos_sdk/convert/convert_template.c:131:3:convertReadCheck_MSB_u24	12	static
../app_core/chaos_sdk/convert/convert_template.c:147:6:convertWriteCheck_MSB_u24	12	static
../app_core/chaos_sdk/convert/convert_template.c:176:3:convertReadCheck_cpos_MSB_u24	8	static
../app_core/chaos_sdk/convert/convert_template.c:188:6:convertWriteCheck_cpos_MSB_u24	8	static
../app_core/chaos_sdk/convert/convert_template.c:108:3:convertRead_MSB_u32	0	static
../app_core/chaos_sdk/convert/convert_template.c:120:6:convertWrite_MSB_u32	0	static
../app_core/chaos_sdk/convert/convert_template.c:131:3:convertReadCheck_MSB_u32	12	static
../app_core/chaos_sdk/convert/convert_template.c:147:6:convertWriteCheck_MSB_u32	12	static
../app_core/chaos_sdk/convert/convert_template.c:176:3:convertReadCheck_cpos_MSB_u32	8	static
../app_core/chaos_sdk/convert/convert_template.c:188:6:convertWriteCheck_cpos_MSB_u32	8	static
../app_core/chaos_sdk/convert/convert_template.c:108:3:convertRead_MSB_i24	0	static
../app_core/chaos_sdk/convert/convert_template.c:120:6:convertWrite_MSB_i24	0	static
../app_core/chaos_sdk/convert/convert_template.c:131:3:convertReadCheck_MSB_i24	12	static
../app_core/chaos_sdk/convert/convert_template.c:147:6:convertWriteCheck_MSB_i24	12	static
../app_core/chaos_sdk/convert/convert_template.c:176:3:convertReadCheck_cpos_MSB_i24	8	static
../app_core/chaos_sdk/convert/convert_template.c:188:6:convertWriteCheck_cpos_MSB_i24	8	static
../app_core/chaos_sdk/convert/convert_template.c:108:3:convertRead_MSB_i32	0	static
../app_core/chaos_sdk/convert/convert_template.c:120:6:convertWrite_MSB_i32	0	static
../app_core/chaos_sdk/convert/convert_template.c:131:3:convertReadCheck_MSB_i32	12	static
../app_core/chaos_sdk/convert/convert_template.c:147:6:convertWriteCheck_MSB_i32	12	static
../app_core/chaos_sdk/convert/convert_template.c:176:3:convertReadCheck_cpos_MSB_i32	8	static
../app_core/chaos_sdk/convert/convert_template.c:188:6:convertWriteCheck_cpos_MSB_i32	8	static
../app_core/chaos_sdk/convert/convert_template.c:108:3:convertRead_MSB_f32	0	static
../app_core/chaos_sdk/convert/convert_template.c:120:6:convertWrite_MSB_f32	0	static
../app_core/chaos_sdk/convert/convert_template.c:131:3:convertReadCheck_MSB_f32	12	static
../app_core/chaos_sdk/convert/convert_template.c:147:6:convertWriteCheck_MSB_f32	12	static
../app_core/chaos_sdk/convert/convert_template.c:176:3:convertReadCheck_cpos_MSB_f32	8	static
../app_core/chaos_sdk/convert/convert_template.c:188:6:convertWriteCheck_cpos_MSB_f32	8	static
../app_core/chaos_sdk/convert/convert_template.c:108:3:convertRead_MSB_reg	0	static
../app_core/chaos_sdk/convert/convert_template.c:120:6:convertWrite_MSB_reg	0	static
../app_core/chaos_sdk/convert/convert_template.c:131:3:convertReadCheck_MSB_reg	12	static
../app_core/chaos_sdk/convert/convert_template.c:147:6:convertWriteCheck_MSB_reg	12	static
../app_core/chaos_sdk/convert/convert_template.c:176:3:convertReadCheck_cpos_MSB_reg	8	static
../app_core/chaos_sdk/convert/convert_template.c:188:6:convertWriteCheck_cpos_MSB_reg	8	static
../app_core/chaos_sdk/convert/convert_template.c:108:3:convertRead_MSB_sreg	0	static
../app_core/chaos_sdk/convert/convert_template.c:120:6:convertWrite_MSB_sreg	0	static
../app_core/chaos_sdk/convert/convert_template.c:131:3:convertReadCheck_MSB_sreg	12	static
../app_core/chaos_sdk/convert/convert_template.c:147:6:convertWriteCheck_MSB_sreg	12	static
../app_core/chaos_sdk/convert/convert_template.c:176:3:convertReadCheck_cpos_MSB_sreg	8	static
../app_core/chaos_sdk/convert/convert_template.c:188:6:convertWriteCheck_cpos_MSB_sreg	8	static
../app_core/chaos_sdk/convert/convert_template.c:108:3:convertRead_MSB_u64	0	static
../app_core/chaos_sdk/convert/convert_template.c:120:6:convertWrite_MSB_u64	8	static
../app_core/chaos_sdk/convert/convert_template.c:131:3:convertReadCheck_MSB_u64	12	static
../app_core/chaos_sdk/convert/convert_template.c:147:6:convertWriteCheck_MSB_u64	16	static
../app_core/chaos_sdk/convert/convert_template.c:176:3:convertReadCheck_cpos_MSB_u64	8	static
../app_core/chaos_sdk/convert/convert_template.c:188:6:convertWriteCheck_cpos_MSB_u64	12	static
../app_core/chaos_sdk/convert/convert_template.c:108:3:convertRead_MSB_i64	0	static
../app_core/chaos_sdk/convert/convert_template.c:120:6:convertWrite_MSB_i64	8	static
../app_core/chaos_sdk/convert/convert_template.c:131:3:convertReadCheck_MSB_i64	12	static
../app_core/chaos_sdk/convert/convert_template.c:147:6:convertWriteCheck_MSB_i64	16	static
../app_core/chaos_sdk/convert/convert_template.c:176:3:convertReadCheck_cpos_MSB_i64	8	static
../app_core/chaos_sdk/convert/convert_template.c:188:6:convertWriteCheck_cpos_MSB_i64	12	static
../app_core/chaos_sdk/convert/convert_template.c:108:3:convertRead_MSB_f64	12	static
../app_core/chaos_sdk/convert/convert_template.c:120:6:convertWrite_MSB_f64	12	static
../app_core/chaos_sdk/convert/convert_template.c:131:3:convertReadCheck_MSB_f64	20	static
../app_core/chaos_sdk/convert/convert_template.c:147:6:convertWriteCheck_MSB_f64	20	static
../app_core/chaos_sdk/convert/convert_template.c:176:3:convertReadCheck_cpos_MSB_f64	8	static
../app_core/chaos_sdk/convert/convert_template.c:188:6:convertWriteCheck_cpos_MSB_f64	16	static
../app_core/chaos_sdk/convert/convert_template.c:108:3:convertRead_MSB_f128	12	static
../app_core/chaos_sdk/convert/convert_template.c:120:6:convertWrite_MSB_f128	12	static
../app_core/chaos_sdk/convert/convert_template.c:131:3:convertReadCheck_MSB_f128	20	static
../app_core/chaos_sdk/convert/convert_template.c:147:6:convertWriteCheck_MSB_f128	20	static
../app_core/chaos_sdk/convert/convert_template.c:176:3:convertReadCheck_cpos_MSB_f128	8	static
../app_core/chaos_sdk/convert/convert_template.c:188:6:convertWriteCheck_cpos_MSB_f128	16	static
../app_core/chaos_sdk/convert/convert.c:143:6:convertRead_MSB_uni	16	static
../app_core/chaos_sdk/convert/convert.c:152:6:convertWrite_MSB_uni	16	static
../app_core/chaos_sdk/convert/convert.c:162:6:convertReadCheck_MSB_uni	16	static
../app_core/chaos_sdk/convert/convert.c:176:6:convertWriteCheck_MSB_uni	16	static
../app_core/chaos_sdk/convert/convert.c:203:6:convertReadCheck_cpos_MSB_uni	12	static
../app_core/chaos_sdk/convert/convert.c:213:6:convertWriteCheck_cpos_MSB_uni	12	static
../app_core/chaos_sdk/convert/convert_template.c:14:3:convertRead_LSB_u16	24	static
../app_core/chaos_sdk/convert/convert_template.c:24:6:convertWrite_LSB_u16	24	static
../app_core/chaos_sdk/convert/convert_template.c:33:3:convertReadCheck_LSB_u16	32	static
../app_core/chaos_sdk/convert/convert_template.c:49:6:convertWriteCheck_LSB_u16	24	static
../app_core/chaos_sdk/convert/convert_template.c:65:3:convertRead_cpos_LSB_u16	16	static
../app_core/chaos_sdk/convert/convert_template.c:72:6:convertWrite_cpos_LSB_u16	16	static
../app_core/chaos_sdk/convert/convert_template.c:78:3:convertReadCheck_cpos_LSB_u16	24	static
../app_core/chaos_sdk/convert/convert_template.c:90:6:convertWriteCheck_cpos_LSB_u16	16	static
../app_core/chaos_sdk/convert/convert_template.c:14:3:convertRead_LSB_u24	24	static
../app_core/chaos_sdk/convert/convert_template.c:24:6:convertWrite_LSB_u24	24	static
../app_core/chaos_sdk/convert/convert_template.c:33:3:convertReadCheck_LSB_u24	24	static
../app_core/chaos_sdk/convert/convert_template.c:49:6:convertWriteCheck_LSB_u24	24	static
../app_core/chaos_sdk/convert/convert_template.c:65:3:convertRead_cpos_LSB_u24	16	static
../app_core/chaos_sdk/convert/convert_template.c:72:6:convertWrite_cpos_LSB_u24	16	static
../app_core/chaos_sdk/convert/convert_template.c:78:3:convertReadCheck_cpos_LSB_u24	16	static
../app_core/chaos_sdk/convert/convert_template.c:90:6:convertWriteCheck_cpos_LSB_u24	16	static
../app_core/chaos_sdk/convert/convert_template.c:14:3:convertRead_LSB_u32	24	static
../app_core/chaos_sdk/convert/convert_template.c:24:6:convertWrite_LSB_u32	24	static
../app_core/chaos_sdk/convert/convert_template.c:33:3:convertReadCheck_LSB_u32	24	static
../app_core/chaos_sdk/convert/convert_template.c:49:6:convertWriteCheck_LSB_u32	24	static
../app_core/chaos_sdk/convert/convert_template.c:65:3:convertRead_cpos_LSB_u32	16	static
../app_core/chaos_sdk/convert/convert_template.c:72:6:convertWrite_cpos_LSB_u32	16	static
../app_core/chaos_sdk/convert/convert_template.c:78:3:convertReadCheck_cpos_LSB_u32	16	static
../app_core/chaos_sdk/convert/convert_template.c:90:6:convertWriteCheck_cpos_LSB_u32	16	static
../app_core/chaos_sdk/convert/convert_template.c:14:3:convertRead_LSB_u64	24	static
../app_core/chaos_sdk/convert/convert_template.c:24:6:convertWrite_LSB_u64	24	static
../app_core/chaos_sdk/convert/convert_template.c:33:3:convertReadCheck_LSB_u64	24	static
../app_core/chaos_sdk/convert/convert_template.c:49:6:convertWriteCheck_LSB_u64	24	static
../app_core/chaos_sdk/convert/convert_template.c:65:3:convertRead_cpos_LSB_u64	16	static
../app_core/chaos_sdk/convert/convert_template.c:72:6:convertWrite_cpos_LSB_u64	16	static
../app_core/chaos_sdk/convert/convert_template.c:78:3:convertReadCheck_cpos_LSB_u64	16	static
../app_core/chaos_sdk/convert/convert_template.c:90:6:convertWriteCheck_cpos_LSB_u64	16	static
../app_core/chaos_sdk/convert/convert_template.c:14:3:convertRead_LSB_i16	24	static
../app_core/chaos_sdk/convert/convert_template.c:24:6:convertWrite_LSB_i16	24	static
../app_core/chaos_sdk/convert/convert_template.c:33:3:convertReadCheck_LSB_i16	32	static
../app_core/chaos_sdk/convert/convert_template.c:49:6:convertWriteCheck_LSB_i16	24	static
../app_core/chaos_sdk/convert/convert_template.c:65:3:convertRead_cpos_LSB_i16	16	static
../app_core/chaos_sdk/convert/convert_template.c:72:6:convertWrite_cpos_LSB_i16	16	static
../app_core/chaos_sdk/convert/convert_template.c:78:3:convertReadCheck_cpos_LSB_i16	24	static
../app_core/chaos_sdk/convert/convert_template.c:90:6:convertWriteCheck_cpos_LSB_i16	16	static
../app_core/chaos_sdk/convert/convert_template.c:14:3:convertRead_LSB_i24	24	static
../app_core/chaos_sdk/convert/convert_template.c:24:6:convertWrite_LSB_i24	24	static
../app_core/chaos_sdk/convert/convert_template.c:33:3:convertReadCheck_LSB_i24	24	static
../app_core/chaos_sdk/convert/convert_template.c:49:6:convertWriteCheck_LSB_i24	24	static
../app_core/chaos_sdk/convert/convert_template.c:65:3:convertRead_cpos_LSB_i24	16	static
../app_core/chaos_sdk/convert/convert_template.c:72:6:convertWrite_cpos_LSB_i24	16	static
../app_core/chaos_sdk/convert/convert_template.c:78:3:convertReadCheck_cpos_LSB_i24	16	static
../app_core/chaos_sdk/convert/convert_template.c:90:6:convertWriteCheck_cpos_LSB_i24	16	static
../app_core/chaos_sdk/convert/convert_template.c:14:3:convertRead_LSB_i32	24	static
../app_core/chaos_sdk/convert/convert_template.c:24:6:convertWrite_LSB_i32	24	static
../app_core/chaos_sdk/convert/convert_template.c:33:3:convertReadCheck_LSB_i32	24	static
../app_core/chaos_sdk/convert/convert_template.c:49:6:convertWriteCheck_LSB_i32	24	static
../app_core/chaos_sdk/convert/convert_template.c:65:3:convertRead_cpos_LSB_i32	16	static
../app_core/chaos_sdk/convert/convert_template.c:72:6:convertWrite_cpos_LSB_i32	16	static
../app_core/chaos_sdk/convert/convert_template.c:78:3:convertReadCheck_cpos_LSB_i32	16	static
../app_core/chaos_sdk/convert/convert_template.c:90:6:convertWriteCheck_cpos_LSB_i32	16	static
../app_core/chaos_sdk/convert/convert_template.c:14:3:convertRead_LSB_i64	24	static
../app_core/chaos_sdk/convert/convert_template.c:24:6:convertWrite_LSB_i64	24	static
../app_core/chaos_sdk/convert/convert_template.c:33:3:convertReadCheck_LSB_i64	24	static
../app_core/chaos_sdk/convert/convert_template.c:49:6:convertWriteCheck_LSB_i64	24	static
../app_core/chaos_sdk/convert/convert_template.c:65:3:convertRead_cpos_LSB_i64	16	static
../app_core/chaos_sdk/convert/convert_template.c:72:6:convertWrite_cpos_LSB_i64	16	static
../app_core/chaos_sdk/convert/convert_template.c:78:3:convertReadCheck_cpos_LSB_i64	16	static
../app_core/chaos_sdk/convert/convert_template.c:90:6:convertWriteCheck_cpos_LSB_i64	16	static
../app_core/chaos_sdk/convert/convert_template.c:14:3:convertRead_LSB_f32	24	static
../app_core/chaos_sdk/convert/convert_template.c:24:6:convertWrite_LSB_f32	24	static
../app_core/chaos_sdk/convert/convert_template.c:33:3:convertReadCheck_LSB_f32	24	static
../app_core/chaos_sdk/convert/convert_template.c:49:6:convertWriteCheck_LSB_f32	24	static
../app_core/chaos_sdk/convert/convert_template.c:65:3:convertRead_cpos_LSB_f32	16	static
../app_core/chaos_sdk/convert/convert_template.c:72:6:convertWrite_cpos_LSB_f32	16	static
../app_core/chaos_sdk/convert/convert_template.c:78:3:convertReadCheck_cpos_LSB_f32	16	static
../app_core/chaos_sdk/convert/convert_template.c:90:6:convertWriteCheck_cpos_LSB_f32	16	static
../app_core/chaos_sdk/convert/convert_template.c:14:3:convertRead_LSB_f64	24	static
../app_core/chaos_sdk/convert/convert_template.c:24:6:convertWrite_LSB_f64	24	static
../app_core/chaos_sdk/convert/convert_template.c:33:3:convertReadCheck_LSB_f64	24	static
../app_core/chaos_sdk/convert/convert_template.c:49:6:convertWriteCheck_LSB_f64	24	static
../app_core/chaos_sdk/convert/convert_template.c:65:3:convertRead_cpos_LSB_f64	16	static
../app_core/chaos_sdk/convert/convert_template.c:72:6:convertWrite_cpos_LSB_f64	16	static
../app_core/chaos_sdk/convert/convert_template.c:78:3:convertReadCheck_cpos_LSB_f64	16	static
../app_core/chaos_sdk/convert/convert_template.c:90:6:convertWriteCheck_cpos_LSB_f64	16	static
../app_core/chaos_sdk/convert/convert_template.c:14:3:convertRead_LSB_f128	24	static
../app_core/chaos_sdk/convert/convert_template.c:24:6:convertWrite_LSB_f128	24	static
../app_core/chaos_sdk/convert/convert_template.c:33:3:convertReadCheck_LSB_f128	24	static
../app_core/chaos_sdk/convert/convert_template.c:49:6:convertWriteCheck_LSB_f128	24	static
../app_core/chaos_sdk/convert/convert_template.c:65:3:convertRead_cpos_LSB_f128	16	static
../app_core/chaos_sdk/convert/convert_template.c:72:6:convertWrite_cpos_LSB_f128	16	static
../app_core/chaos_sdk/convert/convert_template.c:78:3:convertReadCheck_cpos_LSB_f128	16	static
../app_core/chaos_sdk/convert/convert_template.c:90:6:convertWriteCheck_cpos_LSB_f128	16	static
../app_core/chaos_sdk/convert/convert_template.c:14:3:convertRead_LSB_reg	24	static
../app_core/chaos_sdk/convert/convert_template.c:24:6:convertWrite_LSB_reg	24	static
../app_core/chaos_sdk/convert/convert_template.c:33:3:convertReadCheck_LSB_reg	24	static
../app_core/chaos_sdk/convert/convert_template.c:49:6:convertWriteCheck_LSB_reg	24	static
../app_core/chaos_sdk/convert/convert_template.c:65:3:convertRead_cpos_LSB_reg	16	static
../app_core/chaos_sdk/convert/convert_template.c:72:6:convertWrite_cpos_LSB_reg	16	static
../app_core/chaos_sdk/convert/convert_template.c:78:3:convertReadCheck_cpos_LSB_reg	16	static
../app_core/chaos_sdk/convert/convert_template.c:90:6:convertWriteCheck_cpos_LSB_reg	16	static
../app_core/chaos_sdk/convert/convert_template.c:14:3:convertRead_LSB_sreg	24	static
../app_core/chaos_sdk/convert/convert_template.c:24:6:convertWrite_LSB_sreg	24	static
../app_core/chaos_sdk/convert/convert_template.c:33:3:convertReadCheck_LSB_sreg	24	static
../app_core/chaos_sdk/convert/convert_template.c:49:6:convertWriteCheck_LSB_sreg	24	static
../app_core/chaos_sdk/convert/convert_template.c:65:3:convertRead_cpos_LSB_sreg	16	static
../app_core/chaos_sdk/convert/convert_template.c:72:6:convertWrite_cpos_LSB_sreg	16	static
../app_core/chaos_sdk/convert/convert_template.c:78:3:convertReadCheck_cpos_LSB_sreg	16	static
../app_core/chaos_sdk/convert/convert_template.c:90:6:convertWriteCheck_cpos_LSB_sreg	16	static
../app_core/chaos_sdk/convert/convert.c:54:6:convertRead_LSB_uni	16	static
../app_core/chaos_sdk/convert/convert.c:63:6:convertWrite_LSB_uni	16	static
../app_core/chaos_sdk/convert/convert.c:75:6:convertReadCheck_LSB_uni	16	static
../app_core/chaos_sdk/convert/convert.c:89:6:convertWriteCheck_LSB_uni	16	static
../app_core/chaos_sdk/convert/convert.c:105:6:convertWrite_cpos_LSB_uni	8	static
../app_core/chaos_sdk/convert/convert.c:110:6:convertRead_cpos_LSB_uni	8	static
../app_core/chaos_sdk/convert/convert.c:116:6:convertReadCheck_cpos_LSB_uni	16	static
../app_core/chaos_sdk/convert/convert.c:126:6:convertWriteCheck_cpos_LSB_uni	16	static
../app_core/chaos_sdk/convert/convert_template.c:163:3:convertRead_cpos_MSB_u8	0	static
../app_core/chaos_sdk/convert/convert_template.c:170:6:convertWrite_cpos_MSB_u8	0	static
../app_core/chaos_sdk/convert/convert_template.c:211:5:convertTest_WRITE_READ_u8	32	static
../app_core/chaos_sdk/convert/convert_template.c:243:5:convertTest_WRITE_READ_CPOS_u8	24	static
../app_core/chaos_sdk/convert/convert_template.c:271:5:convertTest_WRITE_READ_BUFFER_CHK_u8	48	static
../app_core/chaos_sdk/convert/convert_template.c:331:5:convertTest_WRITE_READ_CPOS_BUFFER_CHK_u8	40	static
../app_core/chaos_sdk/convert/convert_template.c:396:5:convertTest_u8	40	static
../app_core/chaos_sdk/convert/convert_template.c:163:3:convertRead_cpos_MSB_u16	0	static
../app_core/chaos_sdk/convert/convert_template.c:170:6:convertWrite_cpos_MSB_u16	0	static
../app_core/chaos_sdk/convert/convert_template.c:211:5:convertTest_WRITE_READ_u16	40	static
../app_core/chaos_sdk/convert/convert_template.c:243:5:convertTest_WRITE_READ_CPOS_u16	24	static
../app_core/chaos_sdk/convert/convert_template.c:271:5:convertTest_WRITE_READ_BUFFER_CHK_u16	56	static
../app_core/chaos_sdk/convert/convert_template.c:331:5:convertTest_WRITE_READ_CPOS_BUFFER_CHK_u16	56	static
../app_core/chaos_sdk/convert/convert_template.c:396:5:convertTest_u16	40	static
../app_core/chaos_sdk/convert/convert_template.c:163:3:convertRead_cpos_MSB_u24	0	static
../app_core/chaos_sdk/convert/convert_template.c:170:6:convertWrite_cpos_MSB_u24	0	static
../app_core/chaos_sdk/convert/convert_template.c:211:5:convertTest_WRITE_READ_u24	40	static
../app_core/chaos_sdk/convert/convert_template.c:243:5:convertTest_WRITE_READ_CPOS_u24	32	static
../app_core/chaos_sdk/convert/convert_template.c:271:5:convertTest_WRITE_READ_BUFFER_CHK_u24	64	static
../app_core/chaos_sdk/convert/convert_template.c:331:5:convertTest_WRITE_READ_CPOS_BUFFER_CHK_u24	56	static
../app_core/chaos_sdk/convert/convert_template.c:396:5:convertTest_u24	40	static
../app_core/chaos_sdk/convert/convert_template.c:163:3:convertRead_cpos_MSB_u32	0	static
../app_core/chaos_sdk/convert/convert_template.c:170:6:convertWrite_cpos_MSB_u32	0	static
../app_core/chaos_sdk/convert/convert_template.c:211:5:convertTest_WRITE_READ_u32	40	static
../app_core/chaos_sdk/convert/convert_template.c:243:5:convertTest_WRITE_READ_CPOS_u32	32	static
../app_core/chaos_sdk/convert/convert_template.c:271:5:convertTest_WRITE_READ_BUFFER_CHK_u32	64	static
../app_core/chaos_sdk/convert/convert_template.c:331:5:convertTest_WRITE_READ_CPOS_BUFFER_CHK_u32	56	static
../app_core/chaos_sdk/convert/convert_template.c:396:5:convertTest_u32	40	static
../app_core/chaos_sdk/convert/convert_template.c:163:3:convertRead_cpos_MSB_u64	0	static
../app_core/chaos_sdk/convert/convert_template.c:170:6:convertWrite_cpos_MSB_u64	0	static
../app_core/chaos_sdk/convert/convert_template.c:211:5:convertTest_WRITE_READ_u64	48	static
../app_core/chaos_sdk/convert/convert_template.c:243:5:convertTest_WRITE_READ_CPOS_u64	48	static
../app_core/chaos_sdk/convert/convert_template.c:271:5:convertTest_WRITE_READ_BUFFER_CHK_u64	72	static
../app_core/chaos_sdk/convert/convert_template.c:331:5:convertTest_WRITE_READ_CPOS_BUFFER_CHK_u64	80	static
../app_core/chaos_sdk/convert/convert_template.c:396:5:convertTest_u64	48	static
../app_core/chaos_sdk/convert/convert_template.c:163:3:convertRead_cpos_MSB_c8	0	static
../app_core/chaos_sdk/convert/convert_template.c:170:6:convertWrite_cpos_MSB_c8	0	static
../app_core/chaos_sdk/convert/convert_template.c:211:5:convertTest_WRITE_READ_c8	32	static
../app_core/chaos_sdk/convert/convert_template.c:243:5:convertTest_WRITE_READ_CPOS_c8	24	static
../app_core/chaos_sdk/convert/convert_template.c:271:5:convertTest_WRITE_READ_BUFFER_CHK_c8	48	static
../app_core/chaos_sdk/convert/convert_template.c:331:5:convertTest_WRITE_READ_CPOS_BUFFER_CHK_c8	40	static
../app_core/chaos_sdk/convert/convert_template.c:396:5:convertTest_c8	40	static
../app_core/chaos_sdk/convert/convert_template.c:163:3:convertRead_cpos_MSB_i8	0	static
../app_core/chaos_sdk/convert/convert_template.c:170:6:convertWrite_cpos_MSB_i8	0	static
../app_core/chaos_sdk/convert/convert_template.c:211:5:convertTest_WRITE_READ_i8	32	static
../app_core/chaos_sdk/convert/convert_template.c:243:5:convertTest_WRITE_READ_CPOS_i8	24	static
../app_core/chaos_sdk/convert/convert_template.c:271:5:convertTest_WRITE_READ_BUFFER_CHK_i8	48	static
../app_core/chaos_sdk/convert/convert_template.c:331:5:convertTest_WRITE_READ_CPOS_BUFFER_CHK_i8	40	static
../app_core/chaos_sdk/convert/convert_template.c:396:5:convertTest_i8	40	static
../app_core/chaos_sdk/convert/convert_template.c:163:3:convertRead_cpos_MSB_i16	0	static
../app_core/chaos_sdk/convert/convert_template.c:170:6:convertWrite_cpos_MSB_i16	0	static
../app_core/chaos_sdk/convert/convert_template.c:211:5:convertTest_WRITE_READ_i16	40	static
../app_core/chaos_sdk/convert/convert_template.c:243:5:convertTest_WRITE_READ_CPOS_i16	24	static
../app_core/chaos_sdk/convert/convert_template.c:271:5:convertTest_WRITE_READ_BUFFER_CHK_i16	56	static
../app_core/chaos_sdk/convert/convert_template.c:331:5:convertTest_WRITE_READ_CPOS_BUFFER_CHK_i16	56	static
../app_core/chaos_sdk/convert/convert_template.c:396:5:convertTest_i16	40	static
../app_core/chaos_sdk/convert/convert_template.c:163:3:convertRead_cpos_MSB_i24	0	static
../app_core/chaos_sdk/convert/convert_template.c:170:6:convertWrite_cpos_MSB_i24	0	static
../app_core/chaos_sdk/convert/convert_template.c:211:5:convertTest_WRITE_READ_i24	40	static
../app_core/chaos_sdk/convert/convert_template.c:243:5:convertTest_WRITE_READ_CPOS_i24	32	static
../app_core/chaos_sdk/convert/convert_template.c:271:5:convertTest_WRITE_READ_BUFFER_CHK_i24	64	static
../app_core/chaos_sdk/convert/convert_template.c:331:5:convertTest_WRITE_READ_CPOS_BUFFER_CHK_i24	56	static
../app_core/chaos_sdk/convert/convert_template.c:396:5:convertTest_i24	40	static
../app_core/chaos_sdk/convert/convert_template.c:163:3:convertRead_cpos_MSB_i32	0	static
../app_core/chaos_sdk/convert/convert_template.c:170:6:convertWrite_cpos_MSB_i32	0	static
../app_core/chaos_sdk/convert/convert_template.c:211:5:convertTest_WRITE_READ_i32	40	static
../app_core/chaos_sdk/convert/convert_template.c:243:5:convertTest_WRITE_READ_CPOS_i32	32	static
../app_core/chaos_sdk/convert/convert_template.c:271:5:convertTest_WRITE_READ_BUFFER_CHK_i32	64	static
../app_core/chaos_sdk/convert/convert_template.c:331:5:convertTest_WRITE_READ_CPOS_BUFFER_CHK_i32	56	static
../app_core/chaos_sdk/convert/convert_template.c:396:5:convertTest_i32	40	static
../app_core/chaos_sdk/convert/convert_template.c:163:3:convertRead_cpos_MSB_i64	0	static
../app_core/chaos_sdk/convert/convert_template.c:170:6:convertWrite_cpos_MSB_i64	0	static
../app_core/chaos_sdk/convert/convert_template.c:211:5:convertTest_WRITE_READ_i64	48	static
../app_core/chaos_sdk/convert/convert_template.c:243:5:convertTest_WRITE_READ_CPOS_i64	48	static
../app_core/chaos_sdk/convert/convert_template.c:271:5:convertTest_WRITE_READ_BUFFER_CHK_i64	72	static
../app_core/chaos_sdk/convert/convert_template.c:331:5:convertTest_WRITE_READ_CPOS_BUFFER_CHK_i64	80	static
../app_core/chaos_sdk/convert/convert_template.c:396:5:convertTest_i64	48	static
../app_core/chaos_sdk/convert/convert_template.c:163:3:convertRead_cpos_MSB_f32	0	static
../app_core/chaos_sdk/convert/convert_template.c:170:6:convertWrite_cpos_MSB_f32	0	static
../app_core/chaos_sdk/convert/convert_template.c:211:5:convertTest_WRITE_READ_f32	40	static
../app_core/chaos_sdk/convert/convert_template.c:243:5:convertTest_WRITE_READ_CPOS_f32	32	static
../app_core/chaos_sdk/convert/convert_template.c:271:5:convertTest_WRITE_READ_BUFFER_CHK_f32	64	static
../app_core/chaos_sdk/convert/convert_template.c:331:5:convertTest_WRITE_READ_CPOS_BUFFER_CHK_f32	56	static
../app_core/chaos_sdk/convert/convert_template.c:396:5:convertTest_f32	40	static
../app_core/chaos_sdk/convert/convert_template.c:163:3:convertRead_cpos_MSB_f64	0	static
../app_core/chaos_sdk/convert/convert_template.c:170:6:convertWrite_cpos_MSB_f64	8	static
../app_core/chaos_sdk/convert/convert_template.c:211:5:convertTest_WRITE_READ_f64	48	static
../app_core/chaos_sdk/convert/convert_template.c:243:5:convertTest_WRITE_READ_CPOS_f64	48	static
../app_core/chaos_sdk/convert/convert_template.c:271:5:convertTest_WRITE_READ_BUFFER_CHK_f64	72	static
../app_core/chaos_sdk/convert/convert_template.c:331:5:convertTest_WRITE_READ_CPOS_BUFFER_CHK_f64	72	static
../app_core/chaos_sdk/convert/convert_template.c:396:5:convertTest_f64	48	static
../app_core/chaos_sdk/convert/convert_template.c:163:3:convertRead_cpos_MSB_f128	0	static
../app_core/chaos_sdk/convert/convert_template.c:170:6:convertWrite_cpos_MSB_f128	8	static
../app_core/chaos_sdk/convert/convert_template.c:211:5:convertTest_WRITE_READ_f128	48	static
../app_core/chaos_sdk/convert/convert_template.c:243:5:convertTest_WRITE_READ_CPOS_f128	48	static
../app_core/chaos_sdk/convert/convert_template.c:271:5:convertTest_WRITE_READ_BUFFER_CHK_f128	72	static
../app_core/chaos_sdk/convert/convert_template.c:331:5:convertTest_WRITE_READ_CPOS_BUFFER_CHK_f128	72	static
../app_core/chaos_sdk/convert/convert_template.c:396:5:convertTest_f128	48	static
../app_core/chaos_sdk/convert/convert_template.c:163:3:convertRead_cpos_MSB_b	0	static
../app_core/chaos_sdk/convert/convert_template.c:170:6:convertWrite_cpos_MSB_b	0	static
../app_core/chaos_sdk/convert/convert_template.c:211:5:convertTest_WRITE_READ_b	32	static
../app_core/chaos_sdk/convert/convert_template.c:243:5:convertTest_WRITE_READ_CPOS_b	24	static
../app_core/chaos_sdk/convert/convert_template.c:271:5:convertTest_WRITE_READ_BUFFER_CHK_b	48	static
../app_core/chaos_sdk/convert/convert_template.c:331:5:convertTest_WRITE_READ_CPOS_BUFFER_CHK_b	40	static
../app_core/chaos_sdk/convert/convert_template.c:396:5:convertTest_b	16	static
../app_core/chaos_sdk/convert/convert_template.c:163:3:convertRead_cpos_MSB_reg	0	static
../app_core/chaos_sdk/convert/convert_template.c:170:6:convertWrite_cpos_MSB_reg	0	static
../app_core/chaos_sdk/convert/convert_template.c:211:5:convertTest_WRITE_READ_reg	40	static
../app_core/chaos_sdk/convert/convert_template.c:243:5:convertTest_WRITE_READ_CPOS_reg	32	static
../app_core/chaos_sdk/convert/convert_template.c:271:5:convertTest_WRITE_READ_BUFFER_CHK_reg	64	static
../app_core/chaos_sdk/convert/convert_template.c:331:5:convertTest_WRITE_READ_CPOS_BUFFER_CHK_reg	56	static
../app_core/chaos_sdk/convert/convert_template.c:396:5:convertTest_reg	40	static
../app_core/chaos_sdk/convert/convert_template.c:163:3:convertRead_cpos_MSB_sreg	0	static
../app_core/chaos_sdk/convert/convert_template.c:170:6:convertWrite_cpos_MSB_sreg	0	static
../app_core/chaos_sdk/convert/convert_template.c:211:5:convertTest_WRITE_READ_sreg	40	static
../app_core/chaos_sdk/convert/convert_template.c:243:5:convertTest_WRITE_READ_CPOS_sreg	32	static
../app_core/chaos_sdk/convert/convert_template.c:271:5:convertTest_WRITE_READ_BUFFER_CHK_sreg	64	static
../app_core/chaos_sdk/convert/convert_template.c:331:5:convertTest_WRITE_READ_CPOS_BUFFER_CHK_sreg	56	static
../app_core/chaos_sdk/convert/convert_template.c:396:5:convertTest_sreg	40	static
../app_core/chaos_sdk/convert/convert.c:192:6:convertRead_cpos_MSB_uni	8	static
../app_core/chaos_sdk/convert/convert.c:197:6:convertWrite_cpos_MSB_uni	8	static
../app_core/chaos_sdk/convert/convert.c:239:5:convertTest_WRITE_READ_uni	56	static
../app_core/chaos_sdk/convert/convert.c:271:5:convertTest_WRITE_READ_CPOS_uni	56	static
../app_core/chaos_sdk/convert/convert.c:299:5:convertTest_WRITE_READ_BUFFER_CHK_uni	80	static
../app_core/chaos_sdk/convert/convert.c:359:5:convertTest_WRITE_READ_CPOS_BUFFER_CHK_uni	72	static
../app_core/chaos_sdk/convert/convert.c:480:5:convertTest	168	static
