../app_core/chaos_pp/KBus/RawParserDynamic.cpp:30:6:bool RawParserDynamic::init(const Init&)	24	static
../app_core/chaos_pp/KBus/RawParserDynamic.cpp:54:6:void RawParserDynamic::setSender(sender_t)	40	static
../app_core/chaos_pp/KBus/RawParserDynamic.cpp:64:6:bool RawParserDynamic::writeTo(void*)	8	static
../app_core/chaos_pp/KBus/RawParserDynamic.cpp:225:6:bool RawParserDynamic::newPack(u16)	32	static
../app_core/chaos_pp/KBus/RawParserDynamic.cpp:266:11:RingBuff& RawParserDynamic::endPack()	40	static
../app_core/chaos_pp/KBus/RawParserDynamic.cpp:297:17:bool RawParserDynamic::addTx(T) [with T = unsigned char]	24	static
C:\ST\STM32CubeIDE_1.15.0\STM32CubeIDE\plugins\com.st.stm32cube.ide.mcu.externaltools.gnu-tools-for-stm32.12.3.rel1.win32_1.0.100.202403111256\tools\bin/../lib/gcc/arm-none-eabi/12.3.1/../../../../arm-none-eabi/include/c++/12.3.1/bits/stl_tree.h:2530:5:std::_Rb_tree<_Key, _Val, _KeyOfValue, _Compare, _Alloc>::iterator std::_Rb_tree<_Key, _Val, _KeyOfValue, _Compare, _Alloc>::find(const _Key&) [with _Key = unsigned char; _Val = std::pair<const unsigned char, std::function<void(RingBuff&, unsigned char)> >; _KeyOfValue = std::_Select1st<std::pair<const unsigned char, std::function<void(RingBuff&, unsigned char)> > >; _Compare = std::less<unsigned char>; _Alloc = std::allocator<std::pair<const unsigned char, std::function<void(RingBuff&, unsigned char)> > >]	8	static
../app_core/chaos_pp/KBus/RawParserDynamic.cpp:74:6:void RawParserDynamic::_proceedByte(u8, bool)	32	static
../app_core/chaos_pp/KBus/RawParserDynamic.cpp:193:6:void RawParserDynamic::proceed(u32)	40	static
C:\ST\STM32CubeIDE_1.15.0\STM32CubeIDE\plugins\com.st.stm32cube.ide.mcu.externaltools.gnu-tools-for-stm32.12.3.rel1.win32_1.0.100.202403111256\tools\bin/../lib/gcc/arm-none-eabi/12.3.1/../../../../arm-none-eabi/include/c++/12.3.1/bits/stl_tree.h:1931:5:void std::_Rb_tree<_Key, _Val, _KeyOfValue, _Compare, _Alloc>::_M_erase(_Link_type) [with _Key = unsigned char; _Val = std::pair<const unsigned char, std::function<void(RingBuff&, unsigned char)> >; _KeyOfValue = std::_Select1st<std::pair<const unsigned char, std::function<void(RingBuff&, unsigned char)> > >; _Compare = std::less<unsigned char>; _Alloc = std::allocator<std::pair<const unsigned char, std::function<void(RingBuff&, unsigned char)> > >]	16	static
C:\ST\STM32CubeIDE_1.15.0\STM32CubeIDE\plugins\com.st.stm32cube.ide.mcu.externaltools.gnu-tools-for-stm32.12.3.rel1.win32_1.0.100.202403111256\tools\bin/../lib/gcc/arm-none-eabi/12.3.1/../../../../arm-none-eabi/include/c++/12.3.1/bits/stl_tree.h:2109:5:std::pair<std::_Rb_tree_node_base*, std::_Rb_tree_node_base*> std::_Rb_tree<_Key, _Val, _KeyOfValue, _Compare, _Alloc>::_M_get_insert_unique_pos(const key_type&) [with _Key = unsigned char; _Val = std::pair<const unsigned char, std::function<void(RingBuff&, unsigned char)> >; _KeyOfValue = std::_Select1st<std::pair<const unsigned char, std::function<void(RingBuff&, unsigned char)> > >; _Compare = std::less<unsigned char>; _Alloc = std::allocator<std::pair<const unsigned char, std::function<void(RingBuff&, unsigned char)> > >]	24	static
C:\ST\STM32CubeIDE_1.15.0\STM32CubeIDE\plugins\com.st.stm32cube.ide.mcu.externaltools.gnu-tools-for-stm32.12.3.rel1.win32_1.0.100.202403111256\tools\bin/../lib/gcc/arm-none-eabi/12.3.1/../../../../arm-none-eabi/include/c++/12.3.1/bits/stl_tree.h:2459:7:) [with _Args = {const std::piecewise_construct_t&, std::tuple<const unsigned char&>, std::tuple<>}; _Key = unsigned char; _Val = std::pair<const unsigned char, std::function<void(RingBuff&, unsigned char)> >; _KeyOfValue = std::_Select1st<std::pair<const unsigned char, std::function<void(RingBuff&, unsigned char)> > >; _Compare = std::less<unsigned char>; _Alloc = std::allocator<std::pair<const unsigned char, std::function<void(RingBuff&, unsigned char)> > >]	48	static
../app_core/chaos_pp/KBus/RawParserDynamic.cpp:59:6:void RawParserDynamic::subscribe(u8, receiver_t)	64	static
../app_core/chaos_pp/KBus/RawParserDynamic.cpp:11:1:RawParserDynamic::~RawParserDynamic()	16	static
