../app_core/stm32_tools/adc/Stm32ADCdma.cpp:33:6:bool Stm32ADC_dma::start()	8	static
../app_core/stm32_tools/adc/Stm32ADCdma.cpp:44:6:bool Stm32ADC_dma::proceed(u32)	16	static
../app_core/stm32_tools/adc/Stm32ADCdma.cpp:66:6:void HAL_ADC_ConvCpltCallback(ADC_HandleTypeDef*)	8	static
C:\ST\STM32CubeIDE_1.15.0\STM32CubeIDE\plugins\com.st.stm32cube.ide.mcu.externaltools.gnu-tools-for-stm32.12.3.rel1.win32_1.0.100.202403111256\tools\bin/../lib/gcc/arm-none-eabi/12.3.1/../../../../arm-none-eabi/include/c++/12.3.1/bits/vector.tcc:439:7:) [with _Args = {Stm32ADC_dma*}; _Tp = Stm32ADC_dma*; _Alloc = std::allocator<Stm32ADC_dma*>]	40	static
../app_core/stm32_tools/adc/Stm32ADCdma.cpp:21:6:void Stm32ADC_dma::init(const Init&)	24	static
../app_core/stm32_tools/adc/Stm32ADCdma.cpp:72:1:cpp)	0	static
../app_core/stm32_tools/adc/Stm32ADCdma.cpp:72:1:cpp)	8	static
../app_core/stm32_tools/adc/Stm32ADCdma.cpp:15:1:Stm32ADC_dma::~Stm32ADC_dma()	8	static
