../app_core/chaos_sdk/my_ctype/runtime_cast/runtime_cast_template.c:12:3:readRuntimeCast_u8	16	static
../app_core/chaos_sdk/my_ctype/runtime_cast/runtime_cast_template.c:63:5:writeRuntimeCast_u8	16	static
../app_core/chaos_sdk/my_ctype/runtime_cast/runtime_cast_template.c:12:3:readRuntimeCast_u16	16	static
../app_core/chaos_sdk/my_ctype/runtime_cast/runtime_cast_template.c:63:5:writeRuntimeCast_u16	16	static
../app_core/chaos_sdk/my_ctype/runtime_cast/runtime_cast_template.c:12:3:readRuntimeCast_u24	16	static
../app_core/chaos_sdk/my_ctype/runtime_cast/runtime_cast_template.c:63:5:writeRuntimeCast_u24	16	static
../app_core/chaos_sdk/my_ctype/runtime_cast/runtime_cast_template.c:12:3:readRuntimeCast_u32	16	static
../app_core/chaos_sdk/my_ctype/runtime_cast/runtime_cast_template.c:63:5:writeRuntimeCast_u32	16	static
../app_core/chaos_sdk/my_ctype/runtime_cast/runtime_cast_template.c:12:3:readRuntimeCast_u64	16	static
../app_core/chaos_sdk/my_ctype/runtime_cast/runtime_cast_template.c:63:5:writeRuntimeCast_u64	24	static
../app_core/chaos_sdk/my_ctype/runtime_cast/runtime_cast_template.c:12:3:readRuntimeCast_c8	16	static
../app_core/chaos_sdk/my_ctype/runtime_cast/runtime_cast_template.c:63:5:writeRuntimeCast_c8	16	static
../app_core/chaos_sdk/my_ctype/runtime_cast/runtime_cast_template.c:12:3:readRuntimeCast_i8	16	static
../app_core/chaos_sdk/my_ctype/runtime_cast/runtime_cast_template.c:63:5:writeRuntimeCast_i8	16	static
../app_core/chaos_sdk/my_ctype/runtime_cast/runtime_cast_template.c:12:3:readRuntimeCast_i16	16	static
../app_core/chaos_sdk/my_ctype/runtime_cast/runtime_cast_template.c:63:5:writeRuntimeCast_i16	16	static
../app_core/chaos_sdk/my_ctype/runtime_cast/runtime_cast_template.c:12:3:readRuntimeCast_i24	16	static
../app_core/chaos_sdk/my_ctype/runtime_cast/runtime_cast_template.c:63:5:writeRuntimeCast_i24	16	static
../app_core/chaos_sdk/my_ctype/runtime_cast/runtime_cast_template.c:12:3:readRuntimeCast_i32	16	static
../app_core/chaos_sdk/my_ctype/runtime_cast/runtime_cast_template.c:63:5:writeRuntimeCast_i32	16	static
../app_core/chaos_sdk/my_ctype/runtime_cast/runtime_cast_template.c:12:3:readRuntimeCast_i64	16	static
../app_core/chaos_sdk/my_ctype/runtime_cast/runtime_cast_template.c:63:5:writeRuntimeCast_i64	24	static
../app_core/chaos_sdk/my_ctype/runtime_cast/runtime_cast_template.c:12:3:readRuntimeCast_f32	16	static
../app_core/chaos_sdk/my_ctype/runtime_cast/runtime_cast_template.c:63:5:writeRuntimeCast_f32	24	static
../app_core/chaos_sdk/my_ctype/runtime_cast/runtime_cast_template.c:12:3:readRuntimeCast_f64	16	static
../app_core/chaos_sdk/my_ctype/runtime_cast/runtime_cast_template.c:63:5:writeRuntimeCast_f64	24	static
../app_core/chaos_sdk/my_ctype/runtime_cast/runtime_cast_template.c:12:3:readRuntimeCast_f128	16	static
../app_core/chaos_sdk/my_ctype/runtime_cast/runtime_cast_template.c:63:5:writeRuntimeCast_f128	24	static
../app_core/chaos_sdk/my_ctype/runtime_cast/runtime_cast_template.c:12:3:readRuntimeCast_b	16	static
../app_core/chaos_sdk/my_ctype/runtime_cast/runtime_cast_template.c:63:5:writeRuntimeCast_b	16	static
../app_core/chaos_sdk/my_ctype/runtime_cast/runtime_cast_template.c:12:3:readRuntimeCast_reg	16	static
../app_core/chaos_sdk/my_ctype/runtime_cast/runtime_cast_template.c:63:5:writeRuntimeCast_reg	16	static
../app_core/chaos_sdk/my_ctype/runtime_cast/runtime_cast_template.c:12:3:readRuntimeCast_sreg	16	static
../app_core/chaos_sdk/my_ctype/runtime_cast/runtime_cast_template.c:63:5:writeRuntimeCast_sreg	16	static
