../app_core/chaos_pp/crc/CrcBase.cpp:13:1:CrcBase::CrcBase(u8)	16	static
../app_core/chaos_pp/crc/CrcBase.cpp:20:1:CrcBase::CrcBase(const CrcBase&)	16	static
../app_core/chaos_pp/crc/CrcBase.cpp:28:1:CrcBase::~CrcBase()	8	static
../app_core/chaos_pp/crc/CrcBase.cpp:34:6:bool CrcBase::operator==(const CrcBase&) const	8	static
../app_core/chaos_pp/crc/CrcBase.cpp:44:4:u8 CrcBase::at(reg)	0	static
../app_core/chaos_pp/crc/CrcBase.cpp:52:6:void CrcBase::put(reg, u8)	0	static
../app_core/chaos_pp/crc/CrcBase.cpp:58:5:u8& CrcBase::operator[](reg)	0	static
../app_core/chaos_pp/crc/CrcBase.cpp:63:11:const u8& CrcBase::operator[](reg) const	0	static
