../app_core/chaos_sdk/callback_container/callback_container.c:87:1:newCallbackContainerUser_void_p1	16	static
../app_core/chaos_sdk/callback_container/callback_container.c:87:1:newCallbackContainerHeap_void_p1	24	static
../app_core/chaos_sdk/callback_container/callback_container.c:87:1:initCallbackContainerUser_void_p1	0	static
../app_core/chaos_sdk/callback_container/callback_container.c:87:1:initCallbackContainerHeap_void_p1	16	static
../app_core/chaos_sdk/callback_container/callback_container.c:87:1:callbackContainerCall_void_p1	8	static
../app_core/chaos_sdk/callback_container/callback_container.c:88:1:newCallbackContainerUser_u8_p1	16	static
../app_core/chaos_sdk/callback_container/callback_container.c:88:1:newCallbackContainerHeap_u8_p1	24	static
../app_core/chaos_sdk/callback_container/callback_container.c:88:1:initCallbackContainerUser_u8_p1	0	static
../app_core/chaos_sdk/callback_container/callback_container.c:88:1:initCallbackContainerHeap_u8_p1	16	static
../app_core/chaos_sdk/callback_container/callback_container.c:88:1:callbackContainerCall_u8_p1	8	static
../app_core/chaos_sdk/callback_container/callback_container.c:89:1:newCallbackContainerUser_u16_p1	16	static
../app_core/chaos_sdk/callback_container/callback_container.c:89:1:newCallbackContainerHeap_u16_p1	24	static
../app_core/chaos_sdk/callback_container/callback_container.c:89:1:initCallbackContainerUser_u16_p1	0	static
../app_core/chaos_sdk/callback_container/callback_container.c:89:1:initCallbackContainerHeap_u16_p1	16	static
../app_core/chaos_sdk/callback_container/callback_container.c:89:1:callbackContainerCall_u16_p1	8	static
../app_core/chaos_sdk/callback_container/callback_container.c:90:1:newCallbackContainerUser_u24_p1	16	static
../app_core/chaos_sdk/callback_container/callback_container.c:90:1:newCallbackContainerHeap_u24_p1	24	static
../app_core/chaos_sdk/callback_container/callback_container.c:90:1:initCallbackContainerUser_u24_p1	0	static
../app_core/chaos_sdk/callback_container/callback_container.c:90:1:initCallbackContainerHeap_u24_p1	16	static
../app_core/chaos_sdk/callback_container/callback_container.c:90:1:callbackContainerCall_u24_p1	8	static
../app_core/chaos_sdk/callback_container/callback_container.c:91:1:newCallbackContainerUser_u32_p1	16	static
../app_core/chaos_sdk/callback_container/callback_container.c:91:1:newCallbackContainerHeap_u32_p1	24	static
../app_core/chaos_sdk/callback_container/callback_container.c:91:1:initCallbackContainerUser_u32_p1	0	static
../app_core/chaos_sdk/callback_container/callback_container.c:91:1:initCallbackContainerHeap_u32_p1	16	static
../app_core/chaos_sdk/callback_container/callback_container.c:91:1:callbackContainerCall_u32_p1	8	static
../app_core/chaos_sdk/callback_container/callback_container.c:92:1:newCallbackContainerUser_u64_p1	16	static
../app_core/chaos_sdk/callback_container/callback_container.c:92:1:newCallbackContainerHeap_u64_p1	24	static
../app_core/chaos_sdk/callback_container/callback_container.c:92:1:initCallbackContainerUser_u64_p1	0	static
../app_core/chaos_sdk/callback_container/callback_container.c:92:1:initCallbackContainerHeap_u64_p1	16	static
../app_core/chaos_sdk/callback_container/callback_container.c:92:1:callbackContainerCall_u64_p1	8	static
../app_core/chaos_sdk/callback_container/callback_container.c:94:1:newCallbackContainerUser_c8_p1	16	static
../app_core/chaos_sdk/callback_container/callback_container.c:94:1:newCallbackContainerHeap_c8_p1	24	static
../app_core/chaos_sdk/callback_container/callback_container.c:94:1:initCallbackContainerUser_c8_p1	0	static
../app_core/chaos_sdk/callback_container/callback_container.c:94:1:initCallbackContainerHeap_c8_p1	16	static
../app_core/chaos_sdk/callback_container/callback_container.c:94:1:callbackContainerCall_c8_p1	8	static
../app_core/chaos_sdk/callback_container/callback_container.c:95:1:newCallbackContainerUser_i8_p1	16	static
../app_core/chaos_sdk/callback_container/callback_container.c:95:1:newCallbackContainerHeap_i8_p1	24	static
../app_core/chaos_sdk/callback_container/callback_container.c:95:1:initCallbackContainerUser_i8_p1	0	static
../app_core/chaos_sdk/callback_container/callback_container.c:95:1:initCallbackContainerHeap_i8_p1	16	static
../app_core/chaos_sdk/callback_container/callback_container.c:95:1:callbackContainerCall_i8_p1	8	static
../app_core/chaos_sdk/callback_container/callback_container.c:96:1:newCallbackContainerUser_i16_p1	16	static
../app_core/chaos_sdk/callback_container/callback_container.c:96:1:newCallbackContainerHeap_i16_p1	24	static
../app_core/chaos_sdk/callback_container/callback_container.c:96:1:initCallbackContainerUser_i16_p1	0	static
../app_core/chaos_sdk/callback_container/callback_container.c:96:1:initCallbackContainerHeap_i16_p1	16	static
../app_core/chaos_sdk/callback_container/callback_container.c:96:1:callbackContainerCall_i16_p1	8	static
../app_core/chaos_sdk/callback_container/callback_container.c:97:1:newCallbackContainerUser_i24_p1	16	static
../app_core/chaos_sdk/callback_container/callback_container.c:97:1:newCallbackContainerHeap_i24_p1	24	static
../app_core/chaos_sdk/callback_container/callback_container.c:97:1:initCallbackContainerUser_i24_p1	0	static
../app_core/chaos_sdk/callback_container/callback_container.c:97:1:initCallbackContainerHeap_i24_p1	16	static
../app_core/chaos_sdk/callback_container/callback_container.c:97:1:callbackContainerCall_i24_p1	8	static
../app_core/chaos_sdk/callback_container/callback_container.c:98:1:newCallbackContainerUser_i32_p1	16	static
../app_core/chaos_sdk/callback_container/callback_container.c:98:1:newCallbackContainerHeap_i32_p1	24	static
../app_core/chaos_sdk/callback_container/callback_container.c:98:1:initCallbackContainerUser_i32_p1	0	static
../app_core/chaos_sdk/callback_container/callback_container.c:98:1:initCallbackContainerHeap_i32_p1	16	static
../app_core/chaos_sdk/callback_container/callback_container.c:98:1:callbackContainerCall_i32_p1	8	static
../app_core/chaos_sdk/callback_container/callback_container.c:99:1:newCallbackContainerUser_i64_p1	16	static
../app_core/chaos_sdk/callback_container/callback_container.c:99:1:newCallbackContainerHeap_i64_p1	24	static
../app_core/chaos_sdk/callback_container/callback_container.c:99:1:initCallbackContainerUser_i64_p1	0	static
../app_core/chaos_sdk/callback_container/callback_container.c:99:1:initCallbackContainerHeap_i64_p1	16	static
../app_core/chaos_sdk/callback_container/callback_container.c:99:1:callbackContainerCall_i64_p1	8	static
../app_core/chaos_sdk/callback_container/callback_container.c:101:1:newCallbackContainerUser_f32_p1	16	static
../app_core/chaos_sdk/callback_container/callback_container.c:101:1:newCallbackContainerHeap_f32_p1	24	static
../app_core/chaos_sdk/callback_container/callback_container.c:101:1:initCallbackContainerUser_f32_p1	0	static
../app_core/chaos_sdk/callback_container/callback_container.c:101:1:initCallbackContainerHeap_f32_p1	16	static
../app_core/chaos_sdk/callback_container/callback_container.c:101:1:callbackContainerCall_f32_p1	8	static
../app_core/chaos_sdk/callback_container/callback_container.c:102:1:newCallbackContainerUser_f64_p1	16	static
../app_core/chaos_sdk/callback_container/callback_container.c:102:1:newCallbackContainerHeap_f64_p1	24	static
../app_core/chaos_sdk/callback_container/callback_container.c:102:1:initCallbackContainerUser_f64_p1	0	static
../app_core/chaos_sdk/callback_container/callback_container.c:102:1:initCallbackContainerHeap_f64_p1	16	static
../app_core/chaos_sdk/callback_container/callback_container.c:102:1:callbackContainerCall_f64_p1	8	static
../app_core/chaos_sdk/callback_container/callback_container.c:103:1:newCallbackContainerUser_f128_p1	16	static
../app_core/chaos_sdk/callback_container/callback_container.c:103:1:newCallbackContainerHeap_f128_p1	24	static
../app_core/chaos_sdk/callback_container/callback_container.c:103:1:initCallbackContainerUser_f128_p1	0	static
../app_core/chaos_sdk/callback_container/callback_container.c:103:1:initCallbackContainerHeap_f128_p1	16	static
../app_core/chaos_sdk/callback_container/callback_container.c:103:1:callbackContainerCall_f128_p1	8	static
../app_core/chaos_sdk/callback_container/callback_container.c:105:1:newCallbackContainerUser_b_p1	16	static
../app_core/chaos_sdk/callback_container/callback_container.c:105:1:newCallbackContainerHeap_b_p1	24	static
../app_core/chaos_sdk/callback_container/callback_container.c:105:1:initCallbackContainerUser_b_p1	0	static
../app_core/chaos_sdk/callback_container/callback_container.c:105:1:initCallbackContainerHeap_b_p1	16	static
../app_core/chaos_sdk/callback_container/callback_container.c:105:1:callbackContainerCall_b_p1	8	static
../app_core/chaos_sdk/callback_container/callback_container.c:106:1:newCallbackContainerUser_reg_p1	16	static
../app_core/chaos_sdk/callback_container/callback_container.c:106:1:newCallbackContainerHeap_reg_p1	24	static
../app_core/chaos_sdk/callback_container/callback_container.c:106:1:initCallbackContainerUser_reg_p1	0	static
../app_core/chaos_sdk/callback_container/callback_container.c:106:1:initCallbackContainerHeap_reg_p1	16	static
../app_core/chaos_sdk/callback_container/callback_container.c:106:1:callbackContainerCall_reg_p1	8	static
../app_core/chaos_sdk/callback_container/callback_container.c:107:1:newCallbackContainerUser_sreg_p1	16	static
../app_core/chaos_sdk/callback_container/callback_container.c:107:1:newCallbackContainerHeap_sreg_p1	24	static
../app_core/chaos_sdk/callback_container/callback_container.c:107:1:initCallbackContainerUser_sreg_p1	0	static
../app_core/chaos_sdk/callback_container/callback_container.c:107:1:initCallbackContainerHeap_sreg_p1	16	static
../app_core/chaos_sdk/callback_container/callback_container.c:107:1:callbackContainerCall_sreg_p1	8	static
