../app_core/chaos_sdk/crc/crc32.c:13:6:crc32b_init_base	0	static
../app_core/chaos_sdk/crc/crc32.c:65:5:fast_crc32b_array	16	static
../app_core/chaos_sdk/crc/crc32.c:73:5:fast_crc32b_byte	0	static
../app_core/chaos_sdk/crc/crc32.c:80:6:fast_crc32b_array_base	20	static
../app_core/chaos_sdk/crc/crc32.c:88:6:fast_crc32b_byte_base	8	static
../app_core/chaos_sdk/crc/crc32.c:118:5:slow_crc32b_array	16	static
../app_core/chaos_sdk/crc/crc32.c:126:5:slow_crc32b_byte	0	static
../app_core/chaos_sdk/crc/crc32.c:134:6:slow_crc32b_array_base	20	static
../app_core/chaos_sdk/crc/crc32.c:142:6:slow_crc32b_byte_base	8	static
../app_core/chaos_sdk/crc/crc32.c:160:5:crc32_test	48	static
