../app_core/tools/debug/printf/printf.c:210:20:_out_buffer	0	static
../app_core/tools/debug/printf/printf.c:219:20:_out_null	0	static
../app_core/tools/debug/printf/printf.c:236:20:_out_fct	8	static
../app_core/tools/debug/printf/printf.c:276:15:_out_rev	48	static
../app_core/tools/debug/printf/printf.c:374:15:print_integer	88	static
../app_core/tools/debug/printf/printf.c:226:20:_out_char	8	static
../app_core/tools/debug/printf/printf.c:808:12:_vsnprintf	160	static
../app_core/tools/debug/printf/printf.c:467:8:apply_scaling	8	static
../app_core/tools/debug/printf/printf.c:472:8:unapply_scaling	8	static
../app_core/tools/debug/printf/printf.c:477:23:update_normalization	16	static
../app_core/tools/debug/printf/printf.c:1089:5:printf_	24	static
../app_core/tools/debug/printf/printf.c:1100:5:sprintf_	20	static
../app_core/tools/debug/printf/printf.c:1110:5:snprintf_	24	static
../app_core/tools/debug/printf/printf.c:1120:5:vprintf_	24	static
../app_core/tools/debug/printf/printf.c:1126:5:vsprintf_	16	static
../app_core/tools/debug/printf/printf.c:1131:5:vsnprintf_	16	static
../app_core/tools/debug/printf/printf.c:1146:5:vfctprintf	24	static
../app_core/tools/debug/printf/printf.c:1137:5:fctprintf	16	static
